
****** Vitis HLS - High-Level Synthesis from C, C++ and OpenCL v2022.1 (64-bit)
  **** SW Build 3526262 on Mon Apr 18 15:47:01 MDT 2022
  **** IP Build 3524634 on Mon Apr 18 20:55:01 MDT 2022
    ** Copyright 1986-2022 Xilinx, Inc. All Rights Reserved.

source /data/home/songqiangxu/Xilinx/2022.1/Vitis_HLS/2022.1/scripts/vitis_hls/hls.tcl -notrace
INFO: [HLS 200-10] Running '/data/home/songqiangxu/Xilinx/2022.1/Vitis_HLS/2022.1/bin/unwrapped/lnx64.o/vitis_hls'
INFO: [HLS 200-10] For user 'songqiangxu' on host 'dell-Precision-7920-Tower' (Linux_x86_64 version 5.15.0-139-generic) on Tue May 05 16:08:26 CST 2026
INFO: [HLS 200-10] On os Ubuntu 20.04.6 LTS
INFO: [HLS 200-10] In directory '/data/home/songqiangxu/project/CNN/instances_tp8_syn_kv260/proj_GELU'
WARNING: [HLS 200-40] Environment variable 'CPLUS_INCLUDE_PATH' is set to /data/home/songqiangxu/project/CNN.
Sourcing Tcl script 'run.tcl'
INFO: [HLS 200-1510] Running: open_project work 
INFO: [HLS 200-10] Creating and opening project '/data/home/songqiangxu/project/CNN/instances_tp8_syn_kv260/proj_GELU/work'.
INFO: [HLS 200-1510] Running: add_files case/GELU.cpp 
INFO: [HLS 200-10] Adding design file 'case/GELU.cpp' to the project
INFO: [HLS 200-1510] Running: add_files -tb case/GELU.cpp 
INFO: [HLS 200-10] Adding test bench file 'case/GELU.cpp' to the project
INFO: [HLS 200-1510] Running: open_solution solution 
INFO: [HLS 200-10] Creating and opening solution '/data/home/songqiangxu/project/CNN/instances_tp8_syn_kv260/proj_GELU/work/solution'.
INFO: [HLS 200-1505] Using default flow_target 'vivado'
Resolution: For help on HLS 200-1505 see www.xilinx.com/cgi-bin/docs/rdoc?v=2022.1;t=hls+guidance;d=200-1505.html
INFO: [HLS 200-435] Setting 'open_solution -flow_target vivado' configuration: config_interface -m_axi_latency=0
INFO: [HLS 200-1510] Running: set_part xc7k325tffg900-2 
INFO: [HLS 200-1611] Setting target device to 'xc7k325t-ffg900-2'
INFO: [HLS 200-1510] Running: set_top top 
INFO: [HLS 200-1510] Running: create_clock -period 2.5 
INFO: [SYN 201-201] Setting up clock 'default' with a period of 2.5ns.
INFO: [HLS 200-1510] Running: config_export -format ip_catalog -rtl verilog -vivado_clock 2.5 -vivado_phys_opt none 
INFO: [HLS 200-1510] Running: config_compile -pipeline_style flp 
INFO: [HLS 200-1510] Running: csynth_design 
INFO: [HLS 200-111] Finished File checks and directory preparation: CPU user time: 0.01 seconds. CPU system time: 0 seconds. Elapsed time: 0 seconds; current allocated memory: 1.459 GB.
INFO: [HLS 200-10] Analyzing design file 'case/GELU.cpp' ... 
INFO: [HLS 200-111] Finished Source Code Analysis and Preprocessing: CPU user time: 144.33 seconds. CPU system time: 5.46 seconds. Elapsed time: 148.82 seconds; current allocated memory: 461.379 MB.
INFO: [HLS 200-777] Using interface defaults for 'Vivado' flow target.
INFO: [HLS 214-131] Inlining function 'hls::vector<ap_uint<8>, 410ul>::pragma() const' into 'hls::vector<ap_uint<8>, 410ul>::operator[](unsigned long)' (/data/home/songqiangxu/Xilinx/2022.1/Vitis_HLS/2022.1/common/technology/autopilot/hls_vector.h:142:5)
INFO: [HLS 214-131] Inlining function 'hls::vector<ap_uint<8>, 410ul>::operator[](unsigned long)' into 'GeluLUT<ap_uint<8>, ap_uint<8>, 1, 13, 15, 410, 0>::do_lut_func(hls::stream<hls::vector<ap_uint<8>, 410ul>, 0>&, hls::stream<hls::vector<ap_uint<8>, 410ul>, 0>&)' (/data/home/songqiangxu/project/CNN/src/gelu.h:52:29)
INFO: [HLS 214-131] Inlining function 'hls::vector<ap_uint<8>, 410ul>::operator[](unsigned long)' into 'GeluLUT<ap_uint<8>, ap_uint<8>, 1, 13, 15, 410, 0>::do_lut_func(hls::stream<hls::vector<ap_uint<8>, 410ul>, 0>&, hls::stream<hls::vector<ap_uint<8>, 410ul>, 0>&)' (/data/home/songqiangxu/project/CNN/src/gelu.h:50:42)
INFO: [HLS 214-131] Inlining function 'hls::vector<ap_uint<8>, 410ul>::operator[](unsigned long)' into 'GeluLUT<ap_uint<8>, ap_uint<8>, 1, 13, 15, 410, 1>::do_lut_func(hls::stream<hls::vector<ap_uint<8>, 410ul>, 0>&, hls::stream<hls::vector<ap_uint<8>, 410ul>, 0>&)' (/data/home/songqiangxu/project/CNN/src/gelu.h:54:29)
INFO: [HLS 214-131] Inlining function 'hls::vector<ap_uint<8>, 410ul>::operator[](unsigned long)' into 'GeluLUT<ap_uint<8>, ap_uint<8>, 1, 13, 15, 410, 1>::do_lut_func(hls::stream<hls::vector<ap_uint<8>, 410ul>, 0>&, hls::stream<hls::vector<ap_uint<8>, 410ul>, 0>&)' (/data/home/songqiangxu/project/CNN/src/gelu.h:50:42)
INFO: [HLS 214-131] Inlining function 'hls::vector<ap_uint<8>, 410ul>::operator[](unsigned long)' into 'GeluLUT<ap_uint<8>, ap_uint<8>, 1, 14, 15, 410, 2>::do_lut_func(hls::stream<hls::vector<ap_uint<8>, 410ul>, 0>&, hls::stream<hls::vector<ap_uint<8>, 410ul>, 0>&)' (/data/home/songqiangxu/project/CNN/src/gelu.h:56:29)
INFO: [HLS 214-131] Inlining function 'hls::vector<ap_uint<8>, 410ul>::operator[](unsigned long)' into 'GeluLUT<ap_uint<8>, ap_uint<8>, 1, 14, 15, 410, 2>::do_lut_func(hls::stream<hls::vector<ap_uint<8>, 410ul>, 0>&, hls::stream<hls::vector<ap_uint<8>, 410ul>, 0>&)' (/data/home/songqiangxu/project/CNN/src/gelu.h:50:42)
INFO: [HLS 214-291] Loop 'elem_loop' is marked as complete unroll implied by the pipeline pragma (/data/home/songqiangxu/project/CNN/src/gelu.h:49:32)
INFO: [HLS 214-186] Unrolling loop 'elem_loop' (/data/home/songqiangxu/project/CNN/src/gelu.h:49:32) in function 'GeluLUT<ap_uint<8>, ap_uint<8>, 1, 14, 15, 410, 2>::do_lut_func' completely with a factor of 410 (/data/home/songqiangxu/project/CNN/src/gelu.h:40:0)
INFO: [HLS 214-186] Unrolling loop 'elem_loop' (/data/home/songqiangxu/project/CNN/src/gelu.h:49:32) in function 'GeluLUT<ap_uint<8>, ap_uint<8>, 1, 13, 15, 410, 1>::do_lut_func' completely with a factor of 410 (/data/home/songqiangxu/project/CNN/src/gelu.h:40:0)
INFO: [HLS 214-186] Unrolling loop 'elem_loop' (/data/home/songqiangxu/project/CNN/src/gelu.h:49:32) in function 'GeluLUT<ap_uint<8>, ap_uint<8>, 1, 13, 15, 410, 0>::do_lut_func' completely with a factor of 410 (/data/home/songqiangxu/project/CNN/src/gelu.h:40:0)
INFO: [HLS 214-178] Inlining function 'std::__array_traits<ap_uint<8>, 410ul>::_S_ref(ap_uint<8> const (&) [410], unsigned long)' into 'std::array<ap_uint<8>, 410ul>::operator[](unsigned long)' (/data/home/songqiangxu/Xilinx/2022.1/Vitis_HLS/2022.1/tps/lnx64/gcc-8.3.0/lib/gcc/x86_64-pc-linux-gnu/8.3.0/../../../../include/c++/8.3.0/array:186:0)
INFO: [HLS 214-178] Inlining function 'std::array<ap_uint<8>, 410ul>::operator[](unsigned long)' into 'GeluLUT<ap_uint<8>, ap_uint<8>, 1, 13, 15, 410, 0>::do_lut_func(hls::stream<hls::vector<ap_uint<8>, 410ul>, 0>&, hls::stream<hls::vector<ap_uint<8>, 410ul>, 0>&)' (/data/home/songqiangxu/project/CNN/src/gelu.h:40:0)
INFO: [HLS 214-178] Inlining function 'std::array<ap_uint<8>, 410ul>::operator[](unsigned long)' into 'GeluLUT<ap_uint<8>, ap_uint<8>, 1, 13, 15, 410, 1>::do_lut_func(hls::stream<hls::vector<ap_uint<8>, 410ul>, 0>&, hls::stream<hls::vector<ap_uint<8>, 410ul>, 0>&)' (/data/home/songqiangxu/project/CNN/src/gelu.h:40:0)
INFO: [HLS 214-178] Inlining function 'std::array<ap_uint<8>, 410ul>::operator[](unsigned long)' into 'GeluLUT<ap_uint<8>, ap_uint<8>, 1, 14, 15, 410, 2>::do_lut_func(hls::stream<hls::vector<ap_uint<8>, 410ul>, 0>&, hls::stream<hls::vector<ap_uint<8>, 410ul>, 0>&)' (/data/home/songqiangxu/project/CNN/src/gelu.h:40:0)
INFO: [HLS 214-241] Aggregating axis (hls::stream) variable 'i_stream_0' with compact=bit mode in 3280-bits (case/GELU.cpp:60:0)
INFO: [HLS 214-241] Aggregating axis (hls::stream) variable 'i_stream_1' with compact=bit mode in 3280-bits (case/GELU.cpp:60:0)
INFO: [HLS 214-241] Aggregating axis (hls::stream) variable 'i_stream_2' with compact=bit mode in 3280-bits (case/GELU.cpp:60:0)
INFO: [HLS 214-241] Aggregating axis (hls::stream) variable 'o_stream_0' with compact=bit mode in 3280-bits (case/GELU.cpp:60:0)
INFO: [HLS 214-241] Aggregating axis (hls::stream) variable 'o_stream_1' with compact=bit mode in 3280-bits (case/GELU.cpp:60:0)
INFO: [HLS 214-241] Aggregating axis (hls::stream) variable 'o_stream_2' with compact=bit mode in 3280-bits (case/GELU.cpp:60:0)
INFO: [HLS 214-241] Aggregating scalar variable 'in' with compact=bit mode in 3280-bits
INFO: [HLS 214-241] Aggregating scalar variable 'out' with compact=bit mode in 3280-bits (/data/home/songqiangxu/project/CNN/src/gelu.h:47:45)
INFO: [HLS 214-131] Inlining function '_llvm.fpga.pack.none.i3280.a410s_struct.ap_uint<8>s' into '_llvm.fpga.unpack.bits.s_class.hls::vector<ap_uint<8>, 410>s.i3280.1'
INFO: [HLS 214-131] Inlining function '_llvm.fpga.unpack.bits.s_class.hls::vector<ap_uint<8>, 410>s.i3280.1' into 'GeluLUT<ap_uint<8>, ap_uint<8>, 1, 13, 15, 410, 0>::do_lut_func(hls::stream<hls::vector<ap_uint<8>, 410ul>, 0>&, hls::stream<hls::vector<ap_uint<8>, 410ul>, 0>&) (.1)' (/data/home/songqiangxu/Xilinx/2022.1/Vitis_HLS/2022.1/common/technology/autopilot/hls_stream_39.h:145:9)
INFO: [HLS 214-131] Inlining function '_llvm.fpga.pack.bits.i3280.s_class.hls::vector<ap_uint<8>, 410>s.1' into 'GeluLUT<ap_uint<8>, ap_uint<8>, 1, 13, 15, 410, 0>::do_lut_func(hls::stream<hls::vector<ap_uint<8>, 410ul>, 0>&, hls::stream<hls::vector<ap_uint<8>, 410ul>, 0>&) (.1)' (/data/home/songqiangxu/Xilinx/2022.1/Vitis_HLS/2022.1/common/technology/autopilot/hls_stream_39.h:174:9)
INFO: [HLS 214-131] Inlining function '_llvm.fpga.pack.none.i3280.s_class.hls::vector<ap_uint<8>, 410>s' into 'GeluLUT<ap_uint<8>, ap_uint<8>, 1, 13, 15, 410, 0>::do_lut_func(hls::stream<hls::vector<ap_uint<8>, 410ul>, 0>&, hls::stream<hls::vector<ap_uint<8>, 410ul>, 0>&) (.1)' (/data/home/songqiangxu/Xilinx/2022.1/Vitis_HLS/2022.1/common/technology/autopilot/hls_stream_39.h:174:9)
INFO: [HLS 214-131] Inlining function '_llvm.fpga.unpack.bits.s_class.hls::vector<ap_uint<8>, 410>s.i3280.1' into 'GeluLUT<ap_uint<8>, ap_uint<8>, 1, 13, 15, 410, 1>::do_lut_func(hls::stream<hls::vector<ap_uint<8>, 410ul>, 0>&, hls::stream<hls::vector<ap_uint<8>, 410ul>, 0>&) (.1)' (/data/home/songqiangxu/Xilinx/2022.1/Vitis_HLS/2022.1/common/technology/autopilot/hls_stream_39.h:145:9)
INFO: [HLS 214-131] Inlining function '_llvm.fpga.pack.bits.i3280.s_class.hls::vector<ap_uint<8>, 410>s.1' into 'GeluLUT<ap_uint<8>, ap_uint<8>, 1, 13, 15, 410, 1>::do_lut_func(hls::stream<hls::vector<ap_uint<8>, 410ul>, 0>&, hls::stream<hls::vector<ap_uint<8>, 410ul>, 0>&) (.1)' (/data/home/songqiangxu/Xilinx/2022.1/Vitis_HLS/2022.1/common/technology/autopilot/hls_stream_39.h:174:9)
INFO: [HLS 214-131] Inlining function '_llvm.fpga.pack.none.i3280.s_class.hls::vector<ap_uint<8>, 410>s' into 'GeluLUT<ap_uint<8>, ap_uint<8>, 1, 13, 15, 410, 1>::do_lut_func(hls::stream<hls::vector<ap_uint<8>, 410ul>, 0>&, hls::stream<hls::vector<ap_uint<8>, 410ul>, 0>&) (.1)' (/data/home/songqiangxu/Xilinx/2022.1/Vitis_HLS/2022.1/common/technology/autopilot/hls_stream_39.h:174:9)
INFO: [HLS 214-131] Inlining function '_llvm.fpga.unpack.bits.s_class.hls::vector<ap_uint<8>, 410>s.i3280.1' into 'GeluLUT<ap_uint<8>, ap_uint<8>, 1, 14, 15, 410, 2>::do_lut_func(hls::stream<hls::vector<ap_uint<8>, 410ul>, 0>&, hls::stream<hls::vector<ap_uint<8>, 410ul>, 0>&) (.1)' (/data/home/songqiangxu/Xilinx/2022.1/Vitis_HLS/2022.1/common/technology/autopilot/hls_stream_39.h:145:9)
INFO: [HLS 214-131] Inlining function '_llvm.fpga.pack.bits.i3280.s_class.hls::vector<ap_uint<8>, 410>s.1' into 'GeluLUT<ap_uint<8>, ap_uint<8>, 1, 14, 15, 410, 2>::do_lut_func(hls::stream<hls::vector<ap_uint<8>, 410ul>, 0>&, hls::stream<hls::vector<ap_uint<8>, 410ul>, 0>&) (.1)' (/data/home/songqiangxu/Xilinx/2022.1/Vitis_HLS/2022.1/common/technology/autopilot/hls_stream_39.h:174:9)
INFO: [HLS 214-131] Inlining function '_llvm.fpga.pack.none.i3280.s_class.hls::vector<ap_uint<8>, 410>s' into 'GeluLUT<ap_uint<8>, ap_uint<8>, 1, 14, 15, 410, 2>::do_lut_func(hls::stream<hls::vector<ap_uint<8>, 410ul>, 0>&, hls::stream<hls::vector<ap_uint<8>, 410ul>, 0>&) (.1)' (/data/home/songqiangxu/Xilinx/2022.1/Vitis_HLS/2022.1/common/technology/autopilot/hls_stream_39.h:174:9)
INFO: [HLS 200-111] Finished Compiling Optimization and Transform: CPU user time: 116.57 seconds. CPU system time: 1.86 seconds. Elapsed time: 118.42 seconds; current allocated memory: 462.148 MB.
INFO: [HLS 200-111] Finished Checking Pragmas: CPU user time: 0 seconds. CPU system time: 0 seconds. Elapsed time: 0 seconds; current allocated memory: 462.148 MB.
INFO: [HLS 200-10] Starting code transformations ...
INFO: [HLS 200-111] Finished Standard Transforms: CPU user time: 105.02 seconds. CPU system time: 0.03 seconds. Elapsed time: 105.05 seconds; current allocated memory: 496.129 MB.
INFO: [HLS 200-10] Checking synthesizability ...
INFO: [HLS 200-111] Finished Checking Synthesizability: CPU user time: 637.63 seconds. CPU system time: 0.05 seconds. Elapsed time: 637.71 seconds; current allocated memory: 509.273 MB.
INFO: [XFORM 203-712] Applying dataflow to function 'top' (case/GELU.cpp:54:1), detected/extracted 3 process function(s): 
	 'GeluLUT<ap_uint<8>, ap_uint<8>, 1, 13, 15, 410, 0>::do_lut_func'
	 'GeluLUT<ap_uint<8>, ap_uint<8>, 1, 13, 15, 410, 1>::do_lut_func'
	 'GeluLUT<ap_uint<8>, ap_uint<8>, 1, 14, 15, 410, 2>::do_lut_func'.
INFO: [HLS 200-111] Finished Loop, function and other optimizations: CPU user time: 684.32 seconds. CPU system time: 0.12 seconds. Elapsed time: 684.48 seconds; current allocated memory: 626.121 MB.
INFO: [XFORM 203-541] Flattening a loop nest 'channels_loop' (/data/home/songqiangxu/project/CNN/src/gelu.h:43:37) in function 'GeluLUT<ap_uint<8>, ap_uint<8>, 1, 14, 15, 410, 2>::do_lut_func'.
INFO: [XFORM 203-541] Flattening a loop nest 'channels_loop' (/data/home/songqiangxu/project/CNN/src/gelu.h:43:37) in function 'GeluLUT<ap_uint<8>, ap_uint<8>, 1, 13, 15, 410, 1>::do_lut_func'.
INFO: [XFORM 203-541] Flattening a loop nest 'channels_loop' (/data/home/songqiangxu/project/CNN/src/gelu.h:43:37) in function 'GeluLUT<ap_uint<8>, ap_uint<8>, 1, 13, 15, 410, 0>::do_lut_func'.
INFO: [HLS 200-111] Finished Architecture Synthesis: CPU user time: 26.77 seconds. CPU system time: 0.03 seconds. Elapsed time: 26.81 seconds; current allocated memory: 684.445 MB.
INFO: [HLS 200-10] Starting hardware synthesis ...
INFO: [HLS 200-10] Synthesizing 'top' ...
WARNING: [SYN 201-103] Legalizing function name 'do_lut_func.2' to 'do_lut_func_2'.
WARNING: [SYN 201-103] Legalizing function name 'do_lut_func.1' to 'do_lut_func_1'.
INFO: [HLS 200-10] ----------------------------------------------------------------
INFO: [HLS 200-42] -- Implementing module 'do_lut_func_2' 
INFO: [HLS 200-10] ----------------------------------------------------------------
INFO: [SCHED 204-11] Starting scheduling ...
INFO: [SCHED 204-61] Pipelining loop 'channels_loop_rows_loop'.
INFO: [HLS 200-1470] Pipelining result : Target II = NA, Final II = 1, Depth = 5, loop 'channels_loop_rows_loop'
INFO: [SCHED 204-11] Finished scheduling.
INFO: [HLS 200-111] Finished Scheduling: CPU user time: 0.8 seconds. CPU system time: 0.06 seconds. Elapsed time: 0.86 seconds; current allocated memory: 699.871 MB.
INFO: [BIND 205-100] Starting micro-architecture generation ...
INFO: [BIND 205-101] Performing variable lifetime analysis.
INFO: [BIND 205-101] Exploring resource sharing.
INFO: [BIND 205-101] Binding ...
INFO: [BIND 205-100] Finished micro-architecture generation.
INFO: [HLS 200-111] Finished Binding: CPU user time: 1.39 seconds. CPU system time: 0.02 seconds. Elapsed time: 1.41 seconds; current allocated memory: 699.871 MB.
INFO: [HLS 200-10] ----------------------------------------------------------------
INFO: [HLS 200-42] -- Implementing module 'do_lut_func_1' 
INFO: [HLS 200-10] ----------------------------------------------------------------
INFO: [SCHED 204-11] Starting scheduling ...
INFO: [SCHED 204-61] Pipelining loop 'channels_loop_rows_loop'.
INFO: [HLS 200-1470] Pipelining result : Target II = NA, Final II = 1, Depth = 5, loop 'channels_loop_rows_loop'
INFO: [SCHED 204-11] Finished scheduling.
INFO: [HLS 200-111] Finished Scheduling: CPU user time: 0.94 seconds. CPU system time: 0.03 seconds. Elapsed time: 0.96 seconds; current allocated memory: 713.941 MB.
INFO: [BIND 205-100] Starting micro-architecture generation ...
INFO: [BIND 205-101] Performing variable lifetime analysis.
INFO: [BIND 205-101] Exploring resource sharing.
INFO: [BIND 205-101] Binding ...
INFO: [BIND 205-100] Finished micro-architecture generation.
INFO: [HLS 200-111] Finished Binding: CPU user time: 1.46 seconds. CPU system time: 0.01 seconds. Elapsed time: 1.47 seconds; current allocated memory: 713.941 MB.
INFO: [HLS 200-10] ----------------------------------------------------------------
INFO: [HLS 200-42] -- Implementing module 'do_lut_func' 
INFO: [HLS 200-10] ----------------------------------------------------------------
INFO: [SCHED 204-11] Starting scheduling ...
INFO: [SCHED 204-61] Pipelining loop 'channels_loop_rows_loop'.
INFO: [HLS 200-1470] Pipelining result : Target II = NA, Final II = 1, Depth = 5, loop 'channels_loop_rows_loop'
INFO: [SCHED 204-11] Finished scheduling.
INFO: [HLS 200-111] Finished Scheduling: CPU user time: 0.95 seconds. CPU system time: 0.02 seconds. Elapsed time: 0.96 seconds; current allocated memory: 728.008 MB.
INFO: [BIND 205-100] Starting micro-architecture generation ...
INFO: [BIND 205-101] Performing variable lifetime analysis.
INFO: [BIND 205-101] Exploring resource sharing.
INFO: [BIND 205-101] Binding ...
INFO: [BIND 205-100] Finished micro-architecture generation.
INFO: [HLS 200-111] Finished Binding: CPU user time: 1.39 seconds. CPU system time: 0 seconds. Elapsed time: 1.4 seconds; current allocated memory: 728.008 MB.
INFO: [HLS 200-10] ----------------------------------------------------------------
INFO: [HLS 200-42] -- Implementing module 'top' 
INFO: [HLS 200-10] ----------------------------------------------------------------
INFO: [SCHED 204-11] Starting scheduling ...
INFO: [SCHED 204-11] Finished scheduling.
INFO: [HLS 200-111] Finished Scheduling: CPU user time: 0.36 seconds. CPU system time: 0.02 seconds. Elapsed time: 0.38 seconds; current allocated memory: 728.922 MB.
INFO: [BIND 205-100] Starting micro-architecture generation ...
INFO: [BIND 205-101] Performing variable lifetime analysis.
INFO: [BIND 205-101] Exploring resource sharing.
INFO: [BIND 205-101] Binding ...
INFO: [BIND 205-100] Finished micro-architecture generation.
INFO: [HLS 200-111] Finished Binding: CPU user time: 0.11 seconds. CPU system time: 0 seconds. Elapsed time: 0.11 seconds; current allocated memory: 728.922 MB.
INFO: [HLS 200-10] ----------------------------------------------------------------
INFO: [HLS 200-10] -- Generating RTL for module 'do_lut_func_2' 
INFO: [HLS 200-10] ----------------------------------------------------------------
INFO: [RTGEN 206-100] Finished creating RTL model for 'do_lut_func_2'.
INFO: [HLS 200-111] Finished Creating RTL model: CPU user time: 1.12 seconds. CPU system time: 0.02 seconds. Elapsed time: 1.14 seconds; current allocated memory: 754.098 MB.
INFO: [HLS 200-10] ----------------------------------------------------------------
INFO: [HLS 200-10] -- Generating RTL for module 'do_lut_func_1' 
INFO: [HLS 200-10] ----------------------------------------------------------------
INFO: [RTGEN 206-100] Finished creating RTL model for 'do_lut_func_1'.
INFO: [HLS 200-111] Finished Creating RTL model: CPU user time: 1.61 seconds. CPU system time: 0.08 seconds. Elapsed time: 1.69 seconds; current allocated memory: 798.230 MB.
INFO: [HLS 200-10] ----------------------------------------------------------------
INFO: [HLS 200-10] -- Generating RTL for module 'do_lut_func' 
INFO: [HLS 200-10] ----------------------------------------------------------------
INFO: [RTGEN 206-100] Finished creating RTL model for 'do_lut_func'.
INFO: [HLS 200-111] Finished Creating RTL model: CPU user time: 1.6 seconds. CPU system time: 0.06 seconds. Elapsed time: 1.65 seconds; current allocated memory: 842.012 MB.
INFO: [HLS 200-10] ----------------------------------------------------------------
INFO: [HLS 200-10] -- Generating RTL for module 'top' 
INFO: [HLS 200-10] ----------------------------------------------------------------
WARNING: [RTGEN 206-101] Design contains AXI ports. Reset is fixed to synchronous and active low.
INFO: [RTGEN 206-500] Setting interface mode on port 'top/i_stream_0' to 'axis' (register, both mode).
INFO: [RTGEN 206-500] Setting interface mode on port 'top/i_stream_1' to 'axis' (register, both mode).
INFO: [RTGEN 206-500] Setting interface mode on port 'top/i_stream_2' to 'axis' (register, both mode).
INFO: [RTGEN 206-500] Setting interface mode on port 'top/o_stream_0' to 'axis' (register, both mode).
INFO: [RTGEN 206-500] Setting interface mode on port 'top/o_stream_1' to 'axis' (register, both mode).
INFO: [RTGEN 206-500] Setting interface mode on port 'top/o_stream_2' to 'axis' (register, both mode).
INFO: [RTGEN 206-500] Setting interface mode on function 'top' to 'ap_ctrl_chain'.
INFO: [RTGEN 206-100] Finished creating RTL model for 'top'.
INFO: [HLS 200-111] Finished Creating RTL model: CPU user time: 0.81 seconds. CPU system time: 0.03 seconds. Elapsed time: 0.85 seconds; current allocated memory: 868.598 MB.
INFO: [RTMG 210-279] Implementing memory 'top_do_lut_func_2_gelu_lut0_V_ROM_AUTO_2R' using auto ROMs.
INFO: [RTMG 210-279] Implementing memory 'top_do_lut_func_1_gelu_lut1_V_ROM_AUTO_2R' using auto ROMs.
INFO: [RTMG 210-279] Implementing memory 'top_do_lut_func_gelu_lut2_V_ROM_AUTO_2R' using auto ROMs.
INFO: [HLS 200-111] Finished Generating all RTL models: CPU user time: 32.82 seconds. CPU system time: 0.13 seconds. Elapsed time: 32.95 seconds; current allocated memory: 870.078 MB.
INFO: [HLS 200-111] Finished Updating report files: CPU user time: 0.49 seconds. CPU system time: 0.02 seconds. Elapsed time: 0.51 seconds; current allocated memory: 872.953 MB.
INFO: [VHDL 208-304] Generating VHDL RTL for top.
INFO: [VLOG 209-307] Generating Verilog RTL for top.
INFO: [HLS 200-790] **** Loop Constraint Status: All loop constraints were satisfied.
INFO: [HLS 200-789] **** Estimated Fmax: 736.92 MHz
INFO: [HLS 200-111] Finished Command csynth_design CPU user time: 1760.53 seconds. CPU system time: 8.06 seconds. Elapsed time: 1767.67 seconds; current allocated memory: -620.730 MB.
INFO: [HLS 200-1510] Running: export_design -description GELU_DESC -display_name GELU_DISP -flow syn -library HLS -vendor PKU -version 1.0 -taxonomy IP Core -output export_ip/GELU -ipname GELU 
INFO: [IMPL 213-8] Exporting RTL as a Vivado IP.

****** Vivado v2022.1 (64-bit)
  **** SW Build 3526262 on Mon Apr 18 15:47:01 MDT 2022
  **** IP Build 3524634 on Mon Apr 18 20:55:01 MDT 2022
    ** Copyright 1986-2022 Xilinx, Inc. All Rights Reserved.

source run_ippack.tcl -notrace
INFO: [IP_Flow 19-234] Refreshing IP repositories
INFO: [IP_Flow 19-1704] No user IP repositories specified
INFO: [IP_Flow 19-2313] Loaded Vivado IP repository '/data/home/songqiangxu/Xilinx/2022.1/Vivado/2022.1/data/ip'.
INFO: [Common 17-206] Exiting Vivado at Tue May  5 16:38:07 2026...
INFO: [IMPL 213-8] Starting RTL evaluation using Vivado ...

****** Vivado v2022.1 (64-bit)
  **** SW Build 3526262 on Mon Apr 18 15:47:01 MDT 2022
  **** IP Build 3524634 on Mon Apr 18 20:55:01 MDT 2022
    ** Copyright 1986-2022 Xilinx, Inc. All Rights Reserved.

source run_vivadosyn.tcl
# source ./settings.tcl
## set top_module top
## set language verilog
## set family kintex7
## set device xc7k325t
## set package -ffg900
## set speed -2
## set clock ap_clk
## set fsm_ext "off"
## set add_io_buffers false ;
# source -notrace ./extraction.tcl
# set vivado_proj_name project
# set vivado_proj_dir .
# set target_device "${device}${package}${speed}"
# set target_clk_period_ns "2.5"
# set target_clk_freq_hz [expr {floor(1000 / $target_clk_period_ns) * 1000000}]
# set ip_vlnv PKU:HLS:GELU:1.0
# set ip_repo_path ../ip
# set bd_design_name bd_0
# set bd_inst_name hls_inst
# set bd_props {}
# set has_synth true
# set synth_design_args {-directive sdx_optimization_effort_high}
# set synth_dcp ""
# set synth_props {}
# set has_impl false
# set impl_props {}
# set report_options [dict create]
# dict set report_options report_level 2
# dict set report_options report_max_paths 10
# dict set report_options stdout_hls_reports 1
# dict set report_options stdout_vivado_reports 0
# dict set report_options hls_project work
# dict set report_options hls_solution solution
# dict set report_options has_synth $has_synth
# dict set report_options has_impl $has_impl
# dict set report_options vivado_reportbasename $top_module
# dict set report_options vivado_reportdir ./report
# dict set report_options hls_impl_dir ..
# dict set report_options hls_reportdir ../report/$language
# dict set report_options target_clk_period $target_clk_period_ns
# dict set report_options target_device $target_device
# dict set report_options language $language
# dict set report_options clock_name $clock
# dict set report_options error_if_impl_timing_fails false
# dict set report_options bindmodules {top_do_lut_func_2_gelu_lut0_V_ROM_AUTO_2R top_regslice_both top_flow_control_loop_pipe top_do_lut_func_1_gelu_lut1_V_ROM_AUTO_2R top_do_lut_func_gelu_lut2_V_ROM_AUTO_2R}
# dict set report_options max_module_depth 6
# create_project $vivado_proj_name $vivado_proj_dir -part $target_device -force
# set_property target_language $language [current_project]
# if { ![file exists $ip_repo_path] } {
#   error "Cannot find packaged HLS IP"
# }
# set_property ip_repo_paths [file normalize $ip_repo_path] [current_project]
# update_ip_catalog
INFO: [IP_Flow 19-234] Refreshing IP repositories
INFO: [IP_Flow 19-1700] Loaded user IP repository '/data/home/songqiangxu/project/CNN/instances_tp8_syn_kv260/proj_GELU/work/solution/impl/ip'.
INFO: [IP_Flow 19-2313] Loaded Vivado IP repository '/data/home/songqiangxu/Xilinx/2022.1/Vivado/2022.1/data/ip'.
# create_bd_design $bd_design_name
Wrote  : </data/home/songqiangxu/project/CNN/instances_tp8_syn_kv260/proj_GELU/work/solution/impl/verilog/project.srcs/sources_1/bd/bd_0/bd_0.bd> 
# set cell_inst [create_bd_cell -type ip -vlnv $ip_vlnv $bd_inst_name]
# if { [llength $bd_props] } { 
#   set_property -dict $bd_props $cell_inst 
# }
# make_bd_pins_external $cell_inst
# make_bd_intf_pins_external $cell_inst
# set bd_clk_ports [get_bd_ports -filter {TYPE==clk}]
# if { [llength $bd_clk_ports] && $target_clk_freq_hz ne "" } { 
#   set_property CONFIG.FREQ_HZ $target_clk_freq_hz $bd_clk_ports 
# }
# foreach bd_port [get_bd_intf_ports] {
#   set_property name [regsub {_0$} [get_property name $bd_port] {}] $bd_port
# }
# foreach bd_port [get_bd_ports -filter {INTF!=TRUE}] {
#   set_property name [regsub {_0$} [get_property name $bd_port] {}] $bd_port
# }
# set s_axi_addr_width_min 32
WARNING: [BD 5-233] No interface ports matched 'get_bd_intf_ports -filter {MODE == "Slave" && VLNV =~ "xilinx.com:interface:aximm_rtl:*"}'
# foreach bd_port [get_bd_intf_ports -filter {MODE == "Slave" && VLNV =~ "xilinx.com:interface:aximm_rtl:*"}] {
#   set bd_port_addr_width [get_property CONFIG.ADDR_WIDTH $bd_port]
#   if { $bd_port_addr_width < $s_axi_addr_width_min } {
#     puts "INFO: Updating $bd_port CONFIG.ADDR_WIDTH to $s_axi_addr_width_min"
#     set_property CONFIG.ADDR_WIDTH $s_axi_addr_width_min $bd_port
#   }
# }
# set_msg_config -id {[BD 41-1265]} -severity {CRITICAL WARNING} -new_severity {INFO}
# assign_bd_address
Wrote  : </data/home/songqiangxu/project/CNN/instances_tp8_syn_kv260/proj_GELU/work/solution/impl/verilog/project.srcs/sources_1/bd/bd_0/bd_0.bd> 
Verilog Output written to : /data/home/songqiangxu/project/CNN/instances_tp8_syn_kv260/proj_GELU/work/solution/impl/verilog/project.gen/sources_1/bd/bd_0/synth/bd_0.v
Verilog Output written to : /data/home/songqiangxu/project/CNN/instances_tp8_syn_kv260/proj_GELU/work/solution/impl/verilog/project.gen/sources_1/bd/bd_0/sim/bd_0.v
Verilog Output written to : /data/home/songqiangxu/project/CNN/instances_tp8_syn_kv260/proj_GELU/work/solution/impl/verilog/project.gen/sources_1/bd/bd_0/hdl/bd_0_wrapper.v
# set toprtl [make_wrapper -files [get_files ${bd_design_name}.bd] -top]
# add_files -norecurse $toprtl
# set top_inst_name [file root [file tail $toprtl]]
# puts "Using BD top: $top_inst_name"
Using BD top: bd_0_wrapper
# set xdc_files [glob -nocomplain ./*.xdc]
# if { [llength $xdc_files] } {
#     add_files -fileset constrs_1 -norecurse $xdc_files
# }
# launch_runs synth_1 -scripts_only
INFO: [BD 41-1662] The design 'bd_0.bd' is already validated. Therefore parameter propagation will not be re-run.
Verilog Output written to : /data/home/songqiangxu/project/CNN/instances_tp8_syn_kv260/proj_GELU/work/solution/impl/verilog/project.gen/sources_1/bd/bd_0/synth/bd_0.v
Verilog Output written to : /data/home/songqiangxu/project/CNN/instances_tp8_syn_kv260/proj_GELU/work/solution/impl/verilog/project.gen/sources_1/bd/bd_0/sim/bd_0.v
Verilog Output written to : /data/home/songqiangxu/project/CNN/instances_tp8_syn_kv260/proj_GELU/work/solution/impl/verilog/project.gen/sources_1/bd/bd_0/hdl/bd_0_wrapper.v
INFO: [BD 41-1029] Generation completed for the IP Integrator block hls_inst .
Exporting to file /data/home/songqiangxu/project/CNN/instances_tp8_syn_kv260/proj_GELU/work/solution/impl/verilog/project.gen/sources_1/bd/bd_0/hw_handoff/bd_0.hwh
Generated Hardware Definition File /data/home/songqiangxu/project/CNN/instances_tp8_syn_kv260/proj_GELU/work/solution/impl/verilog/project.gen/sources_1/bd/bd_0/synth/bd_0.hwdef
WARNING: [Vivado 12-7122] Auto Incremental Compile:: No reference checkpoint was found in run synth_1. Auto-incremental flow will not be run, the standard flow will be run instead.
launch_runs: Time (s): cpu = 00:00:07 ; elapsed = 00:00:07 . Memory (MB): peak = 3040.707 ; gain = 72.035 ; free physical = 32546 ; free virtual = 97994
# foreach run [get_runs -filter {IS_SYNTHESIS == 1}] {
#   reset_run [get_runs $run]
# }
# set_property XPM_LIBRARIES {XPM_MEMORY XPM_FIFO} [current_project]
# hls_vivado_reports_setup $report_options
TIMESTAMP: HLS-REPORT: initialize report directories: 2026-05-05 16:38:32 CST
# if { $has_synth || $has_impl } {
#   # synth properties setting
#   set_property -name {STEPS.SYNTH_DESIGN.ARGS.MORE OPTIONS} -value {-mode out_of_context} -objects [get_runs synth_1]
#   set ip_inst [get_ips -quiet ${bd_design_name}*${bd_inst_name}*]
#   if { ![llength $ip_inst] } {
#       error "Cannot find HLS IP instance: ${bd_design_name}*${bd_inst_name}*"
#   }
#   set synth_run [get_runs -filter {IS_SYNTHESIS == 1} ${ip_inst}*]
#   if { ![llength $synth_run] } {
#       error "Cannot find synth run for HLS IP: ${ip_inst}*"
#   }
# 
#   if { [llength $synth_design_args] } {
#       set_property -name {STEPS.SYNTH_DESIGN.ARGS.MORE OPTIONS} -value $synth_design_args -objects $synth_run
#   }
# 
#   if { [llength $synth_props] } {
#     set_property -dict $synth_props $synth_run
#   }
# 
#   # launch run synth
#   launch_runs synth_1
#   wait_on_run synth_1
#   # synth reports
#   hls_vivado_reports_synth synth_1 $report_options
#   if { $synth_dcp ne "" } {
#     file mkdir [file dirname $synth_dcp]
#     set run_dcp [glob -nocomplain [get_property DIRECTORY $synth_run]/*.dcp]
#     if { [llength $run_dcp] != 1 } { error "Cannot find single dcp file for run $synth_run" }
#     file copy -force $run_dcp $synth_dcp
#   }
# }
WARNING: [Vivado 12-7122] Auto Incremental Compile:: No reference checkpoint was found in run synth_1. Auto-incremental flow will not be run, the standard flow will be run instead.
[Tue May  5 16:38:32 2026] Launched bd_0_hls_inst_0_synth_1...
Run output will be captured here: /data/home/songqiangxu/project/CNN/instances_tp8_syn_kv260/proj_GELU/work/solution/impl/verilog/project.runs/bd_0_hls_inst_0_synth_1/runme.log
[Tue May  5 16:38:32 2026] Launched synth_1...
Run output will be captured here: /data/home/songqiangxu/project/CNN/instances_tp8_syn_kv260/proj_GELU/work/solution/impl/verilog/project.runs/synth_1/runme.log
[Tue May  5 16:38:32 2026] Waiting for synth_1 to finish...

*** Running vivado
    with args -log bd_0_wrapper.vds -m64 -product Vivado -mode batch -messageDb vivado.pb -notrace -source bd_0_wrapper.tcl


****** Vivado v2022.1 (64-bit)
  **** SW Build 3526262 on Mon Apr 18 15:47:01 MDT 2022
  **** IP Build 3524634 on Mon Apr 18 20:55:01 MDT 2022
    ** Copyright 1986-2022 Xilinx, Inc. All Rights Reserved.

source bd_0_wrapper.tcl -notrace
INFO: [IP_Flow 19-234] Refreshing IP repositories
INFO: [IP_Flow 19-1700] Loaded user IP repository '/data/home/songqiangxu/project/CNN/instances_tp8_syn_kv260/proj_GELU/work/solution/impl/ip'.
INFO: [IP_Flow 19-2313] Loaded Vivado IP repository '/data/home/songqiangxu/Xilinx/2022.1/Vivado/2022.1/data/ip'.
Command: synth_design -top bd_0_wrapper -part xc7k325tffg900-2 -mode out_of_context
Starting synth_design
Attempting to get a license for feature 'Synthesis' and/or device 'xc7k325t'
INFO: [Common 17-349] Got license for feature 'Synthesis' and/or device 'xc7k325t'
INFO: [Device 21-403] Loading part xc7k325tffg900-2
INFO: [Synth 8-7079] Multithreading enabled for synth_design using a maximum of 4 processes.
INFO: [Synth 8-7078] Launching helper process for spawning children vivado processes
INFO: [Synth 8-7075] Helper process launched with PID 725436
WARNING: [Synth 8-9501] generate block is allowed only inside loop and conditional generate in SystemVerilog mode [/data/home/songqiangxu/Xilinx/2022.1/Vivado/2022.1/data/ip/xpm/xpm_fifo/hdl/xpm_fifo.sv:4023]
---------------------------------------------------------------------------------
Starting RTL Elaboration : Time (s): cpu = 00:00:04 ; elapsed = 00:00:04 . Memory (MB): peak = 2914.070 ; gain = 0.000 ; free physical = 20536 ; free virtual = 86261
---------------------------------------------------------------------------------
INFO: [Synth 8-6157] synthesizing module 'bd_0_wrapper' [/data/home/songqiangxu/project/CNN/instances_tp8_syn_kv260/proj_GELU/work/solution/impl/verilog/project.gen/sources_1/bd/bd_0/hdl/bd_0_wrapper.v:12]
INFO: [Synth 8-6157] synthesizing module 'bd_0' [/data/home/songqiangxu/project/CNN/instances_tp8_syn_kv260/proj_GELU/work/solution/impl/verilog/project.gen/sources_1/bd/bd_0/synth/bd_0.v:12]
INFO: [Synth 8-6157] synthesizing module 'bd_0_hls_inst_0' [/data/home/songqiangxu/project/CNN/instances_tp8_syn_kv260/proj_GELU/work/solution/impl/verilog/project.runs/synth_1/.Xil/Vivado-725371-dell-Precision-7920-Tower/realtime/bd_0_hls_inst_0_stub.v:5]
INFO: [Synth 8-6155] done synthesizing module 'bd_0_hls_inst_0' (0#1) [/data/home/songqiangxu/project/CNN/instances_tp8_syn_kv260/proj_GELU/work/solution/impl/verilog/project.runs/synth_1/.Xil/Vivado-725371-dell-Precision-7920-Tower/realtime/bd_0_hls_inst_0_stub.v:5]
INFO: [Synth 8-6155] done synthesizing module 'bd_0' (0#1) [/data/home/songqiangxu/project/CNN/instances_tp8_syn_kv260/proj_GELU/work/solution/impl/verilog/project.gen/sources_1/bd/bd_0/synth/bd_0.v:12]
INFO: [Synth 8-6155] done synthesizing module 'bd_0_wrapper' (0#1) [/data/home/songqiangxu/project/CNN/instances_tp8_syn_kv260/proj_GELU/work/solution/impl/verilog/project.gen/sources_1/bd/bd_0/hdl/bd_0_wrapper.v:12]
---------------------------------------------------------------------------------
Finished RTL Elaboration : Time (s): cpu = 00:00:05 ; elapsed = 00:00:06 . Memory (MB): peak = 2914.070 ; gain = 0.000 ; free physical = 21628 ; free virtual = 87355
---------------------------------------------------------------------------------
---------------------------------------------------------------------------------
Start Handling Custom Attributes
---------------------------------------------------------------------------------
---------------------------------------------------------------------------------
Finished Handling Custom Attributes : Time (s): cpu = 00:00:05 ; elapsed = 00:00:06 . Memory (MB): peak = 2914.070 ; gain = 0.000 ; free physical = 21630 ; free virtual = 87357
---------------------------------------------------------------------------------
---------------------------------------------------------------------------------
Finished RTL Optimization Phase 1 : Time (s): cpu = 00:00:05 ; elapsed = 00:00:06 . Memory (MB): peak = 2914.070 ; gain = 0.000 ; free physical = 21630 ; free virtual = 87357
---------------------------------------------------------------------------------
Netlist sorting complete. Time (s): cpu = 00:00:00.07 ; elapsed = 00:00:00.08 . Memory (MB): peak = 2914.070 ; gain = 0.000 ; free physical = 21617 ; free virtual = 87344
INFO: [Project 1-570] Preparing netlist for logic optimization

Processing XDC Constraints
Initializing timing engine
Parsing XDC File [/data/home/songqiangxu/project/CNN/instances_tp8_syn_kv260/proj_GELU/work/solution/impl/verilog/project.gen/sources_1/bd/bd_0/ip/bd_0_hls_inst_0/bd_0_hls_inst_0/bd_0_hls_inst_0_in_context.xdc] for cell 'bd_0_i/hls_inst'
Finished Parsing XDC File [/data/home/songqiangxu/project/CNN/instances_tp8_syn_kv260/proj_GELU/work/solution/impl/verilog/project.gen/sources_1/bd/bd_0/ip/bd_0_hls_inst_0/bd_0_hls_inst_0/bd_0_hls_inst_0_in_context.xdc] for cell 'bd_0_i/hls_inst'
Parsing XDC File [/data/home/songqiangxu/project/CNN/instances_tp8_syn_kv260/proj_GELU/work/solution/impl/verilog/top.xdc]
Finished Parsing XDC File [/data/home/songqiangxu/project/CNN/instances_tp8_syn_kv260/proj_GELU/work/solution/impl/verilog/top.xdc]
Parsing XDC File [/data/home/songqiangxu/project/CNN/instances_tp8_syn_kv260/proj_GELU/work/solution/impl/verilog/project.runs/synth_1/dont_touch.xdc]
Finished Parsing XDC File [/data/home/songqiangxu/project/CNN/instances_tp8_syn_kv260/proj_GELU/work/solution/impl/verilog/project.runs/synth_1/dont_touch.xdc]
Completed Processing XDC Constraints

Netlist sorting complete. Time (s): cpu = 00:00:00 ; elapsed = 00:00:00 . Memory (MB): peak = 2978.102 ; gain = 0.000 ; free physical = 21503 ; free virtual = 87230
INFO: [Project 1-111] Unisim Transformation Summary:
No Unisim elements were transformed.

Constraint Validation Runtime : Time (s): cpu = 00:00:00.58 ; elapsed = 00:00:00.33 . Memory (MB): peak = 2978.102 ; gain = 0.000 ; free physical = 21498 ; free virtual = 87224
---------------------------------------------------------------------------------
Finished Constraint Validation : Time (s): cpu = 00:00:14 ; elapsed = 00:00:14 . Memory (MB): peak = 2978.102 ; gain = 64.031 ; free physical = 21606 ; free virtual = 87333
---------------------------------------------------------------------------------
---------------------------------------------------------------------------------
Start Loading Part and Timing Information
---------------------------------------------------------------------------------
Loading part: xc7k325tffg900-2
---------------------------------------------------------------------------------
Finished Loading Part and Timing Information : Time (s): cpu = 00:00:14 ; elapsed = 00:00:14 . Memory (MB): peak = 2978.102 ; gain = 64.031 ; free physical = 21606 ; free virtual = 87333
---------------------------------------------------------------------------------
---------------------------------------------------------------------------------
Start Applying 'set_property' XDC Constraints
---------------------------------------------------------------------------------
Applied set_property KEEP_HIERARCHY = SOFT for bd_0_i. (constraint file  auto generated constraint).
Applied set_property KEEP_HIERARCHY = SOFT for bd_0_i/hls_inst. (constraint file  auto generated constraint).
---------------------------------------------------------------------------------
Finished applying 'set_property' XDC Constraints : Time (s): cpu = 00:00:14 ; elapsed = 00:00:14 . Memory (MB): peak = 2978.102 ; gain = 64.031 ; free physical = 21605 ; free virtual = 87332
---------------------------------------------------------------------------------
---------------------------------------------------------------------------------
Finished RTL Optimization Phase 2 : Time (s): cpu = 00:00:14 ; elapsed = 00:00:15 . Memory (MB): peak = 2978.102 ; gain = 64.031 ; free physical = 21604 ; free virtual = 87332
---------------------------------------------------------------------------------
---------------------------------------------------------------------------------
Start RTL Component Statistics 
---------------------------------------------------------------------------------
Detailed RTL Component Info : 
---------------------------------------------------------------------------------
Finished RTL Component Statistics 
---------------------------------------------------------------------------------
---------------------------------------------------------------------------------
Start Part Resource Summary
---------------------------------------------------------------------------------
Part Resources:
DSPs: 840 (col length:140)
BRAMs: 890 (col length: RAMB18 140 RAMB36 70)
---------------------------------------------------------------------------------
Finished Part Resource Summary
---------------------------------------------------------------------------------
---------------------------------------------------------------------------------
Start Cross Boundary and Area Optimization
---------------------------------------------------------------------------------
WARNING: [Synth 8-7080] Parallel synthesis criteria is not met
---------------------------------------------------------------------------------
Finished Cross Boundary and Area Optimization : Time (s): cpu = 00:00:16 ; elapsed = 00:00:17 . Memory (MB): peak = 2978.102 ; gain = 64.031 ; free physical = 21586 ; free virtual = 87321
---------------------------------------------------------------------------------
---------------------------------------------------------------------------------
Start Applying XDC Timing Constraints
---------------------------------------------------------------------------------
---------------------------------------------------------------------------------
Finished Applying XDC Timing Constraints : Time (s): cpu = 00:00:20 ; elapsed = 00:00:21 . Memory (MB): peak = 2978.102 ; gain = 64.031 ; free physical = 21077 ; free virtual = 86812
---------------------------------------------------------------------------------
---------------------------------------------------------------------------------
Start Timing Optimization
---------------------------------------------------------------------------------
---------------------------------------------------------------------------------
Finished Timing Optimization : Time (s): cpu = 00:00:21 ; elapsed = 00:00:21 . Memory (MB): peak = 2978.102 ; gain = 64.031 ; free physical = 21058 ; free virtual = 86793
---------------------------------------------------------------------------------
---------------------------------------------------------------------------------
Start Technology Mapping
---------------------------------------------------------------------------------
---------------------------------------------------------------------------------
Finished Technology Mapping : Time (s): cpu = 00:00:21 ; elapsed = 00:00:22 . Memory (MB): peak = 2978.102 ; gain = 64.031 ; free physical = 21087 ; free virtual = 86822
---------------------------------------------------------------------------------
---------------------------------------------------------------------------------
Start IO Insertion
---------------------------------------------------------------------------------
---------------------------------------------------------------------------------
Start Flattening Before IO Insertion
---------------------------------------------------------------------------------
---------------------------------------------------------------------------------
Finished Flattening Before IO Insertion
---------------------------------------------------------------------------------
---------------------------------------------------------------------------------
Start Final Netlist Cleanup
---------------------------------------------------------------------------------
---------------------------------------------------------------------------------
Finished Final Netlist Cleanup
---------------------------------------------------------------------------------
---------------------------------------------------------------------------------
Finished IO Insertion : Time (s): cpu = 00:00:25 ; elapsed = 00:00:26 . Memory (MB): peak = 2978.102 ; gain = 64.031 ; free physical = 21307 ; free virtual = 87042
---------------------------------------------------------------------------------
---------------------------------------------------------------------------------
Start Renaming Generated Instances
---------------------------------------------------------------------------------
---------------------------------------------------------------------------------
Finished Renaming Generated Instances : Time (s): cpu = 00:00:25 ; elapsed = 00:00:26 . Memory (MB): peak = 2978.102 ; gain = 64.031 ; free physical = 21306 ; free virtual = 87041
---------------------------------------------------------------------------------
---------------------------------------------------------------------------------
Start Rebuilding User Hierarchy
---------------------------------------------------------------------------------
---------------------------------------------------------------------------------
Finished Rebuilding User Hierarchy : Time (s): cpu = 00:00:25 ; elapsed = 00:00:26 . Memory (MB): peak = 2978.102 ; gain = 64.031 ; free physical = 21305 ; free virtual = 87040
---------------------------------------------------------------------------------
---------------------------------------------------------------------------------
Start Renaming Generated Ports
---------------------------------------------------------------------------------
---------------------------------------------------------------------------------
Finished Renaming Generated Ports : Time (s): cpu = 00:00:25 ; elapsed = 00:00:26 . Memory (MB): peak = 2978.102 ; gain = 64.031 ; free physical = 21305 ; free virtual = 87040
---------------------------------------------------------------------------------
---------------------------------------------------------------------------------
Start Handling Custom Attributes
---------------------------------------------------------------------------------
---------------------------------------------------------------------------------
Finished Handling Custom Attributes : Time (s): cpu = 00:00:25 ; elapsed = 00:00:26 . Memory (MB): peak = 2978.102 ; gain = 64.031 ; free physical = 21305 ; free virtual = 87040
---------------------------------------------------------------------------------
---------------------------------------------------------------------------------
Start Renaming Generated Nets
---------------------------------------------------------------------------------
---------------------------------------------------------------------------------
Finished Renaming Generated Nets : Time (s): cpu = 00:00:25 ; elapsed = 00:00:26 . Memory (MB): peak = 2978.102 ; gain = 64.031 ; free physical = 21305 ; free virtual = 87040
---------------------------------------------------------------------------------
---------------------------------------------------------------------------------
Start Writing Synthesis Report
---------------------------------------------------------------------------------

Report BlackBoxes: 
+------+----------------+----------+
|      |BlackBox name   |Instances |
+------+----------------+----------+
|1     |bd_0_hls_inst_0 |         1|
+------+----------------+----------+

Report Cell Usage: 
+------+--------------+------+
|      |Cell          |Count |
+------+--------------+------+
|1     |bd_0_hls_inst |     1|
+------+--------------+------+
---------------------------------------------------------------------------------
Finished Writing Synthesis Report : Time (s): cpu = 00:00:25 ; elapsed = 00:00:26 . Memory (MB): peak = 2978.102 ; gain = 64.031 ; free physical = 21305 ; free virtual = 87040
---------------------------------------------------------------------------------
Synthesis finished with 0 errors, 0 critical warnings and 1 warnings.
Synthesis Optimization Runtime : Time (s): cpu = 00:00:21 ; elapsed = 00:00:22 . Memory (MB): peak = 2978.102 ; gain = 0.000 ; free physical = 21358 ; free virtual = 87093
Synthesis Optimization Complete : Time (s): cpu = 00:00:25 ; elapsed = 00:00:26 . Memory (MB): peak = 2978.102 ; gain = 64.031 ; free physical = 21358 ; free virtual = 87093
INFO: [Project 1-571] Translating synthesized netlist
Netlist sorting complete. Time (s): cpu = 00:00:00.09 ; elapsed = 00:00:00.08 . Memory (MB): peak = 2978.102 ; gain = 0.000 ; free physical = 21440 ; free virtual = 87175
INFO: [Project 1-570] Preparing netlist for logic optimization
INFO: [Opt 31-138] Pushed 0 inverter(s) to 0 load pin(s).
Netlist sorting complete. Time (s): cpu = 00:00:00 ; elapsed = 00:00:00 . Memory (MB): peak = 2978.102 ; gain = 0.000 ; free physical = 23511 ; free virtual = 89261
INFO: [Project 1-111] Unisim Transformation Summary:
No Unisim elements were transformed.

Synth Design complete, checksum: 8641d7eb
INFO: [Common 17-83] Releasing license: Synthesis
21 Infos, 2 Warnings, 0 Critical Warnings and 0 Errors encountered.
synth_design completed successfully
synth_design: Time (s): cpu = 00:00:36 ; elapsed = 00:00:32 . Memory (MB): peak = 2978.102 ; gain = 72.035 ; free physical = 23726 ; free virtual = 89477
INFO: [Common 17-1381] The checkpoint '/data/home/songqiangxu/project/CNN/instances_tp8_syn_kv260/proj_GELU/work/solution/impl/verilog/project.runs/synth_1/bd_0_wrapper.dcp' has been generated.
INFO: [runtcl-4] Executing : report_utilization -file bd_0_wrapper_utilization_synth.rpt -pb bd_0_wrapper_utilization_synth.pb
INFO: [Common 17-206] Exiting Vivado at Tue May  5 16:43:10 2026...
[Tue May  5 16:43:12 2026] synth_1 finished
wait_on_runs: Time (s): cpu = 00:04:45 ; elapsed = 00:04:40 . Memory (MB): peak = 3040.707 ; gain = 0.000 ; free physical = 24879 ; free virtual = 90626
TIMESTAMP: HLS-REPORT: synthesis open_run: 2026-05-05 16:43:12 CST
INFO: HLS-REPORT: Opening synthesis design database: open_run synth_1
Design is defaulting to impl run constrset: constrs_1
Design is defaulting to synth run part: xc7k325tffg900-2
INFO: [Device 21-403] Loading part xc7k325tffg900-2
INFO: [Project 1-454] Reading design checkpoint '/data/home/songqiangxu/project/CNN/instances_tp8_syn_kv260/proj_GELU/work/solution/impl/verilog/project.gen/sources_1/bd/bd_0/ip/bd_0_hls_inst_0/bd_0_hls_inst_0.dcp' for cell 'bd_0_i/hls_inst'
Netlist sorting complete. Time (s): cpu = 00:00:00.41 ; elapsed = 00:00:00.41 . Memory (MB): peak = 3040.707 ; gain = 0.000 ; free physical = 24348 ; free virtual = 90156
INFO: [Netlist 29-17] Analyzing 3505 Unisim elements for replacement
INFO: [Netlist 29-28] Unisim Transformation completed in 0 CPU seconds
INFO: [Project 1-479] Netlist was created with Vivado 2022.1
INFO: [Project 1-570] Preparing netlist for logic optimization
Parsing XDC File [/data/home/songqiangxu/project/CNN/instances_tp8_syn_kv260/proj_GELU/work/solution/impl/verilog/top.xdc]
Finished Parsing XDC File [/data/home/songqiangxu/project/CNN/instances_tp8_syn_kv260/proj_GELU/work/solution/impl/verilog/top.xdc]
INFO: [Opt 31-138] Pushed 0 inverter(s) to 0 load pin(s).
Netlist sorting complete. Time (s): cpu = 00:00:00 ; elapsed = 00:00:00 . Memory (MB): peak = 3040.707 ; gain = 0.000 ; free physical = 24179 ; free virtual = 89988
INFO: [Project 1-111] Unisim Transformation Summary:
No Unisim elements were transformed.

open_run: Time (s): cpu = 00:00:15 ; elapsed = 00:00:15 . Memory (MB): peak = 3040.707 ; gain = 0.000 ; free physical = 24179 ; free virtual = 89988
TIMESTAMP: HLS-REPORT: synthesis generate_reports_vivado: 2026-05-05 16:43:27 CST
INFO: HLS-REPORT: Running report: report_utilization -file ./report/top_utilization_synth.rpt
INFO: HLS-REPORT: Running report: report_utilization -hierarchical -hierarchical_depth 6 -file ./report/top_utilization_hierarchical_synth.rpt
INFO: HLS-REPORT: Running report: report_timing_summary -file ./report/top_timing_synth.rpt
INFO: [Timing 38-35] Done setting XDC timing constraints.
INFO: [Timing 38-91] UpdateTimingParams: Speed grade: -2, Delay Type: min_max.
INFO: [Timing 38-191] Multithreading enabled for timing update using a maximum of 8 CPUs
WARNING: [Timing 38-242] The property HD.CLK_SRC of clock port "ap_clk" is not set. In out-of-context mode, this prevents timing estimation for clock delay/skew
Resolution: Set the HD.CLK_SRC property of the out-of-context port to the location of the clock buffer instance in the top-level design
report_timing_summary: Time (s): cpu = 00:00:35 ; elapsed = 00:00:17 . Memory (MB): peak = 3534.281 ; gain = 493.574 ; free physical = 23619 ; free virtual = 89428
INFO: HLS-REPORT: Running report: report_timing -max_paths 10 -file ./report/top_timing_paths_synth.rpt
INFO: [Timing 38-91] UpdateTimingParams: Speed grade: -2, Delay Type: max.
INFO: [Timing 38-191] Multithreading enabled for timing update using a maximum of 8 CPUs
INFO: [Timing 38-78] ReportTimingParams: -max_paths 10 -nworst 1 -delay_type max -sort_by slack.
INFO: HLS-REPORT: Running report: report_design_analysis -file ./report/top_design_analysis_synth.rpt
INFO: [Implflow 30-839]  
INFO: HLS-REPORT: Running report: ::tclapp::xilinx::designutils::report_failfast -detailed_report synth -file ./report/top_failfast_synth.rpt
 -I- design metrics completed in 1 seconds
 -I- DONT_TOUCH metric completed in 0 seconds
 -I- MARK_DEBUG metric completed in 1 seconds
 -I- utilization metrics completed in 1 seconds
 -I- control set metrics completed in 1 seconds
 -I- methodology check metrics completed in 3 seconds
 -I- average fanout metrics completed in 2 seconds (0 modules)
 -I- non-FD high fanout nets completed in 3 seconds
 -I- path budgeting metrics completed in 5 seconds
 -I- Generated file /data/home/songqiangxu/project/CNN/instances_tp8_syn_kv260/proj_GELU/work/solution/impl/verilog/report/synth.timing_budget_LUT.rpt
 -I- Generated file /data/home/songqiangxu/project/CNN/instances_tp8_syn_kv260/proj_GELU/work/solution/impl/verilog/report/synth.timing_budget_LUT.csv
 -I- Generated interactive report /data/home/songqiangxu/project/CNN/instances_tp8_syn_kv260/proj_GELU/work/solution/impl/verilog/report/synth.timing_budget_LUT.rpx
#  +-----------------------------------------------------------------------------------------+
#  | Design Summary                                                                          |
#  | design_1                                                                                |
#  | xc7k325tffg900-2                                                                        |
#  +-----------------------------------------------------------+-----------+--------+--------+
#  | Criteria                                                  | Guideline | Actual | Status |
#  +-----------------------------------------------------------+-----------+--------+--------+
#  | LUT                                                       | 70%       | 10.75% | OK     |
#  | FD                                                        | 50%       | 13.46% | OK     |
#  | LUTRAM+SRL                                                | 25%       | 0.00%  | OK     |
#  | MUXF7                                                     | 15%       | 2.34%  | OK     |
#  | DSP                                                       | 80%       | 0.00%  | OK     |
#  | RAMB/FIFO                                                 | 80%       | 50.00% | OK     |
#  | DSP+RAMB+URAM (Avg)                                       | 70%       | 50.00% | OK     |
#  | BUFGCE* + BUFGCTRL                                        | 24        | 0      | OK     |
#  | DONT_TOUCH (cells/nets)                                   | 0         | 0      | OK     |
#  | MARK_DEBUG (nets)                                         | 0         | 0      | OK     |
#  | Control Sets                                              | 3821      | 364    | OK     |
#  | Average Fanout for modules > 100k cells                   | 4         | 0      | OK     |
#  | Non-FD high fanout nets > 10k loads                       | 0         | 0      | OK     |
#  +-----------------------------------------------------------+-----------+--------+--------+
#  | TIMING-6 (No common primary clock between related clocks) | 0         | 0      | OK     |
#  | TIMING-7 (No common node between related clocks)          | 0         | 0      | OK     |
#  | TIMING-8 (No common period between related clocks)        | 0         | 0      | OK     |
#  | TIMING-14 (LUT on the clock tree)                         | 0         | 0      | OK     |
#  | TIMING-35 (No common node in paths with the same clock)   | 0         | 0      | OK     |
#  +-----------------------------------------------------------+-----------+--------+--------+
#  | Number of paths above max LUT budgeting (0.500ns)         | 0         | 16     | REVIEW |
#  | Number of paths above max Net budgeting (0.350ns)         | 0         | 0      | OK     |
#  +-----------------------------------------------------------+-----------+--------+--------+
 -I- Generated file /data/home/songqiangxu/project/CNN/instances_tp8_syn_kv260/proj_GELU/work/solution/impl/verilog/report/top_failfast_synth.rpt
 -I- Number of criteria to review: 1
 -I- This report should be run before placing the design and uses conservative guidelines beyond which runtime and timing closure will likely be more challenging
 -I- report_failfast completed in 17 seconds
TIMESTAMP: HLS-REPORT: synthesis gen_data_dict_vivado: 2026-05-05 16:44:05 CST
TIMESTAMP: HLS-REPORT: synth extract_util_hier: 2026-05-05 16:44:05 CST
TIMESTAMP: HLS-REPORT: synth get_cell_hier_data: 2026-05-05 16:44:05 CST
TIMESTAMP: HLS-REPORT: synth get_timing_paths: 2026-05-05 16:44:05 CST
TIMESTAMP: HLS-REPORT: synth process timing paths: 2026-05-05 16:44:06 CST
TIMESTAMP: HLS-REPORT: synth get_all_vv_rpt_files: 2026-05-05 16:44:06 CST
TIMESTAMP: HLS-REPORT: synthesis write_reports_vivado: 2026-05-05 16:44:06 CST
HLS EXTRACTION: synth area_totals:  0 203800 407600 840 890 0 0
HLS EXTRACTION: synth area_current: 0 21903 54856 0 445 0 0 0 0 0
HLS EXTRACTION: synth resources_dict: AVAIL_LUT 203800 LUT 21903 AVAIL_FF 407600 FF 54856 AVAIL_DSP 840 DSP 0 AVAIL_BRAM 890 BRAM 445 AVAIL_URAM 0 URAM 0 LATCH 0 SRL 0 AVAIL_CLB 0 CLB 0
INFO: HLS-REPORT: generated /data/home/songqiangxu/project/CNN/instances_tp8_syn_kv260/proj_GELU/work/solution/impl/verilog/report/vivado_syn.xml
INFO: HLS-REPORT: generated /data/home/songqiangxu/project/CNN/instances_tp8_syn_kv260/proj_GELU/work/solution/impl/report/verilog/top_export.rpt


Implementation tool: Xilinx Vivado v.2022.1
Project:             work
Solution:            solution
Device target:       xc7k325t-ffg900-2
Report date:         Tue May 05 16:44:06 CST 2026

#=== Post-Synthesis Resource usage ===
SLICE:            0
LUT:          21903
FF:           54856
DSP:              0
BRAM:           445
URAM:             0
LATCH:            0
SRL:              0
CLB:              0

#=== Final timing ===
CP required:                     2.500
CP achieved post-synthesis:      3.127
Timing not met

TIMESTAMP: HLS-REPORT: synthesis end: 2026-05-05 16:44:06 CST
# if { $has_impl } {
#   # launch run impl
#   if { [llength $impl_props] } {
#     set_property -dict $impl_props [get_runs impl_1]
#   }
#   launch_runs impl_1
#   wait_on_run impl_1
#   # impl reports
#   hls_vivado_reports_impl impl_1 $report_options
# }
# hls_vivado_reports_finalize $report_options
TIMESTAMP: HLS-REPORT: all reports complete: 2026-05-05 16:44:06 CST
INFO: [Common 17-206] Exiting Vivado at Tue May  5 16:44:06 2026...
INFO: [HLS 200-802] Generated output file export_ip/GELU.zip
INFO: [HLS 200-111] Finished Command export_design CPU user time: 408.74 seconds. CPU system time: 33.92 seconds. Elapsed time: 373.78 seconds; current allocated memory: 6.043 MB.
INFO: [HLS 200-112] Total CPU user time: 2171.98 seconds. Total CPU system time: 42.96 seconds. Total elapsed time: 2143.68 seconds; peak allocated memory: 1.459 GB.
INFO: [Common 17-206] Exiting vitis_hls at Tue May  5 16:44:10 2026...
