
****** Vitis HLS - High-Level Synthesis from C, C++ and OpenCL v2022.1 (64-bit)
  **** SW Build 3526262 on Mon Apr 18 15:47:01 MDT 2022
  **** IP Build 3524634 on Mon Apr 18 20:55:01 MDT 2022
    ** Copyright 1986-2022 Xilinx, Inc. All Rights Reserved.

source /data/home/songqiangxu/Xilinx/2022.1/Vitis_HLS/2022.1/scripts/vitis_hls/hls.tcl -notrace
INFO: [HLS 200-10] Running '/data/home/songqiangxu/Xilinx/2022.1/Vitis_HLS/2022.1/bin/unwrapped/lnx64.o/vitis_hls'
INFO: [HLS 200-10] For user 'songqiangxu' on host 'dell-Precision-7920-Tower' (Linux_x86_64 version 5.15.0-139-generic) on Tue May 05 16:00:15 CST 2026
INFO: [HLS 200-10] On os Ubuntu 20.04.6 LTS
INFO: [HLS 200-10] In directory '/data/home/songqiangxu/project/CNN/instances_tp8_syn_kv260/proj_CONCAT'
WARNING: [HLS 200-40] Environment variable 'CPLUS_INCLUDE_PATH' is set to /data/home/songqiangxu/project/CNN.
Sourcing Tcl script 'run.tcl'
INFO: [HLS 200-1510] Running: open_project work 
INFO: [HLS 200-10] Creating and opening project '/data/home/songqiangxu/project/CNN/instances_tp8_syn_kv260/proj_CONCAT/work'.
INFO: [HLS 200-1510] Running: add_files case/CONCAT.cpp 
INFO: [HLS 200-10] Adding design file 'case/CONCAT.cpp' to the project
INFO: [HLS 200-1510] Running: add_files -tb case/CONCAT.cpp 
INFO: [HLS 200-10] Adding test bench file 'case/CONCAT.cpp' to the project
INFO: [HLS 200-1510] Running: open_solution solution 
INFO: [HLS 200-10] Creating and opening solution '/data/home/songqiangxu/project/CNN/instances_tp8_syn_kv260/proj_CONCAT/work/solution'.
INFO: [HLS 200-1505] Using default flow_target 'vivado'
Resolution: For help on HLS 200-1505 see www.xilinx.com/cgi-bin/docs/rdoc?v=2022.1;t=hls+guidance;d=200-1505.html
INFO: [HLS 200-435] Setting 'open_solution -flow_target vivado' configuration: config_interface -m_axi_latency=0
INFO: [HLS 200-1510] Running: set_part xc7k325tffg900-2 
INFO: [HLS 200-1611] Setting target device to 'xc7k325t-ffg900-2'
INFO: [HLS 200-1510] Running: set_top top 
INFO: [HLS 200-1510] Running: create_clock -period 2.5 
INFO: [SYN 201-201] Setting up clock 'default' with a period of 2.5ns.
INFO: [HLS 200-1510] Running: config_export -format ip_catalog -rtl verilog -vivado_clock 2.5 -vivado_phys_opt none 
INFO: [HLS 200-1510] Running: config_compile -pipeline_style flp 
INFO: [HLS 200-1510] Running: csynth_design 
INFO: [HLS 200-111] Finished File checks and directory preparation: CPU user time: 0.02 seconds. CPU system time: 0 seconds. Elapsed time: 0.01 seconds; current allocated memory: 1.456 GB.
INFO: [HLS 200-10] Analyzing design file 'case/CONCAT.cpp' ... 
INFO: [HLS 200-111] Finished Source Code Analysis and Preprocessing: CPU user time: 76.13 seconds. CPU system time: 3.02 seconds. Elapsed time: 78.18 seconds; current allocated memory: 458.414 MB.
INFO: [HLS 200-777] Using interface defaults for 'Vivado' flow target.
INFO: [HLS 214-131] Inlining function 'hls::vector<ap_uint<8>, 195ul>::pragma() const' into 'hls::vector<ap_uint<8>, 195ul>::operator[](unsigned long)' (/data/home/songqiangxu/Xilinx/2022.1/Vitis_HLS/2022.1/common/technology/autopilot/hls_vector.h:142:5)
INFO: [HLS 214-131] Inlining function 'hls::vector<ap_uint<8>, 210ul>::pragma() const' into 'hls::vector<ap_uint<8>, 210ul>::operator[](unsigned long)' (/data/home/songqiangxu/Xilinx/2022.1/Vitis_HLS/2022.1/common/technology/autopilot/hls_vector.h:142:5)
INFO: [HLS 214-131] Inlining function 'hls::vector<ap_uint<8>, 410ul>::pragma() const' into 'hls::vector<ap_uint<8>, 410ul>::operator[](unsigned long)' (/data/home/songqiangxu/Xilinx/2022.1/Vitis_HLS/2022.1/common/technology/autopilot/hls_vector.h:142:5)
INFO: [HLS 214-131] Inlining function 'hls::vector<ap_uint<8>, 410ul>::operator[](unsigned long)' into 'Concat<ap_uint<8> >::do_concat(hls::stream<hls::vector<ap_uint<8>, 195ul>, 0>&, hls::stream<hls::vector<ap_uint<8>, 195ul>, 0>&, hls::stream<hls::vector<ap_uint<8>, 210ul>, 0>&, hls::stream<hls::vector<ap_uint<8>, 410ul>, 0>&)' (/data/home/songqiangxu/project/CNN/src/concat.h:132:2)
INFO: [HLS 214-131] Inlining function 'hls::vector<ap_uint<8>, 410ul>::operator[](unsigned long)' into 'Concat<ap_uint<8> >::do_concat(hls::stream<hls::vector<ap_uint<8>, 195ul>, 0>&, hls::stream<hls::vector<ap_uint<8>, 195ul>, 0>&, hls::stream<hls::vector<ap_uint<8>, 210ul>, 0>&, hls::stream<hls::vector<ap_uint<8>, 410ul>, 0>&)' (/data/home/songqiangxu/project/CNN/src/concat.h:121:2)
INFO: [HLS 214-131] Inlining function 'hls::vector<ap_uint<8>, 410ul>::operator[](unsigned long)' into 'Concat<ap_uint<8> >::do_concat(hls::stream<hls::vector<ap_uint<8>, 195ul>, 0>&, hls::stream<hls::vector<ap_uint<8>, 195ul>, 0>&, hls::stream<hls::vector<ap_uint<8>, 210ul>, 0>&, hls::stream<hls::vector<ap_uint<8>, 410ul>, 0>&)' (/data/home/songqiangxu/project/CNN/src/concat.h:110:2)
INFO: [HLS 214-131] Inlining function 'hls::vector<ap_uint<8>, 195ul>::operator[](unsigned long)' into 'Concat<ap_uint<8> >::do_concat(hls::stream<hls::vector<ap_uint<8>, 195ul>, 0>&, hls::stream<hls::vector<ap_uint<8>, 195ul>, 0>&, hls::stream<hls::vector<ap_uint<8>, 210ul>, 0>&, hls::stream<hls::vector<ap_uint<8>, 410ul>, 0>&)' (/data/home/songqiangxu/project/CNN/src/concat.h:87:29)
INFO: [HLS 214-131] Inlining function 'hls::vector<ap_uint<8>, 195ul>::operator[](unsigned long)' into 'Concat<ap_uint<8> >::do_concat(hls::stream<hls::vector<ap_uint<8>, 195ul>, 0>&, hls::stream<hls::vector<ap_uint<8>, 195ul>, 0>&, hls::stream<hls::vector<ap_uint<8>, 210ul>, 0>&, hls::stream<hls::vector<ap_uint<8>, 410ul>, 0>&)' (/data/home/songqiangxu/project/CNN/src/concat.h:93:29)
INFO: [HLS 214-131] Inlining function 'hls::vector<ap_uint<8>, 210ul>::operator[](unsigned long)' into 'Concat<ap_uint<8> >::do_concat(hls::stream<hls::vector<ap_uint<8>, 195ul>, 0>&, hls::stream<hls::vector<ap_uint<8>, 195ul>, 0>&, hls::stream<hls::vector<ap_uint<8>, 210ul>, 0>&, hls::stream<hls::vector<ap_uint<8>, 410ul>, 0>&)' (/data/home/songqiangxu/project/CNN/src/concat.h:99:29)
INFO: [HLS 214-291] Loop 'anonymous' is marked as complete unroll implied by the pipeline pragma (/data/home/songqiangxu/project/CNN/src/concat.h:83:17)
INFO: [HLS 214-291] Loop 'anonymous' is marked as complete unroll implied by the pipeline pragma (/data/home/songqiangxu/project/CNN/src/concat.h:85:21)
INFO: [HLS 214-291] Loop 'anonymous' is marked as complete unroll implied by the pipeline pragma (/data/home/songqiangxu/project/CNN/src/concat.h:89:17)
INFO: [HLS 214-291] Loop 'anonymous' is marked as complete unroll implied by the pipeline pragma (/data/home/songqiangxu/project/CNN/src/concat.h:91:21)
INFO: [HLS 214-291] Loop 'anonymous' is marked as complete unroll implied by the pipeline pragma (/data/home/songqiangxu/project/CNN/src/concat.h:95:17)
INFO: [HLS 214-291] Loop 'anonymous' is marked as complete unroll implied by the pipeline pragma (/data/home/songqiangxu/project/CNN/src/concat.h:97:21)
INFO: [HLS 214-186] Unrolling loop 'anonymous' (/data/home/songqiangxu/project/CNN/src/concat.h:83:17) in function 'Concat<ap_uint<8> >::do_concat' completely with a factor of 13 (/data/home/songqiangxu/project/CNN/src/concat.h:66:0)
INFO: [HLS 214-186] Unrolling loop 'anonymous' (/data/home/songqiangxu/project/CNN/src/concat.h:85:21) in function 'Concat<ap_uint<8> >::do_concat' completely with a factor of 15 (/data/home/songqiangxu/project/CNN/src/concat.h:66:0)
INFO: [HLS 214-186] Unrolling loop 'anonymous' (/data/home/songqiangxu/project/CNN/src/concat.h:89:17) in function 'Concat<ap_uint<8> >::do_concat' completely with a factor of 13 (/data/home/songqiangxu/project/CNN/src/concat.h:66:0)
INFO: [HLS 214-186] Unrolling loop 'anonymous' (/data/home/songqiangxu/project/CNN/src/concat.h:91:21) in function 'Concat<ap_uint<8> >::do_concat' completely with a factor of 15 (/data/home/songqiangxu/project/CNN/src/concat.h:66:0)
INFO: [HLS 214-186] Unrolling loop 'anonymous' (/data/home/songqiangxu/project/CNN/src/concat.h:95:17) in function 'Concat<ap_uint<8> >::do_concat' completely with a factor of 14 (/data/home/songqiangxu/project/CNN/src/concat.h:66:0)
INFO: [HLS 214-186] Unrolling loop 'anonymous' (/data/home/songqiangxu/project/CNN/src/concat.h:97:21) in function 'Concat<ap_uint<8> >::do_concat' completely with a factor of 15 (/data/home/songqiangxu/project/CNN/src/concat.h:66:0)
INFO: [HLS 214-178] Inlining function 'std::__array_traits<ap_uint<8>, 195ul>::_S_ref(ap_uint<8> const (&) [195], unsigned long)' into 'std::array<ap_uint<8>, 195ul>::operator[](unsigned long)' (/data/home/songqiangxu/Xilinx/2022.1/Vitis_HLS/2022.1/tps/lnx64/gcc-8.3.0/lib/gcc/x86_64-pc-linux-gnu/8.3.0/../../../../include/c++/8.3.0/array:186:0)
INFO: [HLS 214-178] Inlining function 'std::__array_traits<ap_uint<8>, 210ul>::_S_ref(ap_uint<8> const (&) [210], unsigned long)' into 'std::array<ap_uint<8>, 210ul>::operator[](unsigned long)' (/data/home/songqiangxu/Xilinx/2022.1/Vitis_HLS/2022.1/tps/lnx64/gcc-8.3.0/lib/gcc/x86_64-pc-linux-gnu/8.3.0/../../../../include/c++/8.3.0/array:186:0)
INFO: [HLS 214-178] Inlining function 'std::__array_traits<ap_uint<8>, 410ul>::_S_ref(ap_uint<8> const (&) [410], unsigned long)' into 'std::array<ap_uint<8>, 410ul>::operator[](unsigned long)' (/data/home/songqiangxu/Xilinx/2022.1/Vitis_HLS/2022.1/tps/lnx64/gcc-8.3.0/lib/gcc/x86_64-pc-linux-gnu/8.3.0/../../../../include/c++/8.3.0/array:186:0)
INFO: [HLS 214-178] Inlining function 'fp_struct<float>::fp_struct(float)' into 'int generic_cast_IEEE754<int, (ap_q_mode)6, float>(float, bool, hls::enable_if<std::numeric_limits<int>::is_signed, bool>::type)' (/wrk/ci/prod/2022.1/rdi_builds/continuous/2022_04_18_3526262/src/shared/hls/clib/hlsmath/include/FloatingPoint/hls_case_IEEE754.h:12:0)
INFO: [HLS 214-178] Inlining function 'fp_struct<float>::mantissa() const' into 'int generic_cast_IEEE754<int, (ap_q_mode)6, float>(float, bool, hls::enable_if<std::numeric_limits<int>::is_signed, bool>::type)' (/wrk/ci/prod/2022.1/rdi_builds/continuous/2022_04_18_3526262/src/shared/hls/clib/hlsmath/include/FloatingPoint/hls_case_IEEE754.h:12:0)
INFO: [HLS 214-178] Inlining function 'fp_struct<float>::expv() const' into 'int generic_cast_IEEE754<int, (ap_q_mode)6, float>(float, bool, hls::enable_if<std::numeric_limits<int>::is_signed, bool>::type)' (/wrk/ci/prod/2022.1/rdi_builds/continuous/2022_04_18_3526262/src/shared/hls/clib/hlsmath/include/FloatingPoint/hls_case_IEEE754.h:12:0)
INFO: [HLS 214-178] Inlining function 'fp_struct<float>::__signbit() const' into 'int generic_cast_IEEE754<int, (ap_q_mode)6, float>(float, bool, hls::enable_if<std::numeric_limits<int>::is_signed, bool>::type)' (/wrk/ci/prod/2022.1/rdi_builds/continuous/2022_04_18_3526262/src/shared/hls/clib/hlsmath/include/FloatingPoint/hls_case_IEEE754.h:12:0)
INFO: [HLS 214-178] Inlining function 'int generic_cast_IEEE754<int, (ap_q_mode)6, float>(float, bool, hls::enable_if<std::numeric_limits<int>::is_signed, bool>::type)' into 'int generic_cast_IEEE754<int, float>(float, bool)' (/wrk/ci/prod/2022.1/rdi_builds/continuous/2022_04_18_3526262/src/shared/hls/clib/hlsmath/include/FloatingPoint/hls_case_IEEE754.h:116:0)
INFO: [HLS 214-178] Inlining function 'int generic_cast_IEEE754<int, float>(float, bool)' into '__hls_fptosi_float_i32' (/wrk/ci/prod/2022.1/rdi_builds/continuous/2022_04_18_3526262/src/shared/hls/clib/hlsmath/src/lib_floatconversion.cpp:51:0)
INFO: [HLS 214-178] Inlining function '__hls_fptosi_float_i32' into 'round_to_even_concat(float)' (/data/home/songqiangxu/project/CNN/src/concat.h:20:0)
INFO: [HLS 214-178] Inlining function 'round_to_even_concat(float)' into 'Concat<ap_uint<8> >::requant_to_concat_domain(ap_uint<8>, float, short)' (/data/home/songqiangxu/project/CNN/src/concat.h:53:0)
INFO: [HLS 214-178] Inlining function 'int clamp<int, int>(int, int, int)' into 'Concat<ap_uint<8> >::requant_to_concat_domain(ap_uint<8>, float, short)' (/data/home/songqiangxu/project/CNN/src/concat.h:53:0)
INFO: [HLS 214-178] Inlining function 'std::array<ap_uint<8>, 195ul>::operator[](unsigned long)' into 'Concat<ap_uint<8> >::do_concat(hls::stream<hls::vector<ap_uint<8>, 195ul>, 0>&, hls::stream<hls::vector<ap_uint<8>, 195ul>, 0>&, hls::stream<hls::vector<ap_uint<8>, 210ul>, 0>&, hls::stream<hls::vector<ap_uint<8>, 410ul>, 0>&)' (/data/home/songqiangxu/project/CNN/src/concat.h:66:0)
INFO: [HLS 214-178] Inlining function 'std::array<ap_uint<8>, 210ul>::operator[](unsigned long)' into 'Concat<ap_uint<8> >::do_concat(hls::stream<hls::vector<ap_uint<8>, 195ul>, 0>&, hls::stream<hls::vector<ap_uint<8>, 195ul>, 0>&, hls::stream<hls::vector<ap_uint<8>, 210ul>, 0>&, hls::stream<hls::vector<ap_uint<8>, 410ul>, 0>&)' (/data/home/songqiangxu/project/CNN/src/concat.h:66:0)
INFO: [HLS 214-178] Inlining function 'std::array<ap_uint<8>, 410ul>::operator[](unsigned long)' into 'Concat<ap_uint<8> >::do_concat(hls::stream<hls::vector<ap_uint<8>, 195ul>, 0>&, hls::stream<hls::vector<ap_uint<8>, 195ul>, 0>&, hls::stream<hls::vector<ap_uint<8>, 210ul>, 0>&, hls::stream<hls::vector<ap_uint<8>, 410ul>, 0>&)' (/data/home/songqiangxu/project/CNN/src/concat.h:66:0)
INFO: [HLS 214-241] Aggregating axis (hls::stream) variable 'i_stream_0' with compact=bit mode in 1560-bits (case/CONCAT.cpp:57:0)
INFO: [HLS 214-241] Aggregating axis (hls::stream) variable 'i_stream_1' with compact=bit mode in 1560-bits (case/CONCAT.cpp:57:0)
INFO: [HLS 214-241] Aggregating axis (hls::stream) variable 'i_stream_2' with compact=bit mode in 1680-bits (case/CONCAT.cpp:57:0)
INFO: [HLS 214-241] Aggregating axis (hls::stream) variable 'o_stream' with compact=bit mode in 3280-bits (case/CONCAT.cpp:57:0)
INFO: [HLS 214-241] Aggregating scalar variable 'out_vec205' with compact=bit mode in 3280-bits (/data/home/songqiangxu/project/CNN/src/concat.h:129:54)
INFO: [HLS 214-241] Aggregating scalar variable 'out_vec172' with compact=bit mode in 3280-bits (/data/home/songqiangxu/project/CNN/src/concat.h:118:54)
INFO: [HLS 214-241] Aggregating scalar variable 'out_vec' with compact=bit mode in 3280-bits (/data/home/songqiangxu/project/CNN/src/concat.h:107:54)
INFO: [HLS 214-241] Aggregating scalar variable 'v0' with compact=bit mode in 1560-bits
INFO: [HLS 214-241] Aggregating scalar variable 'v1' with compact=bit mode in 1560-bits
INFO: [HLS 214-241] Aggregating scalar variable 'v2' with compact=bit mode in 1680-bits
INFO: [HLS 214-270] Inferring pragma 'array_partition type=complete dim=1' for array 'buf0' due to pipeline pragma (/data/home/songqiangxu/project/CNN/src/concat.h:78:9)
INFO: [HLS 214-270] Inferring pragma 'array_partition type=complete dim=2' for array 'buf0' due to pipeline pragma (/data/home/songqiangxu/project/CNN/src/concat.h:78:9)
INFO: [HLS 214-270] Inferring pragma 'array_partition type=complete dim=1' for array 'buf1' due to pipeline pragma (/data/home/songqiangxu/project/CNN/src/concat.h:78:9)
INFO: [HLS 214-270] Inferring pragma 'array_partition type=complete dim=2' for array 'buf1' due to pipeline pragma (/data/home/songqiangxu/project/CNN/src/concat.h:78:9)
INFO: [HLS 214-270] Inferring pragma 'array_partition type=complete dim=1' for array 'buf2' due to pipeline pragma (/data/home/songqiangxu/project/CNN/src/concat.h:78:9)
INFO: [HLS 214-270] Inferring pragma 'array_partition type=complete dim=2' for array 'buf2' due to pipeline pragma (/data/home/songqiangxu/project/CNN/src/concat.h:78:9)
INFO: [HLS 214-248] Applying array_partition to 'buf0': Complete partitioning on dimension 1. Complete partitioning on dimension 2. (/data/home/songqiangxu/project/CNN/src/concat.h:67:16)
INFO: [HLS 214-248] Applying array_partition to 'buf1': Complete partitioning on dimension 1. Complete partitioning on dimension 2. (/data/home/songqiangxu/project/CNN/src/concat.h:68:16)
INFO: [HLS 214-248] Applying array_partition to 'buf2': Complete partitioning on dimension 1. Complete partitioning on dimension 2. (/data/home/songqiangxu/project/CNN/src/concat.h:69:16)
INFO: [HLS 214-131] Inlining function '_llvm.fpga.pack.none.i1560.a195s_struct.ap_uint<8>s' into '_llvm.fpga.unpack.bits.s_class.hls::vector<ap_uint<8>, 195>s.i1560.1'
INFO: [HLS 214-131] Inlining function '_llvm.fpga.pack.none.i1680.a210s_struct.ap_uint<8>s' into '_llvm.fpga.unpack.bits.s_class.hls::vector<ap_uint<8>, 210>s.i1680.1'
INFO: [HLS 214-131] Inlining function '_llvm.fpga.pack.none.i3280.s_class.hls::vector<ap_uint<8>, 410>s' into 'Concat<ap_uint<8> >::do_concat(hls::stream<hls::vector<ap_uint<8>, 195ul>, 0>&, hls::stream<hls::vector<ap_uint<8>, 195ul>, 0>&, hls::stream<hls::vector<ap_uint<8>, 210ul>, 0>&, hls::stream<hls::vector<ap_uint<8>, 410ul>, 0>&) (.1)' (/data/home/songqiangxu/Xilinx/2022.1/Vitis_HLS/2022.1/common/technology/autopilot/hls_stream_39.h:174:9)
INFO: [HLS 214-131] Inlining function '_llvm.fpga.pack.bits.i3280.s_class.hls::vector<ap_uint<8>, 410>s.1' into 'Concat<ap_uint<8> >::do_concat(hls::stream<hls::vector<ap_uint<8>, 195ul>, 0>&, hls::stream<hls::vector<ap_uint<8>, 195ul>, 0>&, hls::stream<hls::vector<ap_uint<8>, 210ul>, 0>&, hls::stream<hls::vector<ap_uint<8>, 410ul>, 0>&) (.1)' (/data/home/songqiangxu/Xilinx/2022.1/Vitis_HLS/2022.1/common/technology/autopilot/hls_stream_39.h:174:9)
INFO: [HLS 214-131] Inlining function '_llvm.fpga.unpack.bits.s_class.hls::vector<ap_uint<8>, 195>s.i1560.1' into 'Concat<ap_uint<8> >::do_concat(hls::stream<hls::vector<ap_uint<8>, 195ul>, 0>&, hls::stream<hls::vector<ap_uint<8>, 195ul>, 0>&, hls::stream<hls::vector<ap_uint<8>, 210ul>, 0>&, hls::stream<hls::vector<ap_uint<8>, 410ul>, 0>&) (.1)' (/data/home/songqiangxu/Xilinx/2022.1/Vitis_HLS/2022.1/common/technology/autopilot/hls_stream_39.h:145:9)
INFO: [HLS 214-131] Inlining function '_llvm.fpga.unpack.bits.s_class.hls::vector<ap_uint<8>, 210>s.i1680.1' into 'Concat<ap_uint<8> >::do_concat(hls::stream<hls::vector<ap_uint<8>, 195ul>, 0>&, hls::stream<hls::vector<ap_uint<8>, 195ul>, 0>&, hls::stream<hls::vector<ap_uint<8>, 210ul>, 0>&, hls::stream<hls::vector<ap_uint<8>, 410ul>, 0>&) (.1)' (/data/home/songqiangxu/Xilinx/2022.1/Vitis_HLS/2022.1/common/technology/autopilot/hls_stream_39.h:145:9)
INFO: [HLS 200-111] Finished Compiling Optimization and Transform: CPU user time: 66.88 seconds. CPU system time: 1.4 seconds. Elapsed time: 68.29 seconds; current allocated memory: 459.984 MB.
INFO: [HLS 200-111] Finished Checking Pragmas: CPU user time: 0 seconds. CPU system time: 0 seconds. Elapsed time: 0 seconds; current allocated memory: 459.984 MB.
INFO: [HLS 200-10] Starting code transformations ...
INFO: [HLS 200-111] Finished Standard Transforms: CPU user time: 31.86 seconds. CPU system time: 0.07 seconds. Elapsed time: 31.92 seconds; current allocated memory: 537.609 MB.
INFO: [HLS 200-10] Checking synthesizability ...
INFO: [HLS 200-111] Finished Checking Synthesizability: CPU user time: 10.4 seconds. CPU system time: 0.04 seconds. Elapsed time: 10.44 seconds; current allocated memory: 576.438 MB.
INFO: [XFORM 203-401] Performing if-conversion on hyperblock to (/data/home/songqiangxu/project/CNN/src/concat.h:59:5) in function 'Concat<ap_uint<8> >::requant_to_concat_domain'... converting 6 basic blocks.
INFO: [XFORM 203-11] Balancing expressions in function 'Concat<ap_uint<8> >::do_concat' (/data/home/songqiangxu/project/CNN/src/concat.h:67:21)...2400 expression(s) balanced.
INFO: [HLS 200-111] Finished Loop, function and other optimizations: CPU user time: 18.05 seconds. CPU system time: 0.1 seconds. Elapsed time: 18.17 seconds; current allocated memory: 778.875 MB.
WARNING: [HLS 200-960] Cannot flatten loop 'Loop-2.1' (/data/home/songqiangxu/project/CNN/src/concat.h:105:17) in function 'Concat<ap_uint<8> >::do_concat' the outer loop is not a perfect loop because there is nontrivial logic in the loop latch.
Resolution: For help on HLS 200-960 see www.xilinx.com/cgi-bin/docs/rdoc?v=2022.1;t=hls+guidance;d=200-960.html
INFO: [XFORM 203-541] Flattening a loop nest 'Loop-2' (/data/home/songqiangxu/project/CNN/src/concat.h:103:13) in function 'Concat<ap_uint<8> >::do_concat'.
WARNING: [HLS 200-960] Cannot flatten loop 'Loop-3.1' (/data/home/songqiangxu/project/CNN/src/concat.h:116:17) in function 'Concat<ap_uint<8> >::do_concat' the outer loop is not a perfect loop because there is nontrivial logic in the loop latch.
Resolution: For help on HLS 200-960 see www.xilinx.com/cgi-bin/docs/rdoc?v=2022.1;t=hls+guidance;d=200-960.html
INFO: [XFORM 203-541] Flattening a loop nest 'Loop-3' (/data/home/songqiangxu/project/CNN/src/concat.h:114:13) in function 'Concat<ap_uint<8> >::do_concat'.
WARNING: [HLS 200-960] Cannot flatten loop 'Loop-4.1' (/data/home/songqiangxu/project/CNN/src/concat.h:127:17) in function 'Concat<ap_uint<8> >::do_concat' the outer loop is not a perfect loop because there is nontrivial logic in the loop latch.
Resolution: For help on HLS 200-960 see www.xilinx.com/cgi-bin/docs/rdoc?v=2022.1;t=hls+guidance;d=200-960.html
INFO: [XFORM 203-541] Flattening a loop nest 'Loop-4' (/data/home/songqiangxu/project/CNN/src/concat.h:125:13) in function 'Concat<ap_uint<8> >::do_concat'.
INFO: [HLS 200-472] Inferring partial write operation for 'buf0.V' (/data/home/songqiangxu/project/CNN/src/concat.h:86:40)
INFO: [HLS 200-472] Inferring partial write operation for 'buf1.V' (/data/home/songqiangxu/project/CNN/src/concat.h:92:40)
INFO: [HLS 200-472] Inferring partial write operation for 'buf2.V' (/data/home/songqiangxu/project/CNN/src/concat.h:98:40)
INFO: [HLS 200-111] Finished Architecture Synthesis: CPU user time: 4.37 seconds. CPU system time: 0.05 seconds. Elapsed time: 4.42 seconds; current allocated memory: 859.340 MB.
INFO: [HLS 200-10] Starting hardware synthesis ...
INFO: [HLS 200-10] Synthesizing 'top' ...
WARNING: [HLS 200-1842] Loop 'Loop 1' cannot be implemented as Flushable(/Unaligned) Pipeline as it did not meet the structural requirements. Changing pipeline style specification to 'style=stp'.
INFO: [HLS 200-10] ----------------------------------------------------------------
INFO: [HLS 200-42] -- Implementing module 'requant_to_concat_domain' 
INFO: [HLS 200-10] ----------------------------------------------------------------
INFO: [SCHED 204-11] Starting scheduling ...
WARNING: [HLS 200-1015] Estimated delay Estimated delay (3.24ns)  of 'sitofp' operation ('conv2', /data/home/songqiangxu/project/CNN/src/concat.h:55) exceeds the target cycle time (target cycle time: 2.5ns, clock uncertainty: 0.675ns, effective cycle time: 1.83ns).

Resolution: For help on HLS 200-1015 see www.xilinx.com/cgi-bin/docs/rdoc?v=2022.1;t=hls+guidance;d=200-1015.html
INFO: [SCHED 204-61] Pipelining function 'requant_to_concat_domain'.
INFO: [HLS 200-1470] Pipelining result : Target II = 0, Final II = 1, Depth = 88, function 'requant_to_concat_domain'
WARNING: [HLS 200-871] Estimated clock period (3.239ns) exceeds the target (target clock period: 2.5ns, clock uncertainty: 0.675ns, effective delay budget: 1.825ns).
Resolution: For help on HLS 200-871 see www.xilinx.com/cgi-bin/docs/rdoc?v=2022.1;t=hls+guidance;d=200-871.html
WARNING: [HLS 200-1016] The critical path in module 'requant_to_concat_domain' consists of the following:	'sitofp' operation ('conv2', /data/home/songqiangxu/project/CNN/src/concat.h:55) [11]  (3.24 ns)

Resolution: For help on HLS 200-1016 see www.xilinx.com/cgi-bin/docs/rdoc?v=2022.1;t=hls+guidance;d=200-1016.html
INFO: [SCHED 204-11] Finished scheduling.
INFO: [HLS 200-111] Finished Scheduling: CPU user time: 0.46 seconds. CPU system time: 0.05 seconds. Elapsed time: 0.52 seconds; current allocated memory: 864.055 MB.
INFO: [BIND 205-100] Starting micro-architecture generation ...
INFO: [BIND 205-101] Performing variable lifetime analysis.
INFO: [BIND 205-101] Exploring resource sharing.
INFO: [BIND 205-101] Binding ...
INFO: [BIND 205-100] Finished micro-architecture generation.
INFO: [HLS 200-111] Finished Binding: CPU user time: 0.42 seconds. CPU system time: 0 seconds. Elapsed time: 0.41 seconds; current allocated memory: 864.055 MB.
INFO: [HLS 200-10] ----------------------------------------------------------------
INFO: [HLS 200-42] -- Implementing module 'do_concat_Pipeline_1' 
INFO: [HLS 200-10] ----------------------------------------------------------------
INFO: [SCHED 204-11] Starting scheduling ...
WARNING: [HLS 200-1015] Estimated delay Estimated delay (3.24ns)  of 'call' operation ('ref_tmp_assign_s', /data/home/songqiangxu/project/CNN/src/concat.h:86) to 'requant_to_concat_domain' exceeds the target cycle time (target cycle time: 2.5ns, clock uncertainty: 0.675ns, effective cycle time: 1.83ns).

Resolution: For help on HLS 200-1015 see www.xilinx.com/cgi-bin/docs/rdoc?v=2022.1;t=hls+guidance;d=200-1015.html
INFO: [SCHED 204-61] Pipelining loop 'Loop 1'.
INFO: [HLS 200-1470] Pipelining result : Target II = 1, Final II = 1, Depth = 91, loop 'Loop 1'
WARNING: [HLS 200-871] Estimated clock period (3.239ns) exceeds the target (target clock period: 2.5ns, clock uncertainty: 0.675ns, effective delay budget: 1.825ns).
Resolution: For help on HLS 200-871 see www.xilinx.com/cgi-bin/docs/rdoc?v=2022.1;t=hls+guidance;d=200-871.html
WARNING: [HLS 200-1016] The critical path in module 'do_concat_Pipeline_1' consists of the following:	'call' operation ('ref_tmp_assign_s', /data/home/songqiangxu/project/CNN/src/concat.h:86) to 'requant_to_concat_domain' [1822]  (3.24 ns)

Resolution: For help on HLS 200-1016 see www.xilinx.com/cgi-bin/docs/rdoc?v=2022.1;t=hls+guidance;d=200-1016.html
INFO: [SCHED 204-11] Finished scheduling.
INFO: [HLS 200-111] Finished Scheduling: CPU user time: 3.06 seconds. CPU system time: 0.04 seconds. Elapsed time: 3.12 seconds; current allocated memory: 935.547 MB.
INFO: [BIND 205-100] Starting micro-architecture generation ...
INFO: [BIND 205-101] Performing variable lifetime analysis.
INFO: [BIND 205-101] Exploring resource sharing.
INFO: [BIND 205-101] Binding ...
INFO: [BIND 205-100] Finished micro-architecture generation.
INFO: [HLS 200-111] Finished Binding: CPU user time: 22.13 seconds. CPU system time: 0.11 seconds. Elapsed time: 22.23 seconds; current allocated memory: 1.004 GB.
INFO: [HLS 200-10] ----------------------------------------------------------------
INFO: [HLS 200-42] -- Implementing module 'do_concat_Pipeline_2' 
INFO: [HLS 200-10] ----------------------------------------------------------------
INFO: [SCHED 204-11] Starting scheduling ...
INFO: [SCHED 204-61] Pipelining loop 'Loop 1'.
INFO: [HLS 200-1470] Pipelining result : Target II = NA, Final II = 1, Depth = 8, loop 'Loop 1'
INFO: [SCHED 204-11] Finished scheduling.
INFO: [HLS 200-111] Finished Scheduling: CPU user time: 59.82 seconds. CPU system time: 0.1 seconds. Elapsed time: 59.92 seconds; current allocated memory: 1.011 GB.
INFO: [BIND 205-100] Starting micro-architecture generation ...
INFO: [BIND 205-101] Performing variable lifetime analysis.
INFO: [BIND 205-101] Exploring resource sharing.
INFO: [BIND 205-101] Binding ...
INFO: [BIND 205-100] Finished micro-architecture generation.
INFO: [HLS 200-111] Finished Binding: CPU user time: 0.24 seconds. CPU system time: 0 seconds. Elapsed time: 0.24 seconds; current allocated memory: 1.011 GB.
INFO: [HLS 200-10] ----------------------------------------------------------------
INFO: [HLS 200-42] -- Implementing module 'do_concat_Pipeline_3' 
INFO: [HLS 200-10] ----------------------------------------------------------------
INFO: [SCHED 204-11] Starting scheduling ...
INFO: [SCHED 204-61] Pipelining loop 'Loop 1'.
INFO: [HLS 200-1470] Pipelining result : Target II = NA, Final II = 1, Depth = 8, loop 'Loop 1'
INFO: [SCHED 204-11] Finished scheduling.
INFO: [HLS 200-111] Finished Scheduling: CPU user time: 0.56 seconds. CPU system time: 0.01 seconds. Elapsed time: 0.57 seconds; current allocated memory: 1.016 GB.
INFO: [BIND 205-100] Starting micro-architecture generation ...
INFO: [BIND 205-101] Performing variable lifetime analysis.
INFO: [BIND 205-101] Exploring resource sharing.
INFO: [BIND 205-101] Binding ...
INFO: [BIND 205-100] Finished micro-architecture generation.
INFO: [HLS 200-111] Finished Binding: CPU user time: 0.2 seconds. CPU system time: 0 seconds. Elapsed time: 0.21 seconds; current allocated memory: 1.016 GB.
INFO: [HLS 200-10] ----------------------------------------------------------------
INFO: [HLS 200-42] -- Implementing module 'do_concat_Pipeline_4' 
INFO: [HLS 200-10] ----------------------------------------------------------------
INFO: [SCHED 204-11] Starting scheduling ...
INFO: [SCHED 204-61] Pipelining loop 'Loop 1'.
INFO: [HLS 200-1470] Pipelining result : Target II = NA, Final II = 1, Depth = 8, loop 'Loop 1'
INFO: [SCHED 204-11] Finished scheduling.
INFO: [HLS 200-111] Finished Scheduling: CPU user time: 0.6 seconds. CPU system time: 0.02 seconds. Elapsed time: 0.62 seconds; current allocated memory: 1.022 GB.
INFO: [BIND 205-100] Starting micro-architecture generation ...
INFO: [BIND 205-101] Performing variable lifetime analysis.
INFO: [BIND 205-101] Exploring resource sharing.
INFO: [BIND 205-101] Binding ...
INFO: [BIND 205-100] Finished micro-architecture generation.
INFO: [HLS 200-111] Finished Binding: CPU user time: 0.22 seconds. CPU system time: 0.01 seconds. Elapsed time: 0.22 seconds; current allocated memory: 1.022 GB.
INFO: [HLS 200-10] ----------------------------------------------------------------
INFO: [HLS 200-42] -- Implementing module 'do_concat' 
INFO: [HLS 200-10] ----------------------------------------------------------------
INFO: [SCHED 204-11] Starting scheduling ...
INFO: [SCHED 204-11] Finished scheduling.
INFO: [HLS 200-111] Finished Scheduling: CPU user time: 0.43 seconds. CPU system time: 0.01 seconds. Elapsed time: 0.43 seconds; current allocated memory: 1.030 GB.
INFO: [BIND 205-100] Starting micro-architecture generation ...
INFO: [BIND 205-101] Performing variable lifetime analysis.
INFO: [BIND 205-101] Exploring resource sharing.
INFO: [BIND 205-101] Binding ...
INFO: [BIND 205-100] Finished micro-architecture generation.
INFO: [HLS 200-111] Finished Binding: CPU user time: 20.05 seconds. CPU system time: 0.01 seconds. Elapsed time: 20.07 seconds; current allocated memory: 1.030 GB.
INFO: [HLS 200-10] ----------------------------------------------------------------
INFO: [HLS 200-42] -- Implementing module 'top' 
INFO: [HLS 200-10] ----------------------------------------------------------------
INFO: [SCHED 204-11] Starting scheduling ...
INFO: [SCHED 204-11] Finished scheduling.
INFO: [HLS 200-111] Finished Scheduling: CPU user time: 59.26 seconds. CPU system time: 0.02 seconds. Elapsed time: 59.29 seconds; current allocated memory: 1.030 GB.
INFO: [BIND 205-100] Starting micro-architecture generation ...
INFO: [BIND 205-101] Performing variable lifetime analysis.
INFO: [BIND 205-101] Exploring resource sharing.
INFO: [BIND 205-101] Binding ...
INFO: [BIND 205-100] Finished micro-architecture generation.
INFO: [HLS 200-111] Finished Binding: CPU user time: 19.64 seconds. CPU system time: 0.01 seconds. Elapsed time: 19.65 seconds; current allocated memory: 1.030 GB.
INFO: [HLS 200-10] ----------------------------------------------------------------
INFO: [HLS 200-10] -- Generating RTL for module 'requant_to_concat_domain' 
INFO: [HLS 200-10] ----------------------------------------------------------------
INFO: [RTGEN 206-100] Generating core module 'fadd_32ns_32ns_32_12_no_dsp_0': 1 instance(s).
INFO: [RTGEN 206-100] Generating core module 'fcmp_32ns_32ns_1_4_no_dsp_0': 4 instance(s).
INFO: [RTGEN 206-100] Generating core module 'fdiv_32ns_32ns_32_30_no_dsp_0': 1 instance(s).
INFO: [RTGEN 206-100] Generating core module 'fmul_32ns_32ns_32_8_max_dsp_0': 1 instance(s).
INFO: [RTGEN 206-100] Generating core module 'fsub_32ns_32ns_32_12_no_dsp_0': 2 instance(s).
INFO: [RTGEN 206-100] Generating core module 'lshr_79ns_32ns_79_4_0': 1 instance(s).
INFO: [RTGEN 206-100] Generating core module 'shl_79ns_32ns_79_4_0': 1 instance(s).
INFO: [RTGEN 206-100] Generating core module 'sitofp_32ns_32_7_no_dsp_0': 2 instance(s).
INFO: [RTGEN 206-100] Generating core module 'sitofp_32s_32_7_no_dsp_0': 1 instance(s).
INFO: [RTGEN 206-100] Finished creating RTL model for 'requant_to_concat_domain'.
INFO: [HLS 200-111] Finished Creating RTL model: CPU user time: 58.88 seconds. CPU system time: 0.02 seconds. Elapsed time: 58.91 seconds; current allocated memory: 1.031 GB.
INFO: [HLS 200-10] ----------------------------------------------------------------
INFO: [HLS 200-10] -- Generating RTL for module 'do_concat_Pipeline_1' 
INFO: [HLS 200-10] ----------------------------------------------------------------
INFO: [HLS 200-1030] Apply Unified Pipeline Control on module 'do_concat_Pipeline_1' pipeline 'Loop 1' pipeline type 'loop pipeline'
INFO: [RTGEN 206-104] Estimated max fanout for 'do_concat_Pipeline_1' is 10200 from HDL expression: ((1'b0 == ap_block_pp0_stage0) & (ap_enable_reg_pp0_iter90 == 1'b1))
INFO: [RTGEN 206-100] Finished creating RTL model for 'do_concat_Pipeline_1'.
INFO: [HLS 200-111] Finished Creating RTL model: CPU user time: 7.72 seconds. CPU system time: 0.16 seconds. Elapsed time: 7.87 seconds; current allocated memory: 1.314 GB.
INFO: [HLS 200-10] ----------------------------------------------------------------
INFO: [HLS 200-10] -- Generating RTL for module 'do_concat_Pipeline_2' 
INFO: [HLS 200-10] ----------------------------------------------------------------
INFO: [RTGEN 206-104] Estimated max fanout for 'do_concat_Pipeline_2' is 6560 from HDL expression: ((1'b1 == ap_CS_iter6_fsm_state7) & (icmp_ln108_reg_3600_pp0_iter5_reg == 1'd0))
INFO: [RTGEN 206-100] Generating core module 'mux_134_8_1_1': 1 instance(s).
INFO: [RTGEN 206-100] Generating core module 'mux_154_8_1_1': 13 instance(s).
INFO: [RTGEN 206-100] Generating core module 'shl_3280ns_12ns_3280_2_1': 2 instance(s).
INFO: [RTGEN 206-100] Finished creating RTL model for 'do_concat_Pipeline_2'.
INFO: [HLS 200-111] Finished Creating RTL model: CPU user time: 63.99 seconds. CPU system time: 0.28 seconds. Elapsed time: 64.28 seconds; current allocated memory: 1.376 GB.
INFO: [HLS 200-10] ----------------------------------------------------------------
INFO: [HLS 200-10] -- Generating RTL for module 'do_concat_Pipeline_3' 
INFO: [HLS 200-10] ----------------------------------------------------------------
INFO: [RTGEN 206-104] Estimated max fanout for 'do_concat_Pipeline_3' is 6560 from HDL expression: ((1'b1 == ap_CS_iter6_fsm_state7) & (icmp_ln119_reg_3600_pp0_iter5_reg == 1'd0))
INFO: [RTGEN 206-100] Generating core module 'mux_134_8_1_1': 1 instance(s).
INFO: [RTGEN 206-100] Generating core module 'mux_154_8_1_1': 13 instance(s).
INFO: [RTGEN 206-100] Generating core module 'shl_3280ns_12ns_3280_2_1': 2 instance(s).
INFO: [RTGEN 206-100] Finished creating RTL model for 'do_concat_Pipeline_3'.
INFO: [HLS 200-111] Finished Creating RTL model: CPU user time: 0.51 seconds. CPU system time: 0.02 seconds. Elapsed time: 0.53 seconds; current allocated memory: 1.378 GB.
INFO: [HLS 200-10] ----------------------------------------------------------------
INFO: [HLS 200-10] -- Generating RTL for module 'do_concat_Pipeline_4' 
INFO: [HLS 200-10] ----------------------------------------------------------------
INFO: [RTGEN 206-104] Estimated max fanout for 'do_concat_Pipeline_4' is 6560 from HDL expression: ((1'b1 == ap_CS_iter6_fsm_state7) & (icmp_ln130_reg_3862_pp0_iter5_reg == 1'd0))
INFO: [RTGEN 206-100] Generating core module 'mux_144_8_1_1': 1 instance(s).
INFO: [RTGEN 206-100] Generating core module 'mux_154_8_1_1': 14 instance(s).
INFO: [RTGEN 206-100] Generating core module 'shl_3280ns_12ns_3280_2_1': 2 instance(s).
INFO: [RTGEN 206-100] Finished creating RTL model for 'do_concat_Pipeline_4'.
INFO: [HLS 200-111] Finished Creating RTL model: CPU user time: 0.56 seconds. CPU system time: 0.02 seconds. Elapsed time: 0.58 seconds; current allocated memory: 1.393 GB.
INFO: [HLS 200-10] ----------------------------------------------------------------
INFO: [HLS 200-10] -- Generating RTL for module 'do_concat' 
INFO: [HLS 200-10] ----------------------------------------------------------------
INFO: [RTGEN 206-100] Finished creating RTL model for 'do_concat'.
INFO: [HLS 200-111] Finished Creating RTL model: CPU user time: 0.7 seconds. CPU system time: 0.05 seconds. Elapsed time: 0.75 seconds; current allocated memory: 1.436 GB.
INFO: [HLS 200-10] ----------------------------------------------------------------
INFO: [HLS 200-10] -- Generating RTL for module 'top' 
INFO: [HLS 200-10] ----------------------------------------------------------------
WARNING: [RTGEN 206-101] Design contains AXI ports. Reset is fixed to synchronous and active low.
INFO: [RTGEN 206-500] Setting interface mode on port 'top/i_stream_0' to 'axis' (register, both mode).
INFO: [RTGEN 206-500] Setting interface mode on port 'top/i_stream_1' to 'axis' (register, both mode).
INFO: [RTGEN 206-500] Setting interface mode on port 'top/i_stream_2' to 'axis' (register, both mode).
INFO: [RTGEN 206-500] Setting interface mode on port 'top/o_stream' to 'axis' (register, both mode).
INFO: [RTGEN 206-500] Setting interface mode on function 'top' to 'ap_ctrl_chain'.
INFO: [RTGEN 206-100] Finished creating RTL model for 'top'.
INFO: [HLS 200-111] Finished Creating RTL model: CPU user time: 61.05 seconds. CPU system time: 0.09 seconds. Elapsed time: 61.15 seconds; current allocated memory: 1.457 GB.
INFO: [RTMG 210-286] Generating pipelined shifter : 'top_lshr_79ns_32ns_79_4_0'
INFO: [RTMG 210-286] Generating pipelined shifter : 'top_shl_79ns_32ns_79_4_0'
INFO: [RTMG 210-286] Generating pipelined shifter : 'top_shl_3280ns_12ns_3280_2_1'
INFO: [RTMG 210-278] Implementing memory 'top_do_concat_buf0_V_RAM_2P_BRAM_2R1W_ram (RAM_2P_BRAM)' using block RAMs.
INFO: [HLS 200-111] Finished Generating all RTL models: CPU user time: 60.78 seconds. CPU system time: 0.12 seconds. Elapsed time: 60.89 seconds; current allocated memory: 1.462 GB.
INFO: [HLS 200-111] Finished Updating report files: CPU user time: 2.75 seconds. CPU system time: 0.04 seconds. Elapsed time: 2.8 seconds; current allocated memory: 1.486 GB.
INFO: [VHDL 208-304] Generating VHDL RTL for top.
INFO: [VLOG 209-307] Generating Verilog RTL for top.
INFO: [HLS 200-790] **** Loop Constraint Status: All loop constraints were satisfied.
INFO: [HLS 200-789] **** Estimated Fmax: 308.74 MHz
INFO: [HLS 200-111] Finished Command csynth_design CPU user time: 651.82 seconds. CPU system time: 5.88 seconds. Elapsed time: 656.78 seconds; current allocated memory: 31.168 MB.
INFO: [HLS 200-1510] Running: export_design -description CONCAT_DESC -display_name CONCAT_DISP -flow syn -library HLS -vendor PKU -version 1.0 -taxonomy IP Core -output export_ip/CONCAT -ipname CONCAT 
INFO: [IMPL 213-8] Exporting RTL as a Vivado IP.

****** Vivado v2022.1 (64-bit)
  **** SW Build 3526262 on Mon Apr 18 15:47:01 MDT 2022
  **** IP Build 3524634 on Mon Apr 18 20:55:01 MDT 2022
    ** Copyright 1986-2022 Xilinx, Inc. All Rights Reserved.

source run_ippack.tcl -notrace
INFO: [IP_Flow 19-234] Refreshing IP repositories
INFO: [IP_Flow 19-1704] No user IP repositories specified
INFO: [IP_Flow 19-2313] Loaded Vivado IP repository '/data/home/songqiangxu/Xilinx/2022.1/Vivado/2022.1/data/ip'.
WARNING: [IP_Flow 19-4832] The IP name 'top_fadd_32ns_32ns_32_12_no_dsp_0_ip' you have specified is long. The Windows operating system has path length limitations. It is recommended you use shorter names to reduce the likelihood of issues.
INFO: [IP_Flow 19-1686] Generating 'Synthesis' target for IP 'top_fadd_32ns_32ns_32_12_no_dsp_0_ip'...
INFO: [IP_Flow 19-1686] Generating 'Simulation' target for IP 'top_fadd_32ns_32ns_32_12_no_dsp_0_ip'...
WARNING: [IP_Flow 19-4832] The IP name 'top_fcmp_32ns_32ns_1_4_no_dsp_0_ip' you have specified is long. The Windows operating system has path length limitations. It is recommended you use shorter names to reduce the likelihood of issues.
INFO: [IP_Flow 19-1686] Generating 'Synthesis' target for IP 'top_fcmp_32ns_32ns_1_4_no_dsp_0_ip'...
INFO: [IP_Flow 19-1686] Generating 'Simulation' target for IP 'top_fcmp_32ns_32ns_1_4_no_dsp_0_ip'...
WARNING: [IP_Flow 19-4832] The IP name 'top_fdiv_32ns_32ns_32_30_no_dsp_0_ip' you have specified is long. The Windows operating system has path length limitations. It is recommended you use shorter names to reduce the likelihood of issues.
INFO: [IP_Flow 19-1686] Generating 'Synthesis' target for IP 'top_fdiv_32ns_32ns_32_30_no_dsp_0_ip'...
INFO: [IP_Flow 19-1686] Generating 'Simulation' target for IP 'top_fdiv_32ns_32ns_32_30_no_dsp_0_ip'...
WARNING: [IP_Flow 19-4832] The IP name 'top_fmul_32ns_32ns_32_8_max_dsp_0_ip' you have specified is long. The Windows operating system has path length limitations. It is recommended you use shorter names to reduce the likelihood of issues.
INFO: [IP_Flow 19-1686] Generating 'Synthesis' target for IP 'top_fmul_32ns_32ns_32_8_max_dsp_0_ip'...
INFO: [IP_Flow 19-1686] Generating 'Simulation' target for IP 'top_fmul_32ns_32ns_32_8_max_dsp_0_ip'...
WARNING: [IP_Flow 19-4832] The IP name 'top_fsub_32ns_32ns_32_12_no_dsp_0_ip' you have specified is long. The Windows operating system has path length limitations. It is recommended you use shorter names to reduce the likelihood of issues.
INFO: [IP_Flow 19-1686] Generating 'Synthesis' target for IP 'top_fsub_32ns_32ns_32_12_no_dsp_0_ip'...
INFO: [IP_Flow 19-1686] Generating 'Simulation' target for IP 'top_fsub_32ns_32ns_32_12_no_dsp_0_ip'...
WARNING: [IP_Flow 19-4832] The IP name 'top_sitofp_32ns_32_7_no_dsp_0_ip' you have specified is long. The Windows operating system has path length limitations. It is recommended you use shorter names to reduce the likelihood of issues.
INFO: [IP_Flow 19-1686] Generating 'Synthesis' target for IP 'top_sitofp_32ns_32_7_no_dsp_0_ip'...
INFO: [IP_Flow 19-1686] Generating 'Simulation' target for IP 'top_sitofp_32ns_32_7_no_dsp_0_ip'...
WARNING: [IP_Flow 19-4832] The IP name 'top_sitofp_32s_32_7_no_dsp_0_ip' you have specified is long. The Windows operating system has path length limitations. It is recommended you use shorter names to reduce the likelihood of issues.
INFO: [IP_Flow 19-1686] Generating 'Synthesis' target for IP 'top_sitofp_32s_32_7_no_dsp_0_ip'...
INFO: [IP_Flow 19-1686] Generating 'Simulation' target for IP 'top_sitofp_32s_32_7_no_dsp_0_ip'...
INFO: [IP_Flow 19-234] Refreshing IP repositories
INFO: [IP_Flow 19-1704] No user IP repositories specified
INFO: [IP_Flow 19-2313] Loaded Vivado IP repository '/data/home/songqiangxu/Xilinx/2022.1/Vivado/2022.1/data/ip'.
INFO: [Common 17-206] Exiting Vivado at Tue May  5 16:22:54 2026...
INFO: [IMPL 213-8] Starting RTL evaluation using Vivado ...

****** Vivado v2022.1 (64-bit)
  **** SW Build 3526262 on Mon Apr 18 15:47:01 MDT 2022
  **** IP Build 3524634 on Mon Apr 18 20:55:01 MDT 2022
    ** Copyright 1986-2022 Xilinx, Inc. All Rights Reserved.

source run_vivadosyn.tcl
# source ./settings.tcl
## set top_module top
## set language verilog
## set family kintex7
## set device xc7k325t
## set package -ffg900
## set speed -2
## set clock ap_clk
## set fsm_ext "off"
## set add_io_buffers false ;
# source -notrace ./extraction.tcl
# set vivado_proj_name project
# set vivado_proj_dir .
# set target_device "${device}${package}${speed}"
# set target_clk_period_ns "2.5"
# set target_clk_freq_hz [expr {floor(1000 / $target_clk_period_ns) * 1000000}]
# set ip_vlnv PKU:HLS:CONCAT:1.0
# set ip_repo_path ../ip
# set bd_design_name bd_0
# set bd_inst_name hls_inst
# set bd_props {}
# set has_synth true
# set synth_design_args {-directive sdx_optimization_effort_high}
# set synth_dcp ""
# set synth_props {}
# set has_impl false
# set impl_props {}
# set report_options [dict create]
# dict set report_options report_level 2
# dict set report_options report_max_paths 10
# dict set report_options stdout_hls_reports 1
# dict set report_options stdout_vivado_reports 0
# dict set report_options hls_project work
# dict set report_options hls_solution solution
# dict set report_options has_synth $has_synth
# dict set report_options has_impl $has_impl
# dict set report_options vivado_reportbasename $top_module
# dict set report_options vivado_reportdir ./report
# dict set report_options hls_impl_dir ..
# dict set report_options hls_reportdir ../report/$language
# dict set report_options target_clk_period $target_clk_period_ns
# dict set report_options target_device $target_device
# dict set report_options language $language
# dict set report_options clock_name $clock
# dict set report_options error_if_impl_timing_fails false
# dict set report_options bindmodules {top_fadd_32ns_32ns_32_12_no_dsp_0 top_fsub_32ns_32ns_32_12_no_dsp_0 top_fmul_32ns_32ns_32_8_max_dsp_0 top_fdiv_32ns_32ns_32_30_no_dsp_0 top_sitofp_32s_32_7_no_dsp_0 top_sitofp_32ns_32_7_no_dsp_0 top_fcmp_32ns_32ns_1_4_no_dsp_0 top_lshr_79ns_32ns_79_4_0 top_shl_79ns_32ns_79_4_0 top_flow_control_loop_pipe_sequential_init top_mux_154_8_1_1 top_mux_134_8_1_1 top_shl_3280ns_12ns_3280_2_1 top_mux_144_8_1_1 top_do_concat_buf0_V_RAM_2P_BRAM_2R1W top_regslice_both}
# dict set report_options max_module_depth 8
# create_project $vivado_proj_name $vivado_proj_dir -part $target_device -force
# set_property target_language $language [current_project]
# if { ![file exists $ip_repo_path] } {
#   error "Cannot find packaged HLS IP"
# }
# set_property ip_repo_paths [file normalize $ip_repo_path] [current_project]
# update_ip_catalog
INFO: [IP_Flow 19-234] Refreshing IP repositories
INFO: [IP_Flow 19-1700] Loaded user IP repository '/data/home/songqiangxu/project/CNN/instances_tp8_syn_kv260/proj_CONCAT/work/solution/impl/ip'.
INFO: [IP_Flow 19-2313] Loaded Vivado IP repository '/data/home/songqiangxu/Xilinx/2022.1/Vivado/2022.1/data/ip'.
# create_bd_design $bd_design_name
Wrote  : </data/home/songqiangxu/project/CNN/instances_tp8_syn_kv260/proj_CONCAT/work/solution/impl/verilog/project.srcs/sources_1/bd/bd_0/bd_0.bd> 
# set cell_inst [create_bd_cell -type ip -vlnv $ip_vlnv $bd_inst_name]
# if { [llength $bd_props] } { 
#   set_property -dict $bd_props $cell_inst 
# }
# make_bd_pins_external $cell_inst
# make_bd_intf_pins_external $cell_inst
# set bd_clk_ports [get_bd_ports -filter {TYPE==clk}]
# if { [llength $bd_clk_ports] && $target_clk_freq_hz ne "" } { 
#   set_property CONFIG.FREQ_HZ $target_clk_freq_hz $bd_clk_ports 
# }
# foreach bd_port [get_bd_intf_ports] {
#   set_property name [regsub {_0$} [get_property name $bd_port] {}] $bd_port
# }
# foreach bd_port [get_bd_ports -filter {INTF!=TRUE}] {
#   set_property name [regsub {_0$} [get_property name $bd_port] {}] $bd_port
# }
# set s_axi_addr_width_min 32
WARNING: [BD 5-233] No interface ports matched 'get_bd_intf_ports -filter {MODE == "Slave" && VLNV =~ "xilinx.com:interface:aximm_rtl:*"}'
# foreach bd_port [get_bd_intf_ports -filter {MODE == "Slave" && VLNV =~ "xilinx.com:interface:aximm_rtl:*"}] {
#   set bd_port_addr_width [get_property CONFIG.ADDR_WIDTH $bd_port]
#   if { $bd_port_addr_width < $s_axi_addr_width_min } {
#     puts "INFO: Updating $bd_port CONFIG.ADDR_WIDTH to $s_axi_addr_width_min"
#     set_property CONFIG.ADDR_WIDTH $s_axi_addr_width_min $bd_port
#   }
# }
# set_msg_config -id {[BD 41-1265]} -severity {CRITICAL WARNING} -new_severity {INFO}
# assign_bd_address
Wrote  : </data/home/songqiangxu/project/CNN/instances_tp8_syn_kv260/proj_CONCAT/work/solution/impl/verilog/project.srcs/sources_1/bd/bd_0/bd_0.bd> 
Verilog Output written to : /data/home/songqiangxu/project/CNN/instances_tp8_syn_kv260/proj_CONCAT/work/solution/impl/verilog/project.gen/sources_1/bd/bd_0/synth/bd_0.v
Verilog Output written to : /data/home/songqiangxu/project/CNN/instances_tp8_syn_kv260/proj_CONCAT/work/solution/impl/verilog/project.gen/sources_1/bd/bd_0/sim/bd_0.v
Verilog Output written to : /data/home/songqiangxu/project/CNN/instances_tp8_syn_kv260/proj_CONCAT/work/solution/impl/verilog/project.gen/sources_1/bd/bd_0/hdl/bd_0_wrapper.v
# set toprtl [make_wrapper -files [get_files ${bd_design_name}.bd] -top]
# add_files -norecurse $toprtl
# set top_inst_name [file root [file tail $toprtl]]
# puts "Using BD top: $top_inst_name"
Using BD top: bd_0_wrapper
# set xdc_files [glob -nocomplain ./*.xdc]
# if { [llength $xdc_files] } {
#     add_files -fileset constrs_1 -norecurse $xdc_files
# }
# launch_runs synth_1 -scripts_only
INFO: [BD 41-1662] The design 'bd_0.bd' is already validated. Therefore parameter propagation will not be re-run.
Verilog Output written to : /data/home/songqiangxu/project/CNN/instances_tp8_syn_kv260/proj_CONCAT/work/solution/impl/verilog/project.gen/sources_1/bd/bd_0/synth/bd_0.v
Verilog Output written to : /data/home/songqiangxu/project/CNN/instances_tp8_syn_kv260/proj_CONCAT/work/solution/impl/verilog/project.gen/sources_1/bd/bd_0/sim/bd_0.v
Verilog Output written to : /data/home/songqiangxu/project/CNN/instances_tp8_syn_kv260/proj_CONCAT/work/solution/impl/verilog/project.gen/sources_1/bd/bd_0/hdl/bd_0_wrapper.v
INFO: [BD 41-1029] Generation completed for the IP Integrator block hls_inst .
Exporting to file /data/home/songqiangxu/project/CNN/instances_tp8_syn_kv260/proj_CONCAT/work/solution/impl/verilog/project.gen/sources_1/bd/bd_0/hw_handoff/bd_0.hwh
Generated Hardware Definition File /data/home/songqiangxu/project/CNN/instances_tp8_syn_kv260/proj_CONCAT/work/solution/impl/verilog/project.gen/sources_1/bd/bd_0/synth/bd_0.hwdef
WARNING: [Vivado 12-7122] Auto Incremental Compile:: No reference checkpoint was found in run synth_1. Auto-incremental flow will not be run, the standard flow will be run instead.
launch_runs: Time (s): cpu = 00:00:06 ; elapsed = 00:00:07 . Memory (MB): peak = 3041.730 ; gain = 72.035 ; free physical = 30438 ; free virtual = 103294
# foreach run [get_runs -filter {IS_SYNTHESIS == 1}] {
#   reset_run [get_runs $run]
# }
# set_property XPM_LIBRARIES {XPM_MEMORY XPM_FIFO} [current_project]
# hls_vivado_reports_setup $report_options
TIMESTAMP: HLS-REPORT: initialize report directories: 2026-05-05 16:23:19 CST
# if { $has_synth || $has_impl } {
#   # synth properties setting
#   set_property -name {STEPS.SYNTH_DESIGN.ARGS.MORE OPTIONS} -value {-mode out_of_context} -objects [get_runs synth_1]
#   set ip_inst [get_ips -quiet ${bd_design_name}*${bd_inst_name}*]
#   if { ![llength $ip_inst] } {
#       error "Cannot find HLS IP instance: ${bd_design_name}*${bd_inst_name}*"
#   }
#   set synth_run [get_runs -filter {IS_SYNTHESIS == 1} ${ip_inst}*]
#   if { ![llength $synth_run] } {
#       error "Cannot find synth run for HLS IP: ${ip_inst}*"
#   }
# 
#   if { [llength $synth_design_args] } {
#       set_property -name {STEPS.SYNTH_DESIGN.ARGS.MORE OPTIONS} -value $synth_design_args -objects $synth_run
#   }
# 
#   if { [llength $synth_props] } {
#     set_property -dict $synth_props $synth_run
#   }
# 
#   # launch run synth
#   launch_runs synth_1
#   wait_on_run synth_1
#   # synth reports
#   hls_vivado_reports_synth synth_1 $report_options
#   if { $synth_dcp ne "" } {
#     file mkdir [file dirname $synth_dcp]
#     set run_dcp [glob -nocomplain [get_property DIRECTORY $synth_run]/*.dcp]
#     if { [llength $run_dcp] != 1 } { error "Cannot find single dcp file for run $synth_run" }
#     file copy -force $run_dcp $synth_dcp
#   }
# }
WARNING: [Vivado 12-7122] Auto Incremental Compile:: No reference checkpoint was found in run synth_1. Auto-incremental flow will not be run, the standard flow will be run instead.
[Tue May  5 16:23:20 2026] Launched bd_0_hls_inst_0_synth_1...
Run output will be captured here: /data/home/songqiangxu/project/CNN/instances_tp8_syn_kv260/proj_CONCAT/work/solution/impl/verilog/project.runs/bd_0_hls_inst_0_synth_1/runme.log
[Tue May  5 16:23:20 2026] Launched synth_1...
Run output will be captured here: /data/home/songqiangxu/project/CNN/instances_tp8_syn_kv260/proj_CONCAT/work/solution/impl/verilog/project.runs/synth_1/runme.log
[Tue May  5 16:23:20 2026] Waiting for synth_1 to finish...
[Tue May  5 18:29:07 2026] synth_1 finished
WARNING: [Vivado 12-8222] Failed run(s) : 'bd_0_hls_inst_0_synth_1'
wait_on_runs: Time (s): cpu = 02:15:33 ; elapsed = 02:05:48 . Memory (MB): peak = 3041.730 ; gain = 0.000 ; free physical = 29153 ; free virtual = 100923
TIMESTAMP: HLS-REPORT: synthesis open_run: 2026-05-05 18:29:07 CST
INFO: HLS-REPORT: Opening synthesis design database: open_run synth_1
ERROR: [Common 17-69] Command failed: Run 'synth_1' has not been launched. Unable to open
INFO: [Common 17-206] Exiting Vivado at Tue May  5 18:29:07 2026...
ERROR: [HLS 200-478] vivado returned an error 
INFO: [HLS 200-111] Finished Command export_design CPU user time: 8857.27 seconds. CPU system time: 445.22 seconds. Elapsed time: 8277.62 seconds; current allocated memory: 71.496 MB.
command 'ap_source' returned error code
    while executing
"source run.tcl"
    ("uplevel" body line 1)
    invoked from within
"uplevel \#0 [list source $arg] "

INFO: [HLS 200-112] Total CPU user time: 9512.75 seconds. Total CPU system time: 452.19 seconds. Total elapsed time: 8937.65 seconds; peak allocated memory: 1.556 GB.
INFO: [Common 17-206] Exiting vitis_hls at Tue May  5 18:29:12 2026...
