
****** Vitis HLS - High-Level Synthesis from C, C++ and OpenCL v2022.1 (64-bit)
  **** SW Build 3526262 on Mon Apr 18 15:47:01 MDT 2022
  **** IP Build 3524634 on Mon Apr 18 20:55:01 MDT 2022
    ** Copyright 1986-2022 Xilinx, Inc. All Rights Reserved.

source /data/home/songqiangxu/Xilinx/2022.1/Vitis_HLS/2022.1/scripts/vitis_hls/hls.tcl -notrace
INFO: [HLS 200-10] Running '/data/home/songqiangxu/Xilinx/2022.1/Vitis_HLS/2022.1/bin/unwrapped/lnx64.o/vitis_hls'
INFO: [HLS 200-10] For user 'songqiangxu' on host 'dell-Precision-7920-Tower' (Linux_x86_64 version 5.15.0-139-generic) on Mon May 04 17:52:12 CST 2026
INFO: [HLS 200-10] On os Ubuntu 20.04.6 LTS
INFO: [HLS 200-10] In directory '/data/home/songqiangxu/project/CNN/instances_tp8_syn_kv260/proj_QUANT_INPUT'
WARNING: [HLS 200-40] Environment variable 'CPLUS_INCLUDE_PATH' is set to /data/home/songqiangxu/project/CNN.
Sourcing Tcl script 'run.tcl'
INFO: [HLS 200-1510] Running: open_project work 
INFO: [HLS 200-10] Creating and opening project '/data/home/songqiangxu/project/CNN/instances_tp8_syn_kv260/proj_QUANT_INPUT/work'.
INFO: [HLS 200-1510] Running: add_files case/QUANT_INPUT.cpp 
INFO: [HLS 200-10] Adding design file 'case/QUANT_INPUT.cpp' to the project
INFO: [HLS 200-1510] Running: add_files -tb case/QUANT_INPUT.cpp 
INFO: [HLS 200-10] Adding test bench file 'case/QUANT_INPUT.cpp' to the project
INFO: [HLS 200-1510] Running: open_solution solution 
INFO: [HLS 200-10] Creating and opening solution '/data/home/songqiangxu/project/CNN/instances_tp8_syn_kv260/proj_QUANT_INPUT/work/solution'.
INFO: [HLS 200-1505] Using default flow_target 'vivado'
Resolution: For help on HLS 200-1505 see www.xilinx.com/cgi-bin/docs/rdoc?v=2022.1;t=hls+guidance;d=200-1505.html
INFO: [HLS 200-435] Setting 'open_solution -flow_target vivado' configuration: config_interface -m_axi_latency=0
INFO: [HLS 200-1510] Running: set_part xc7k325tffg900-2 
INFO: [HLS 200-1611] Setting target device to 'xc7k325t-ffg900-2'
INFO: [HLS 200-1510] Running: set_top top 
INFO: [HLS 200-1510] Running: create_clock -period 2.5 
INFO: [SYN 201-201] Setting up clock 'default' with a period of 2.5ns.
INFO: [HLS 200-1510] Running: config_export -format ip_catalog -rtl verilog -vivado_clock 2.5 -vivado_phys_opt none 
INFO: [HLS 200-1510] Running: config_compile -pipeline_style flp 
INFO: [HLS 200-1510] Running: csynth_design 
INFO: [HLS 200-111] Finished File checks and directory preparation: CPU user time: 0.01 seconds. CPU system time: 0 seconds. Elapsed time: 0.01 seconds; current allocated memory: 1.459 GB.
INFO: [HLS 200-10] Analyzing design file 'case/QUANT_INPUT.cpp' ... 
INFO: [HLS 200-111] Finished Source Code Analysis and Preprocessing: CPU user time: 8.53 seconds. CPU system time: 0.96 seconds. Elapsed time: 8.5 seconds; current allocated memory: 461.352 MB.
INFO: [HLS 200-777] Using interface defaults for 'Vivado' flow target.
INFO: [HLS 214-131] Inlining function 'hls::vector<float, 15ul>::pragma() const' into 'hls::vector<float, 15ul>::operator[](unsigned long)' (/data/home/songqiangxu/Xilinx/2022.1/Vitis_HLS/2022.1/common/technology/autopilot/hls_vector.h:142:5)
INFO: [HLS 214-131] Inlining function 'hls::vector<ap_uint<8>, 15ul>::pragma() const' into 'hls::vector<ap_uint<8>, 15ul>::operator[](unsigned long)' (/data/home/songqiangxu/Xilinx/2022.1/Vitis_HLS/2022.1/common/technology/autopilot/hls_vector.h:142:5)
INFO: [HLS 214-131] Inlining function 'hls::vector<ap_uint<8>, 15ul>::operator[](unsigned long)' into 'QuantInput<ap_uint<8>, 15>::do_quantize(hls::stream<hls::vector<float, 15ul>, 0>&, hls::stream<hls::vector<ap_uint<8>, 15ul>, 0>&)' (/data/home/songqiangxu/project/CNN/src/quant_input.h:37:2)
INFO: [HLS 214-131] Inlining function 'hls::vector<float, 15ul>::operator[](unsigned long)' into 'QuantInput<ap_uint<8>, 15>::do_quantize(hls::stream<hls::vector<float, 15ul>, 0>&, hls::stream<hls::vector<ap_uint<8>, 15ul>, 0>&)' (/data/home/songqiangxu/project/CNN/src/quant_input.h:37:30)
INFO: [HLS 214-291] Loop 'anonymous' is marked as complete unroll implied by the pipeline pragma (/data/home/songqiangxu/project/CNN/src/quant_input.h:35:17)
INFO: [HLS 214-186] Unrolling loop 'anonymous' (/data/home/songqiangxu/project/CNN/src/quant_input.h:35:17) in function 'QuantInput<ap_uint<8>, 15>::do_quantize' completely with a factor of 15 (/data/home/songqiangxu/project/CNN/src/quant_input.h:28:0)
INFO: [HLS 214-178] Inlining function 'std::__array_traits<float, 15ul>::_S_ref(float const (&) [15], unsigned long)' into 'std::array<float, 15ul>::operator[](unsigned long)' (/data/home/songqiangxu/Xilinx/2022.1/Vitis_HLS/2022.1/tps/lnx64/gcc-8.3.0/lib/gcc/x86_64-pc-linux-gnu/8.3.0/../../../../include/c++/8.3.0/array:186:0)
INFO: [HLS 214-178] Inlining function 'std::__array_traits<ap_uint<8>, 15ul>::_S_ref(ap_uint<8> const (&) [15], unsigned long)' into 'std::array<ap_uint<8>, 15ul>::operator[](unsigned long)' (/data/home/songqiangxu/Xilinx/2022.1/Vitis_HLS/2022.1/tps/lnx64/gcc-8.3.0/lib/gcc/x86_64-pc-linux-gnu/8.3.0/../../../../include/c++/8.3.0/array:186:0)
INFO: [HLS 214-178] Inlining function 'fp_struct<float>::fp_struct(float)' into 'int generic_cast_IEEE754<int, (ap_q_mode)6, float>(float, bool, hls::enable_if<std::numeric_limits<int>::is_signed, bool>::type)' (/wrk/ci/prod/2022.1/rdi_builds/continuous/2022_04_18_3526262/src/shared/hls/clib/hlsmath/include/FloatingPoint/hls_case_IEEE754.h:12:0)
INFO: [HLS 214-178] Inlining function 'fp_struct<float>::mantissa() const' into 'int generic_cast_IEEE754<int, (ap_q_mode)6, float>(float, bool, hls::enable_if<std::numeric_limits<int>::is_signed, bool>::type)' (/wrk/ci/prod/2022.1/rdi_builds/continuous/2022_04_18_3526262/src/shared/hls/clib/hlsmath/include/FloatingPoint/hls_case_IEEE754.h:12:0)
INFO: [HLS 214-178] Inlining function 'fp_struct<float>::expv() const' into 'int generic_cast_IEEE754<int, (ap_q_mode)6, float>(float, bool, hls::enable_if<std::numeric_limits<int>::is_signed, bool>::type)' (/wrk/ci/prod/2022.1/rdi_builds/continuous/2022_04_18_3526262/src/shared/hls/clib/hlsmath/include/FloatingPoint/hls_case_IEEE754.h:12:0)
INFO: [HLS 214-178] Inlining function 'fp_struct<float>::__signbit() const' into 'int generic_cast_IEEE754<int, (ap_q_mode)6, float>(float, bool, hls::enable_if<std::numeric_limits<int>::is_signed, bool>::type)' (/wrk/ci/prod/2022.1/rdi_builds/continuous/2022_04_18_3526262/src/shared/hls/clib/hlsmath/include/FloatingPoint/hls_case_IEEE754.h:12:0)
INFO: [HLS 214-178] Inlining function 'int generic_cast_IEEE754<int, (ap_q_mode)6, float>(float, bool, hls::enable_if<std::numeric_limits<int>::is_signed, bool>::type)' into 'int generic_cast_IEEE754<int, float>(float, bool)' (/wrk/ci/prod/2022.1/rdi_builds/continuous/2022_04_18_3526262/src/shared/hls/clib/hlsmath/include/FloatingPoint/hls_case_IEEE754.h:116:0)
INFO: [HLS 214-178] Inlining function 'int generic_cast_IEEE754<int, float>(float, bool)' into '__hls_fptosi_float_i32' (/wrk/ci/prod/2022.1/rdi_builds/continuous/2022_04_18_3526262/src/shared/hls/clib/hlsmath/src/lib_floatconversion.cpp:51:0)
INFO: [HLS 214-178] Inlining function '__hls_fptosi_float_i32' into 'ap_uint<8> quantize_one<ap_uint<8> >(float)' (/data/home/songqiangxu/project/CNN/src/quant_input.h:14:0)
INFO: [HLS 214-178] Inlining function 'int clamp<int, int>(int, int, int)' into 'ap_uint<8> quantize_one<ap_uint<8> >(float)' (/data/home/songqiangxu/project/CNN/src/quant_input.h:14:0)
INFO: [HLS 214-178] Inlining function 'std::array<float, 15ul>::operator[](unsigned long)' into 'QuantInput<ap_uint<8>, 15>::do_quantize(hls::stream<hls::vector<float, 15ul>, 0>&, hls::stream<hls::vector<ap_uint<8>, 15ul>, 0>&)' (/data/home/songqiangxu/project/CNN/src/quant_input.h:28:0)
INFO: [HLS 214-178] Inlining function 'std::array<ap_uint<8>, 15ul>::operator[](unsigned long)' into 'QuantInput<ap_uint<8>, 15>::do_quantize(hls::stream<hls::vector<float, 15ul>, 0>&, hls::stream<hls::vector<ap_uint<8>, 15ul>, 0>&)' (/data/home/songqiangxu/project/CNN/src/quant_input.h:28:0)
INFO: [HLS 214-241] Aggregating axis (hls::stream) variable 'i_stream' with compact=bit mode in 480-bits (case/QUANT_INPUT.cpp:13:0)
INFO: [HLS 214-241] Aggregating axis (hls::stream) variable 'o_stream' with compact=bit mode in 120-bits (case/QUANT_INPUT.cpp:13:0)
INFO: [HLS 214-241] Aggregating scalar variable 'in' with compact=bit mode in 480-bits
INFO: [HLS 214-241] Aggregating scalar variable 'out' with compact=bit mode in 120-bits (/data/home/songqiangxu/project/CNN/src/quant_input.h:34:44)
INFO: [HLS 214-131] Inlining function '_llvm.fpga.pack.none.i480.a15f32' into '_llvm.fpga.unpack.bits.s_class.hls::vector<float, 15>s.i480.1'
INFO: [HLS 214-131] Inlining function '_llvm.fpga.unpack.bits.s_class.hls::vector<float, 15>s.i480.1' into 'QuantInput<ap_uint<8>, 15>::do_quantize(hls::stream<hls::vector<float, 15ul>, 0>&, hls::stream<hls::vector<ap_uint<8>, 15ul>, 0>&) (.1)' (/data/home/songqiangxu/Xilinx/2022.1/Vitis_HLS/2022.1/common/technology/autopilot/hls_stream_39.h:145:9)
INFO: [HLS 214-131] Inlining function '_llvm.fpga.pack.bits.i120.s_class.hls::vector<ap_uint<8>, 15>s.1' into 'QuantInput<ap_uint<8>, 15>::do_quantize(hls::stream<hls::vector<float, 15ul>, 0>&, hls::stream<hls::vector<ap_uint<8>, 15ul>, 0>&) (.1)' (/data/home/songqiangxu/Xilinx/2022.1/Vitis_HLS/2022.1/common/technology/autopilot/hls_stream_39.h:174:9)
INFO: [HLS 214-131] Inlining function '_llvm.fpga.pack.bits.i32.f32' into 'QuantInput<ap_uint<8>, 15>::do_quantize(hls::stream<hls::vector<float, 15ul>, 0>&, hls::stream<hls::vector<ap_uint<8>, 15ul>, 0>&) (.1)' (/data/home/songqiangxu/Xilinx/2022.1/Vitis_HLS/2022.1/common/technology/autopilot/hls_stream_39.h:145:9)
INFO: [HLS 214-131] Inlining function '_llvm.fpga.pack.none.i120.s_class.hls::vector<ap_uint<8>, 15>s' into 'QuantInput<ap_uint<8>, 15>::do_quantize(hls::stream<hls::vector<float, 15ul>, 0>&, hls::stream<hls::vector<ap_uint<8>, 15ul>, 0>&) (.1)' (/data/home/songqiangxu/Xilinx/2022.1/Vitis_HLS/2022.1/common/technology/autopilot/hls_stream_39.h:174:9)
INFO: [HLS 214-131] Inlining function '_llvm.fpga.unpack.bits.f32.i32' into 'QuantInput<ap_uint<8>, 15>::do_quantize(hls::stream<hls::vector<float, 15ul>, 0>&, hls::stream<hls::vector<ap_uint<8>, 15ul>, 0>&) (.1)' (/data/home/songqiangxu/project/CNN/src/quant_input.h:37:30)
INFO: [HLS 200-111] Finished Compiling Optimization and Transform: CPU user time: 4.52 seconds. CPU system time: 0.83 seconds. Elapsed time: 5.36 seconds; current allocated memory: 462.172 MB.
INFO: [HLS 200-111] Finished Checking Pragmas: CPU user time: 0 seconds. CPU system time: 0 seconds. Elapsed time: 0 seconds; current allocated memory: 462.172 MB.
INFO: [HLS 200-10] Starting code transformations ...
INFO: [HLS 200-111] Finished Standard Transforms: CPU user time: 0.09 seconds. CPU system time: 0.02 seconds. Elapsed time: 0.11 seconds; current allocated memory: 486.008 MB.
INFO: [HLS 200-10] Checking synthesizability ...
INFO: [HLS 200-111] Finished Checking Synthesizability: CPU user time: 0.22 seconds. CPU system time: 0.03 seconds. Elapsed time: 0.25 seconds; current allocated memory: 519.328 MB.
INFO: [XFORM 203-11] Balancing expressions in function 'QuantInput<ap_uint<8>, 15>::do_quantize' (/data/home/songqiangxu/project/CNN/src/quant_input.h:31:13)...23 expression(s) balanced.
INFO: [HLS 200-111] Finished Loop, function and other optimizations: CPU user time: 0.29 seconds. CPU system time: 0.06 seconds. Elapsed time: 0.34 seconds; current allocated memory: 570.883 MB.
INFO: [HLS 200-111] Finished Architecture Synthesis: CPU user time: 0.16 seconds. CPU system time: 0.01 seconds. Elapsed time: 0.17 seconds; current allocated memory: 593.906 MB.
INFO: [HLS 200-10] Starting hardware synthesis ...
INFO: [HLS 200-10] Synthesizing 'top' ...
WARNING: [SYN 201-103] Legalizing function name 'quantize_one<ap_uint<8> >' to 'quantize_one_ap_uint_8_s'.
WARNING: [HLS 200-1842] Loop 'Loop 1' cannot be implemented as Flushable(/Unaligned) Pipeline as it did not meet the structural requirements. Changing pipeline style specification to 'style=stp'.
INFO: [HLS 200-10] ----------------------------------------------------------------
INFO: [HLS 200-42] -- Implementing module 'quantize_one_ap_uint_8_s' 
INFO: [HLS 200-10] ----------------------------------------------------------------
INFO: [SCHED 204-11] Starting scheduling ...
INFO: [SCHED 204-61] Pipelining function 'quantize_one<ap_uint<8> >'.
INFO: [HLS 200-1470] Pipelining result : Target II = 0, Final II = 1, Depth = 68, function 'quantize_one<ap_uint<8> >'
WARNING: [HLS 200-871] Estimated clock period (2.236ns) exceeds the target (target clock period: 2.5ns, clock uncertainty: 0.675ns, effective delay budget: 1.825ns).
Resolution: For help on HLS 200-871 see www.xilinx.com/cgi-bin/docs/rdoc?v=2022.1;t=hls+guidance;d=200-871.html
WARNING: [HLS 200-1016] The critical path in module 'quantize_one_ap_uint_8_s' consists of the following:	wire read operation ('x_read', /data/home/songqiangxu/project/CNN/src/quant_input.h:14) on port 'x' (/data/home/songqiangxu/project/CNN/src/quant_input.h:14) [2]  (0 ns)
	'fdiv' operation ('div', /data/home/songqiangxu/project/CNN/src/quant_input.h:15) [3]  (2.24 ns)

Resolution: For help on HLS 200-1016 see www.xilinx.com/cgi-bin/docs/rdoc?v=2022.1;t=hls+guidance;d=200-1016.html
INFO: [SCHED 204-11] Finished scheduling.
INFO: [HLS 200-111] Finished Scheduling: CPU user time: 0.18 seconds. CPU system time: 0.04 seconds. Elapsed time: 0.24 seconds; current allocated memory: 594.227 MB.
INFO: [BIND 205-100] Starting micro-architecture generation ...
INFO: [BIND 205-101] Performing variable lifetime analysis.
INFO: [BIND 205-101] Exploring resource sharing.
INFO: [BIND 205-101] Binding ...
INFO: [BIND 205-100] Finished micro-architecture generation.
INFO: [HLS 200-111] Finished Binding: CPU user time: 0.31 seconds. CPU system time: 0.01 seconds. Elapsed time: 0.31 seconds; current allocated memory: 594.227 MB.
INFO: [HLS 200-10] ----------------------------------------------------------------
INFO: [HLS 200-42] -- Implementing module 'do_quantize' 
INFO: [HLS 200-10] ----------------------------------------------------------------
INFO: [SCHED 204-11] Starting scheduling ...
INFO: [SCHED 204-61] Pipelining loop 'Loop 1'.
INFO: [HLS 200-1470] Pipelining result : Target II = 1, Final II = 1, Depth = 70, loop 'Loop 1'
WARNING: [HLS 200-871] Estimated clock period (2.236ns) exceeds the target (target clock period: 2.5ns, clock uncertainty: 0.675ns, effective delay budget: 1.825ns).
Resolution: For help on HLS 200-871 see www.xilinx.com/cgi-bin/docs/rdoc?v=2022.1;t=hls+guidance;d=200-871.html
WARNING: [HLS 200-1016] The critical path in module 'do_quantize' consists of the following:	'call' operation ('ref_tmp_assign_s', /data/home/songqiangxu/project/CNN/src/quant_input.h:37) to 'quantize_one<ap_uint<8> >' [46]  (2.24 ns)

Resolution: For help on HLS 200-1016 see www.xilinx.com/cgi-bin/docs/rdoc?v=2022.1;t=hls+guidance;d=200-1016.html
INFO: [SCHED 204-11] Finished scheduling.
INFO: [HLS 200-111] Finished Scheduling: CPU user time: 0.26 seconds. CPU system time: 0.01 seconds. Elapsed time: 0.27 seconds; current allocated memory: 595.293 MB.
INFO: [BIND 205-100] Starting micro-architecture generation ...
INFO: [BIND 205-101] Performing variable lifetime analysis.
INFO: [BIND 205-101] Exploring resource sharing.
INFO: [BIND 205-101] Binding ...
INFO: [BIND 205-100] Finished micro-architecture generation.
INFO: [HLS 200-111] Finished Binding: CPU user time: 0.56 seconds. CPU system time: 0 seconds. Elapsed time: 0.56 seconds; current allocated memory: 596.426 MB.
INFO: [HLS 200-10] ----------------------------------------------------------------
INFO: [HLS 200-42] -- Implementing module 'top' 
INFO: [HLS 200-10] ----------------------------------------------------------------
INFO: [SCHED 204-11] Starting scheduling ...
INFO: [SCHED 204-11] Finished scheduling.
INFO: [HLS 200-111] Finished Scheduling: CPU user time: 0.82 seconds. CPU system time: 0 seconds. Elapsed time: 0.83 seconds; current allocated memory: 596.734 MB.
INFO: [BIND 205-100] Starting micro-architecture generation ...
INFO: [BIND 205-101] Performing variable lifetime analysis.
INFO: [BIND 205-101] Exploring resource sharing.
INFO: [BIND 205-101] Binding ...
INFO: [BIND 205-100] Finished micro-architecture generation.
INFO: [HLS 200-111] Finished Binding: CPU user time: 0.26 seconds. CPU system time: 0 seconds. Elapsed time: 0.27 seconds; current allocated memory: 596.734 MB.
INFO: [HLS 200-10] ----------------------------------------------------------------
INFO: [HLS 200-10] -- Generating RTL for module 'quantize_one_ap_uint_8_s' 
INFO: [HLS 200-10] ----------------------------------------------------------------
INFO: [RTGEN 206-100] Generating core module 'fadd_32ns_32ns_32_12_no_dsp_0': 2 instance(s).
INFO: [RTGEN 206-100] Generating core module 'fcmp_32ns_32ns_1_4_no_dsp_0': 1 instance(s).
INFO: [RTGEN 206-100] Generating core module 'fdiv_32ns_32ns_32_30_no_dsp_0': 1 instance(s).
INFO: [RTGEN 206-100] Generating core module 'lshr_79ns_32ns_79_4_0': 1 instance(s).
INFO: [RTGEN 206-100] Generating core module 'shl_79ns_32ns_79_4_0': 1 instance(s).
INFO: [RTGEN 206-100] Finished creating RTL model for 'quantize_one_ap_uint_8_s'.
INFO: [HLS 200-111] Finished Creating RTL model: CPU user time: 0.78 seconds. CPU system time: 0 seconds. Elapsed time: 0.78 seconds; current allocated memory: 597.602 MB.
INFO: [HLS 200-10] ----------------------------------------------------------------
INFO: [HLS 200-10] -- Generating RTL for module 'do_quantize' 
INFO: [HLS 200-10] ----------------------------------------------------------------
INFO: [HLS 200-1030] Apply Unified Pipeline Control on module 'do_quantize' pipeline 'Loop 1' pipeline type 'loop pipeline'
INFO: [RTGEN 206-100] Finished creating RTL model for 'do_quantize'.
INFO: [HLS 200-111] Finished Creating RTL model: CPU user time: 0.36 seconds. CPU system time: 0.02 seconds. Elapsed time: 0.38 seconds; current allocated memory: 604.828 MB.
INFO: [HLS 200-10] ----------------------------------------------------------------
INFO: [HLS 200-10] -- Generating RTL for module 'top' 
INFO: [HLS 200-10] ----------------------------------------------------------------
WARNING: [RTGEN 206-101] Design contains AXI ports. Reset is fixed to synchronous and active low.
INFO: [RTGEN 206-500] Setting interface mode on port 'top/i_stream' to 'axis' (register, both mode).
INFO: [RTGEN 206-500] Setting interface mode on port 'top/o_stream' to 'axis' (register, both mode).
INFO: [RTGEN 206-500] Setting interface mode on function 'top' to 'ap_ctrl_chain'.
INFO: [RTGEN 206-100] Finished creating RTL model for 'top'.
INFO: [HLS 200-111] Finished Creating RTL model: CPU user time: 0.88 seconds. CPU system time: 0.01 seconds. Elapsed time: 0.89 seconds; current allocated memory: 607.141 MB.
INFO: [RTMG 210-286] Generating pipelined shifter : 'top_lshr_79ns_32ns_79_4_0'
INFO: [RTMG 210-286] Generating pipelined shifter : 'top_shl_79ns_32ns_79_4_0'
INFO: [HLS 200-111] Finished Generating all RTL models: CPU user time: 1 seconds. CPU system time: 0.02 seconds. Elapsed time: 1.02 seconds; current allocated memory: 611.355 MB.
INFO: [HLS 200-111] Finished Updating report files: CPU user time: 0.21 seconds. CPU system time: 0.02 seconds. Elapsed time: 0.22 seconds; current allocated memory: 612.555 MB.
INFO: [VHDL 208-304] Generating VHDL RTL for top.
INFO: [VLOG 209-307] Generating Verilog RTL for top.
INFO: [HLS 200-790] **** Loop Constraint Status: All loop constraints were satisfied.
INFO: [HLS 200-789] **** Estimated Fmax: 447.23 MHz
INFO: [HLS 200-111] Finished Command csynth_design CPU user time: 19.47 seconds. CPU system time: 2.04 seconds. Elapsed time: 20.53 seconds; current allocated memory: -880.961 MB.
INFO: [HLS 200-1510] Running: export_design -description QUANT_INPUT_DESC -display_name QUANT_INPUT_DISP -flow syn -library HLS -vendor PKU -version 1.0 -taxonomy IP Core -output export_ip/QUANT_INPUT -ipname QUANT_INPUT 
INFO: [IMPL 213-8] Exporting RTL as a Vivado IP.

****** Vivado v2022.1 (64-bit)
  **** SW Build 3526262 on Mon Apr 18 15:47:01 MDT 2022
  **** IP Build 3524634 on Mon Apr 18 20:55:01 MDT 2022
    ** Copyright 1986-2022 Xilinx, Inc. All Rights Reserved.

source run_ippack.tcl -notrace
INFO: [IP_Flow 19-234] Refreshing IP repositories
INFO: [IP_Flow 19-1704] No user IP repositories specified
INFO: [IP_Flow 19-2313] Loaded Vivado IP repository '/data/home/songqiangxu/Xilinx/2022.1/Vivado/2022.1/data/ip'.
WARNING: [IP_Flow 19-4832] The IP name 'top_fadd_32ns_32ns_32_12_no_dsp_0_ip' you have specified is long. The Windows operating system has path length limitations. It is recommended you use shorter names to reduce the likelihood of issues.
INFO: [IP_Flow 19-1686] Generating 'Synthesis' target for IP 'top_fadd_32ns_32ns_32_12_no_dsp_0_ip'...
INFO: [IP_Flow 19-1686] Generating 'Simulation' target for IP 'top_fadd_32ns_32ns_32_12_no_dsp_0_ip'...
WARNING: [IP_Flow 19-4832] The IP name 'top_fcmp_32ns_32ns_1_4_no_dsp_0_ip' you have specified is long. The Windows operating system has path length limitations. It is recommended you use shorter names to reduce the likelihood of issues.
INFO: [IP_Flow 19-1686] Generating 'Synthesis' target for IP 'top_fcmp_32ns_32ns_1_4_no_dsp_0_ip'...
INFO: [IP_Flow 19-1686] Generating 'Simulation' target for IP 'top_fcmp_32ns_32ns_1_4_no_dsp_0_ip'...
WARNING: [IP_Flow 19-4832] The IP name 'top_fdiv_32ns_32ns_32_30_no_dsp_0_ip' you have specified is long. The Windows operating system has path length limitations. It is recommended you use shorter names to reduce the likelihood of issues.
INFO: [IP_Flow 19-1686] Generating 'Synthesis' target for IP 'top_fdiv_32ns_32ns_32_30_no_dsp_0_ip'...
INFO: [IP_Flow 19-1686] Generating 'Simulation' target for IP 'top_fdiv_32ns_32ns_32_30_no_dsp_0_ip'...
INFO: [IP_Flow 19-234] Refreshing IP repositories
INFO: [IP_Flow 19-1704] No user IP repositories specified
INFO: [IP_Flow 19-2313] Loaded Vivado IP repository '/data/home/songqiangxu/Xilinx/2022.1/Vivado/2022.1/data/ip'.
INFO: [Common 17-206] Exiting Vivado at Mon May  4 17:52:51 2026...
INFO: [IMPL 213-8] Starting RTL evaluation using Vivado ...

****** Vivado v2022.1 (64-bit)
  **** SW Build 3526262 on Mon Apr 18 15:47:01 MDT 2022
  **** IP Build 3524634 on Mon Apr 18 20:55:01 MDT 2022
    ** Copyright 1986-2022 Xilinx, Inc. All Rights Reserved.

source run_vivadosyn.tcl
# source ./settings.tcl
## set top_module top
## set language verilog
## set family kintex7
## set device xc7k325t
## set package -ffg900
## set speed -2
## set clock ap_clk
## set fsm_ext "off"
## set add_io_buffers false ;
# source -notrace ./extraction.tcl
# set vivado_proj_name project
# set vivado_proj_dir .
# set target_device "${device}${package}${speed}"
# set target_clk_period_ns "2.5"
# set target_clk_freq_hz [expr {floor(1000 / $target_clk_period_ns) * 1000000}]
# set ip_vlnv PKU:HLS:QUANT_INPUT:1.0
# set ip_repo_path ../ip
# set bd_design_name bd_0
# set bd_inst_name hls_inst
# set bd_props {}
# set has_synth true
# set synth_design_args {-directive sdx_optimization_effort_high}
# set synth_dcp ""
# set synth_props {}
# set has_impl false
# set impl_props {}
# set report_options [dict create]
# dict set report_options report_level 2
# dict set report_options report_max_paths 10
# dict set report_options stdout_hls_reports 1
# dict set report_options stdout_vivado_reports 0
# dict set report_options hls_project work
# dict set report_options hls_solution solution
# dict set report_options has_synth $has_synth
# dict set report_options has_impl $has_impl
# dict set report_options vivado_reportbasename $top_module
# dict set report_options vivado_reportdir ./report
# dict set report_options hls_impl_dir ..
# dict set report_options hls_reportdir ../report/$language
# dict set report_options target_clk_period $target_clk_period_ns
# dict set report_options target_device $target_device
# dict set report_options language $language
# dict set report_options clock_name $clock
# dict set report_options error_if_impl_timing_fails false
# dict set report_options bindmodules {top_fadd_32ns_32ns_32_12_no_dsp_0 top_fdiv_32ns_32ns_32_30_no_dsp_0 top_fcmp_32ns_32ns_1_4_no_dsp_0 top_lshr_79ns_32ns_79_4_0 top_shl_79ns_32ns_79_4_0 top_flow_control_loop_pipe_sequential_init top_regslice_both}
# dict set report_options max_module_depth 7
# create_project $vivado_proj_name $vivado_proj_dir -part $target_device -force
# set_property target_language $language [current_project]
# if { ![file exists $ip_repo_path] } {
#   error "Cannot find packaged HLS IP"
# }
# set_property ip_repo_paths [file normalize $ip_repo_path] [current_project]
# update_ip_catalog
INFO: [IP_Flow 19-234] Refreshing IP repositories
INFO: [IP_Flow 19-1700] Loaded user IP repository '/data/home/songqiangxu/project/CNN/instances_tp8_syn_kv260/proj_QUANT_INPUT/work/solution/impl/ip'.
INFO: [IP_Flow 19-2313] Loaded Vivado IP repository '/data/home/songqiangxu/Xilinx/2022.1/Vivado/2022.1/data/ip'.
# create_bd_design $bd_design_name
Wrote  : </data/home/songqiangxu/project/CNN/instances_tp8_syn_kv260/proj_QUANT_INPUT/work/solution/impl/verilog/project.srcs/sources_1/bd/bd_0/bd_0.bd> 
# set cell_inst [create_bd_cell -type ip -vlnv $ip_vlnv $bd_inst_name]
# if { [llength $bd_props] } { 
#   set_property -dict $bd_props $cell_inst 
# }
# make_bd_pins_external $cell_inst
# make_bd_intf_pins_external $cell_inst
# set bd_clk_ports [get_bd_ports -filter {TYPE==clk}]
# if { [llength $bd_clk_ports] && $target_clk_freq_hz ne "" } { 
#   set_property CONFIG.FREQ_HZ $target_clk_freq_hz $bd_clk_ports 
# }
# foreach bd_port [get_bd_intf_ports] {
#   set_property name [regsub {_0$} [get_property name $bd_port] {}] $bd_port
# }
# foreach bd_port [get_bd_ports -filter {INTF!=TRUE}] {
#   set_property name [regsub {_0$} [get_property name $bd_port] {}] $bd_port
# }
# set s_axi_addr_width_min 32
WARNING: [BD 5-233] No interface ports matched 'get_bd_intf_ports -filter {MODE == "Slave" && VLNV =~ "xilinx.com:interface:aximm_rtl:*"}'
# foreach bd_port [get_bd_intf_ports -filter {MODE == "Slave" && VLNV =~ "xilinx.com:interface:aximm_rtl:*"}] {
#   set bd_port_addr_width [get_property CONFIG.ADDR_WIDTH $bd_port]
#   if { $bd_port_addr_width < $s_axi_addr_width_min } {
#     puts "INFO: Updating $bd_port CONFIG.ADDR_WIDTH to $s_axi_addr_width_min"
#     set_property CONFIG.ADDR_WIDTH $s_axi_addr_width_min $bd_port
#   }
# }
# set_msg_config -id {[BD 41-1265]} -severity {CRITICAL WARNING} -new_severity {INFO}
# assign_bd_address
Wrote  : </data/home/songqiangxu/project/CNN/instances_tp8_syn_kv260/proj_QUANT_INPUT/work/solution/impl/verilog/project.srcs/sources_1/bd/bd_0/bd_0.bd> 
Verilog Output written to : /data/home/songqiangxu/project/CNN/instances_tp8_syn_kv260/proj_QUANT_INPUT/work/solution/impl/verilog/project.gen/sources_1/bd/bd_0/synth/bd_0.v
Verilog Output written to : /data/home/songqiangxu/project/CNN/instances_tp8_syn_kv260/proj_QUANT_INPUT/work/solution/impl/verilog/project.gen/sources_1/bd/bd_0/sim/bd_0.v
Verilog Output written to : /data/home/songqiangxu/project/CNN/instances_tp8_syn_kv260/proj_QUANT_INPUT/work/solution/impl/verilog/project.gen/sources_1/bd/bd_0/hdl/bd_0_wrapper.v
# set toprtl [make_wrapper -files [get_files ${bd_design_name}.bd] -top]
# add_files -norecurse $toprtl
# set top_inst_name [file root [file tail $toprtl]]
# puts "Using BD top: $top_inst_name"
Using BD top: bd_0_wrapper
# set xdc_files [glob -nocomplain ./*.xdc]
# if { [llength $xdc_files] } {
#     add_files -fileset constrs_1 -norecurse $xdc_files
# }
# launch_runs synth_1 -scripts_only
INFO: [BD 41-1662] The design 'bd_0.bd' is already validated. Therefore parameter propagation will not be re-run.
Verilog Output written to : /data/home/songqiangxu/project/CNN/instances_tp8_syn_kv260/proj_QUANT_INPUT/work/solution/impl/verilog/project.gen/sources_1/bd/bd_0/synth/bd_0.v
Verilog Output written to : /data/home/songqiangxu/project/CNN/instances_tp8_syn_kv260/proj_QUANT_INPUT/work/solution/impl/verilog/project.gen/sources_1/bd/bd_0/sim/bd_0.v
Verilog Output written to : /data/home/songqiangxu/project/CNN/instances_tp8_syn_kv260/proj_QUANT_INPUT/work/solution/impl/verilog/project.gen/sources_1/bd/bd_0/hdl/bd_0_wrapper.v
INFO: [BD 41-1029] Generation completed for the IP Integrator block hls_inst .
Exporting to file /data/home/songqiangxu/project/CNN/instances_tp8_syn_kv260/proj_QUANT_INPUT/work/solution/impl/verilog/project.gen/sources_1/bd/bd_0/hw_handoff/bd_0.hwh
Generated Hardware Definition File /data/home/songqiangxu/project/CNN/instances_tp8_syn_kv260/proj_QUANT_INPUT/work/solution/impl/verilog/project.gen/sources_1/bd/bd_0/synth/bd_0.hwdef
WARNING: [Vivado 12-7122] Auto Incremental Compile:: No reference checkpoint was found in run synth_1. Auto-incremental flow will not be run, the standard flow will be run instead.
launch_runs: Time (s): cpu = 00:00:06 ; elapsed = 00:00:06 . Memory (MB): peak = 3040.707 ; gain = 72.035 ; free physical = 10820 ; free virtual = 116183
# foreach run [get_runs -filter {IS_SYNTHESIS == 1}] {
#   reset_run [get_runs $run]
# }
# set_property XPM_LIBRARIES {XPM_MEMORY XPM_FIFO} [current_project]
# hls_vivado_reports_setup $report_options
TIMESTAMP: HLS-REPORT: initialize report directories: 2026-05-04 17:53:12 CST
# if { $has_synth || $has_impl } {
#   # synth properties setting
#   set_property -name {STEPS.SYNTH_DESIGN.ARGS.MORE OPTIONS} -value {-mode out_of_context} -objects [get_runs synth_1]
#   set ip_inst [get_ips -quiet ${bd_design_name}*${bd_inst_name}*]
#   if { ![llength $ip_inst] } {
#       error "Cannot find HLS IP instance: ${bd_design_name}*${bd_inst_name}*"
#   }
#   set synth_run [get_runs -filter {IS_SYNTHESIS == 1} ${ip_inst}*]
#   if { ![llength $synth_run] } {
#       error "Cannot find synth run for HLS IP: ${ip_inst}*"
#   }
# 
#   if { [llength $synth_design_args] } {
#       set_property -name {STEPS.SYNTH_DESIGN.ARGS.MORE OPTIONS} -value $synth_design_args -objects $synth_run
#   }
# 
#   if { [llength $synth_props] } {
#     set_property -dict $synth_props $synth_run
#   }
# 
#   # launch run synth
#   launch_runs synth_1
#   wait_on_run synth_1
#   # synth reports
#   hls_vivado_reports_synth synth_1 $report_options
#   if { $synth_dcp ne "" } {
#     file mkdir [file dirname $synth_dcp]
#     set run_dcp [glob -nocomplain [get_property DIRECTORY $synth_run]/*.dcp]
#     if { [llength $run_dcp] != 1 } { error "Cannot find single dcp file for run $synth_run" }
#     file copy -force $run_dcp $synth_dcp
#   }
# }
WARNING: [Vivado 12-7122] Auto Incremental Compile:: No reference checkpoint was found in run synth_1. Auto-incremental flow will not be run, the standard flow will be run instead.
[Mon May  4 17:53:12 2026] Launched bd_0_hls_inst_0_synth_1...
Run output will be captured here: /data/home/songqiangxu/project/CNN/instances_tp8_syn_kv260/proj_QUANT_INPUT/work/solution/impl/verilog/project.runs/bd_0_hls_inst_0_synth_1/runme.log
[Mon May  4 17:53:12 2026] Launched synth_1...
Run output will be captured here: /data/home/songqiangxu/project/CNN/instances_tp8_syn_kv260/proj_QUANT_INPUT/work/solution/impl/verilog/project.runs/synth_1/runme.log
[Mon May  4 17:53:12 2026] Waiting for synth_1 to finish...

*** Running vivado
    with args -log bd_0_wrapper.vds -m64 -product Vivado -mode batch -messageDb vivado.pb -notrace -source bd_0_wrapper.tcl


****** Vivado v2022.1 (64-bit)
  **** SW Build 3526262 on Mon Apr 18 15:47:01 MDT 2022
  **** IP Build 3524634 on Mon Apr 18 20:55:01 MDT 2022
    ** Copyright 1986-2022 Xilinx, Inc. All Rights Reserved.

source bd_0_wrapper.tcl -notrace
INFO: [IP_Flow 19-234] Refreshing IP repositories
INFO: [IP_Flow 19-1700] Loaded user IP repository '/data/home/songqiangxu/project/CNN/instances_tp8_syn_kv260/proj_QUANT_INPUT/work/solution/impl/ip'.
INFO: [IP_Flow 19-2313] Loaded Vivado IP repository '/data/home/songqiangxu/Xilinx/2022.1/Vivado/2022.1/data/ip'.
Command: synth_design -top bd_0_wrapper -part xc7k325tffg900-2 -mode out_of_context
Starting synth_design
Attempting to get a license for feature 'Synthesis' and/or device 'xc7k325t'
INFO: [Common 17-349] Got license for feature 'Synthesis' and/or device 'xc7k325t'
INFO: [Device 21-403] Loading part xc7k325tffg900-2
INFO: [Synth 8-7079] Multithreading enabled for synth_design using a maximum of 4 processes.
INFO: [Synth 8-7078] Launching helper process for spawning children vivado processes
INFO: [Synth 8-7075] Helper process launched with PID 4040654
WARNING: [Synth 8-9501] generate block is allowed only inside loop and conditional generate in SystemVerilog mode [/data/home/songqiangxu/Xilinx/2022.1/Vivado/2022.1/data/ip/xpm/xpm_fifo/hdl/xpm_fifo.sv:4023]
---------------------------------------------------------------------------------
Starting RTL Elaboration : Time (s): cpu = 00:00:04 ; elapsed = 00:00:04 . Memory (MB): peak = 2914.066 ; gain = 0.000 ; free physical = 4529 ; free virtual = 108999
---------------------------------------------------------------------------------
INFO: [Synth 8-6157] synthesizing module 'bd_0_wrapper' [/data/home/songqiangxu/project/CNN/instances_tp8_syn_kv260/proj_QUANT_INPUT/work/solution/impl/verilog/project.gen/sources_1/bd/bd_0/hdl/bd_0_wrapper.v:12]
INFO: [Synth 8-6157] synthesizing module 'bd_0' [/data/home/songqiangxu/project/CNN/instances_tp8_syn_kv260/proj_QUANT_INPUT/work/solution/impl/verilog/project.gen/sources_1/bd/bd_0/synth/bd_0.v:12]
INFO: [Synth 8-6157] synthesizing module 'bd_0_hls_inst_0' [/data/home/songqiangxu/project/CNN/instances_tp8_syn_kv260/proj_QUANT_INPUT/work/solution/impl/verilog/project.runs/synth_1/.Xil/Vivado-4039775-dell-Precision-7920-Tower/realtime/bd_0_hls_inst_0_stub.v:5]
INFO: [Synth 8-6155] done synthesizing module 'bd_0_hls_inst_0' (0#1) [/data/home/songqiangxu/project/CNN/instances_tp8_syn_kv260/proj_QUANT_INPUT/work/solution/impl/verilog/project.runs/synth_1/.Xil/Vivado-4039775-dell-Precision-7920-Tower/realtime/bd_0_hls_inst_0_stub.v:5]
INFO: [Synth 8-6155] done synthesizing module 'bd_0' (0#1) [/data/home/songqiangxu/project/CNN/instances_tp8_syn_kv260/proj_QUANT_INPUT/work/solution/impl/verilog/project.gen/sources_1/bd/bd_0/synth/bd_0.v:12]
INFO: [Synth 8-6155] done synthesizing module 'bd_0_wrapper' (0#1) [/data/home/songqiangxu/project/CNN/instances_tp8_syn_kv260/proj_QUANT_INPUT/work/solution/impl/verilog/project.gen/sources_1/bd/bd_0/hdl/bd_0_wrapper.v:12]
---------------------------------------------------------------------------------
Finished RTL Elaboration : Time (s): cpu = 00:00:05 ; elapsed = 00:00:06 . Memory (MB): peak = 2914.066 ; gain = 0.000 ; free physical = 5279 ; free virtual = 109751
---------------------------------------------------------------------------------
---------------------------------------------------------------------------------
Start Handling Custom Attributes
---------------------------------------------------------------------------------
---------------------------------------------------------------------------------
Finished Handling Custom Attributes : Time (s): cpu = 00:00:05 ; elapsed = 00:00:06 . Memory (MB): peak = 2914.066 ; gain = 0.000 ; free physical = 5278 ; free virtual = 109750
---------------------------------------------------------------------------------
---------------------------------------------------------------------------------
Finished RTL Optimization Phase 1 : Time (s): cpu = 00:00:05 ; elapsed = 00:00:06 . Memory (MB): peak = 2914.066 ; gain = 0.000 ; free physical = 5278 ; free virtual = 109750
---------------------------------------------------------------------------------
Netlist sorting complete. Time (s): cpu = 00:00:00 ; elapsed = 00:00:00 . Memory (MB): peak = 2914.066 ; gain = 0.000 ; free physical = 5267 ; free virtual = 109739
INFO: [Project 1-570] Preparing netlist for logic optimization

Processing XDC Constraints
Initializing timing engine
Parsing XDC File [/data/home/songqiangxu/project/CNN/instances_tp8_syn_kv260/proj_QUANT_INPUT/work/solution/impl/verilog/project.gen/sources_1/bd/bd_0/ip/bd_0_hls_inst_0/bd_0_hls_inst_0/bd_0_hls_inst_0_in_context.xdc] for cell 'bd_0_i/hls_inst'
Finished Parsing XDC File [/data/home/songqiangxu/project/CNN/instances_tp8_syn_kv260/proj_QUANT_INPUT/work/solution/impl/verilog/project.gen/sources_1/bd/bd_0/ip/bd_0_hls_inst_0/bd_0_hls_inst_0/bd_0_hls_inst_0_in_context.xdc] for cell 'bd_0_i/hls_inst'
Parsing XDC File [/data/home/songqiangxu/project/CNN/instances_tp8_syn_kv260/proj_QUANT_INPUT/work/solution/impl/verilog/top.xdc]
Finished Parsing XDC File [/data/home/songqiangxu/project/CNN/instances_tp8_syn_kv260/proj_QUANT_INPUT/work/solution/impl/verilog/top.xdc]
Parsing XDC File [/data/home/songqiangxu/project/CNN/instances_tp8_syn_kv260/proj_QUANT_INPUT/work/solution/impl/verilog/project.runs/synth_1/dont_touch.xdc]
Finished Parsing XDC File [/data/home/songqiangxu/project/CNN/instances_tp8_syn_kv260/proj_QUANT_INPUT/work/solution/impl/verilog/project.runs/synth_1/dont_touch.xdc]
Completed Processing XDC Constraints

Netlist sorting complete. Time (s): cpu = 00:00:00 ; elapsed = 00:00:00 . Memory (MB): peak = 2978.098 ; gain = 0.000 ; free physical = 5112 ; free virtual = 109583
INFO: [Project 1-111] Unisim Transformation Summary:
No Unisim elements were transformed.

Constraint Validation Runtime : Time (s): cpu = 00:00:00.03 ; elapsed = 00:00:00.02 . Memory (MB): peak = 2978.098 ; gain = 0.000 ; free physical = 5116 ; free virtual = 109587
---------------------------------------------------------------------------------
Finished Constraint Validation : Time (s): cpu = 00:00:12 ; elapsed = 00:00:13 . Memory (MB): peak = 2978.098 ; gain = 64.031 ; free physical = 6049 ; free virtual = 110558
---------------------------------------------------------------------------------
---------------------------------------------------------------------------------
Start Loading Part and Timing Information
---------------------------------------------------------------------------------
Loading part: xc7k325tffg900-2
---------------------------------------------------------------------------------
Finished Loading Part and Timing Information : Time (s): cpu = 00:00:12 ; elapsed = 00:00:13 . Memory (MB): peak = 2978.098 ; gain = 64.031 ; free physical = 6048 ; free virtual = 110557
---------------------------------------------------------------------------------
---------------------------------------------------------------------------------
Start Applying 'set_property' XDC Constraints
---------------------------------------------------------------------------------
Applied set_property KEEP_HIERARCHY = SOFT for bd_0_i. (constraint file  auto generated constraint).
Applied set_property KEEP_HIERARCHY = SOFT for bd_0_i/hls_inst. (constraint file  auto generated constraint).
---------------------------------------------------------------------------------
Finished applying 'set_property' XDC Constraints : Time (s): cpu = 00:00:12 ; elapsed = 00:00:13 . Memory (MB): peak = 2978.098 ; gain = 64.031 ; free physical = 6050 ; free virtual = 110560
---------------------------------------------------------------------------------
---------------------------------------------------------------------------------
Finished RTL Optimization Phase 2 : Time (s): cpu = 00:00:12 ; elapsed = 00:00:13 . Memory (MB): peak = 2978.098 ; gain = 64.031 ; free physical = 6050 ; free virtual = 110560
---------------------------------------------------------------------------------
---------------------------------------------------------------------------------
Start RTL Component Statistics 
---------------------------------------------------------------------------------
Detailed RTL Component Info : 
---------------------------------------------------------------------------------
Finished RTL Component Statistics 
---------------------------------------------------------------------------------
---------------------------------------------------------------------------------
Start Part Resource Summary
---------------------------------------------------------------------------------
Part Resources:
DSPs: 840 (col length:140)
BRAMs: 890 (col length: RAMB18 140 RAMB36 70)
---------------------------------------------------------------------------------
Finished Part Resource Summary
---------------------------------------------------------------------------------
---------------------------------------------------------------------------------
Start Cross Boundary and Area Optimization
---------------------------------------------------------------------------------
WARNING: [Synth 8-7080] Parallel synthesis criteria is not met
---------------------------------------------------------------------------------
Finished Cross Boundary and Area Optimization : Time (s): cpu = 00:00:14 ; elapsed = 00:00:15 . Memory (MB): peak = 2978.098 ; gain = 64.031 ; free physical = 5961 ; free virtual = 110475
---------------------------------------------------------------------------------
---------------------------------------------------------------------------------
Start Applying XDC Timing Constraints
---------------------------------------------------------------------------------
---------------------------------------------------------------------------------
Finished Applying XDC Timing Constraints : Time (s): cpu = 00:00:19 ; elapsed = 00:00:19 . Memory (MB): peak = 2978.098 ; gain = 64.031 ; free physical = 7472 ; free virtual = 111986
---------------------------------------------------------------------------------
---------------------------------------------------------------------------------
Start Timing Optimization
---------------------------------------------------------------------------------
---------------------------------------------------------------------------------
Finished Timing Optimization : Time (s): cpu = 00:00:19 ; elapsed = 00:00:20 . Memory (MB): peak = 2978.098 ; gain = 64.031 ; free physical = 7472 ; free virtual = 111986
---------------------------------------------------------------------------------
---------------------------------------------------------------------------------
Start Technology Mapping
---------------------------------------------------------------------------------
---------------------------------------------------------------------------------
Finished Technology Mapping : Time (s): cpu = 00:00:19 ; elapsed = 00:00:20 . Memory (MB): peak = 2978.098 ; gain = 64.031 ; free physical = 7471 ; free virtual = 111985
---------------------------------------------------------------------------------
---------------------------------------------------------------------------------
Start IO Insertion
---------------------------------------------------------------------------------
---------------------------------------------------------------------------------
Start Flattening Before IO Insertion
---------------------------------------------------------------------------------
---------------------------------------------------------------------------------
Finished Flattening Before IO Insertion
---------------------------------------------------------------------------------
---------------------------------------------------------------------------------
Start Final Netlist Cleanup
---------------------------------------------------------------------------------
---------------------------------------------------------------------------------
Finished Final Netlist Cleanup
---------------------------------------------------------------------------------
---------------------------------------------------------------------------------
Finished IO Insertion : Time (s): cpu = 00:00:23 ; elapsed = 00:00:24 . Memory (MB): peak = 2978.098 ; gain = 64.031 ; free physical = 8146 ; free virtual = 112660
---------------------------------------------------------------------------------
---------------------------------------------------------------------------------
Start Renaming Generated Instances
---------------------------------------------------------------------------------
---------------------------------------------------------------------------------
Finished Renaming Generated Instances : Time (s): cpu = 00:00:23 ; elapsed = 00:00:24 . Memory (MB): peak = 2978.098 ; gain = 64.031 ; free physical = 8146 ; free virtual = 112660
---------------------------------------------------------------------------------
---------------------------------------------------------------------------------
Start Rebuilding User Hierarchy
---------------------------------------------------------------------------------
---------------------------------------------------------------------------------
Finished Rebuilding User Hierarchy : Time (s): cpu = 00:00:23 ; elapsed = 00:00:24 . Memory (MB): peak = 2978.098 ; gain = 64.031 ; free physical = 8146 ; free virtual = 112660
---------------------------------------------------------------------------------
---------------------------------------------------------------------------------
Start Renaming Generated Ports
---------------------------------------------------------------------------------
---------------------------------------------------------------------------------
Finished Renaming Generated Ports : Time (s): cpu = 00:00:23 ; elapsed = 00:00:24 . Memory (MB): peak = 2978.098 ; gain = 64.031 ; free physical = 8146 ; free virtual = 112660
---------------------------------------------------------------------------------
---------------------------------------------------------------------------------
Start Handling Custom Attributes
---------------------------------------------------------------------------------
---------------------------------------------------------------------------------
Finished Handling Custom Attributes : Time (s): cpu = 00:00:23 ; elapsed = 00:00:24 . Memory (MB): peak = 2978.098 ; gain = 64.031 ; free physical = 8146 ; free virtual = 112660
---------------------------------------------------------------------------------
---------------------------------------------------------------------------------
Start Renaming Generated Nets
---------------------------------------------------------------------------------
---------------------------------------------------------------------------------
Finished Renaming Generated Nets : Time (s): cpu = 00:00:23 ; elapsed = 00:00:24 . Memory (MB): peak = 2978.098 ; gain = 64.031 ; free physical = 8146 ; free virtual = 112660
---------------------------------------------------------------------------------
---------------------------------------------------------------------------------
Start Writing Synthesis Report
---------------------------------------------------------------------------------

Report BlackBoxes: 
+------+----------------+----------+
|      |BlackBox name   |Instances |
+------+----------------+----------+
|1     |bd_0_hls_inst_0 |         1|
+------+----------------+----------+

Report Cell Usage: 
+------+--------------+------+
|      |Cell          |Count |
+------+--------------+------+
|1     |bd_0_hls_inst |     1|
+------+--------------+------+
---------------------------------------------------------------------------------
Finished Writing Synthesis Report : Time (s): cpu = 00:00:23 ; elapsed = 00:00:24 . Memory (MB): peak = 2978.098 ; gain = 64.031 ; free physical = 8146 ; free virtual = 112660
---------------------------------------------------------------------------------
Synthesis finished with 0 errors, 0 critical warnings and 1 warnings.
Synthesis Optimization Runtime : Time (s): cpu = 00:00:21 ; elapsed = 00:00:22 . Memory (MB): peak = 2978.098 ; gain = 0.000 ; free physical = 8196 ; free virtual = 112710
Synthesis Optimization Complete : Time (s): cpu = 00:00:23 ; elapsed = 00:00:24 . Memory (MB): peak = 2978.098 ; gain = 64.031 ; free physical = 8196 ; free virtual = 112710
INFO: [Project 1-571] Translating synthesized netlist
Netlist sorting complete. Time (s): cpu = 00:00:00 ; elapsed = 00:00:00.01 . Memory (MB): peak = 2978.098 ; gain = 0.000 ; free physical = 8189 ; free virtual = 112703
INFO: [Project 1-570] Preparing netlist for logic optimization
INFO: [Opt 31-138] Pushed 0 inverter(s) to 0 load pin(s).
Netlist sorting complete. Time (s): cpu = 00:00:00 ; elapsed = 00:00:00 . Memory (MB): peak = 2978.098 ; gain = 0.000 ; free physical = 8210 ; free virtual = 112725
INFO: [Project 1-111] Unisim Transformation Summary:
No Unisim elements were transformed.

Synth Design complete, checksum: b65d3c9f
INFO: [Common 17-83] Releasing license: Synthesis
21 Infos, 2 Warnings, 0 Critical Warnings and 0 Errors encountered.
synth_design completed successfully
synth_design: Time (s): cpu = 00:00:32 ; elapsed = 00:00:29 . Memory (MB): peak = 2978.098 ; gain = 72.035 ; free physical = 8407 ; free virtual = 112922
INFO: [Common 17-1381] The checkpoint '/data/home/songqiangxu/project/CNN/instances_tp8_syn_kv260/proj_QUANT_INPUT/work/solution/impl/verilog/project.runs/synth_1/bd_0_wrapper.dcp' has been generated.
INFO: [runtcl-4] Executing : report_utilization -file bd_0_wrapper_utilization_synth.rpt -pb bd_0_wrapper_utilization_synth.pb
INFO: [Common 17-206] Exiting Vivado at Mon May  4 17:57:06 2026...
[Mon May  4 17:57:10 2026] synth_1 finished
wait_on_runs: Time (s): cpu = 00:04:11 ; elapsed = 00:03:58 . Memory (MB): peak = 3040.707 ; gain = 0.000 ; free physical = 9549 ; free virtual = 114059
TIMESTAMP: HLS-REPORT: synthesis open_run: 2026-05-04 17:57:10 CST
INFO: HLS-REPORT: Opening synthesis design database: open_run synth_1
Design is defaulting to impl run constrset: constrs_1
Design is defaulting to synth run part: xc7k325tffg900-2
INFO: [Device 21-403] Loading part xc7k325tffg900-2
INFO: [Project 1-454] Reading design checkpoint '/data/home/songqiangxu/project/CNN/instances_tp8_syn_kv260/proj_QUANT_INPUT/work/solution/impl/verilog/project.gen/sources_1/bd/bd_0/ip/bd_0_hls_inst_0/bd_0_hls_inst_0.dcp' for cell 'bd_0_i/hls_inst'
Netlist sorting complete. Time (s): cpu = 00:00:00.75 ; elapsed = 00:00:00.75 . Memory (MB): peak = 3040.707 ; gain = 0.000 ; free physical = 9065 ; free virtual = 113574
INFO: [Netlist 29-17] Analyzing 4395 Unisim elements for replacement
INFO: [Netlist 29-28] Unisim Transformation completed in 0 CPU seconds
INFO: [Project 1-479] Netlist was created with Vivado 2022.1
INFO: [Project 1-570] Preparing netlist for logic optimization
Parsing XDC File [/data/home/songqiangxu/project/CNN/instances_tp8_syn_kv260/proj_QUANT_INPUT/work/solution/impl/verilog/top.xdc]
Finished Parsing XDC File [/data/home/songqiangxu/project/CNN/instances_tp8_syn_kv260/proj_QUANT_INPUT/work/solution/impl/verilog/top.xdc]
INFO: [Opt 31-138] Pushed 0 inverter(s) to 0 load pin(s).
Netlist sorting complete. Time (s): cpu = 00:00:00.02 ; elapsed = 00:00:00.02 . Memory (MB): peak = 3040.707 ; gain = 0.000 ; free physical = 8375 ; free virtual = 112884
INFO: [Project 1-111] Unisim Transformation Summary:
No Unisim elements were transformed.

open_run: Time (s): cpu = 00:00:20 ; elapsed = 00:00:21 . Memory (MB): peak = 3040.707 ; gain = 0.000 ; free physical = 8369 ; free virtual = 112878
TIMESTAMP: HLS-REPORT: synthesis generate_reports_vivado: 2026-05-04 17:57:31 CST
INFO: HLS-REPORT: Running report: report_utilization -file ./report/top_utilization_synth.rpt
INFO: HLS-REPORT: Running report: report_utilization -hierarchical -hierarchical_depth 7 -file ./report/top_utilization_hierarchical_synth.rpt
INFO: HLS-REPORT: Running report: report_timing_summary -file ./report/top_timing_synth.rpt
INFO: [Timing 38-35] Done setting XDC timing constraints.
INFO: [Timing 38-91] UpdateTimingParams: Speed grade: -2, Delay Type: min_max.
INFO: [Timing 38-191] Multithreading enabled for timing update using a maximum of 8 CPUs
WARNING: [Timing 38-242] The property HD.CLK_SRC of clock port "ap_clk" is not set. In out-of-context mode, this prevents timing estimation for clock delay/skew
Resolution: Set the HD.CLK_SRC property of the out-of-context port to the location of the clock buffer instance in the top-level design
report_timing_summary: Time (s): cpu = 00:00:35 ; elapsed = 00:00:17 . Memory (MB): peak = 3548.609 ; gain = 507.902 ; free physical = 7878 ; free virtual = 112393
INFO: HLS-REPORT: Running report: report_timing -max_paths 10 -file ./report/top_timing_paths_synth.rpt
INFO: [Timing 38-91] UpdateTimingParams: Speed grade: -2, Delay Type: max.
INFO: [Timing 38-191] Multithreading enabled for timing update using a maximum of 8 CPUs
INFO: [Timing 38-78] ReportTimingParams: -max_paths 10 -nworst 1 -delay_type max -sort_by slack.
INFO: HLS-REPORT: Running report: report_design_analysis -file ./report/top_design_analysis_synth.rpt
INFO: [Implflow 30-839]  
INFO: HLS-REPORT: Running report: ::tclapp::xilinx::designutils::report_failfast -detailed_report synth -file ./report/top_failfast_synth.rpt
 -I- design metrics completed in 3 seconds
 -I- DONT_TOUCH metric completed in 0 seconds
 -I- MARK_DEBUG metric completed in 1 seconds
 -I- utilization metrics completed in 2 seconds
 -I- control set metrics completed in 0 seconds
 -I- methodology check metrics completed in 3 seconds
 -I- average fanout metrics completed in 11 seconds (0 modules)
 -I- non-FD high fanout nets completed in 6 seconds
 -I- path budgeting metrics completed in 3 seconds
#  +-----------------------------------------------------------------------------------------+
#  | Design Summary                                                                          |
#  | design_1                                                                                |
#  | xc7k325tffg900-2                                                                        |
#  +-----------------------------------------------------------+-----------+--------+--------+
#  | Criteria                                                  | Guideline | Actual | Status |
#  +-----------------------------------------------------------+-----------+--------+--------+
#  | LUT                                                       | 70%       | 14.29% | OK     |
#  | FD                                                        | 50%       | 10.37% | OK     |
#  | LUTRAM+SRL                                                | 25%       | 2.35%  | OK     |
#  | MUXF7                                                     | 15%       | 0.06%  | OK     |
#  | DSP                                                       | 80%       | 0.00%  | OK     |
#  | RAMB/FIFO                                                 | 80%       | 0.00%  | OK     |
#  | DSP+RAMB+URAM (Avg)                                       | 70%       | 0.00%  | OK     |
#  | BUFGCE* + BUFGCTRL                                        | 24        | 0      | OK     |
#  | DONT_TOUCH (cells/nets)                                   | 0         | 0      | OK     |
#  | MARK_DEBUG (nets)                                         | 0         | 0      | OK     |
#  | Control Sets                                              | 3821      | 177    | OK     |
#  | Average Fanout for modules > 100k cells                   | 4         | 0      | OK     |
#  | Non-FD high fanout nets > 10k loads                       | 0         | 0      | OK     |
#  +-----------------------------------------------------------+-----------+--------+--------+
#  | TIMING-6 (No common primary clock between related clocks) | 0         | 0      | OK     |
#  | TIMING-7 (No common node between related clocks)          | 0         | 0      | OK     |
#  | TIMING-8 (No common period between related clocks)        | 0         | 0      | OK     |
#  | TIMING-14 (LUT on the clock tree)                         | 0         | 0      | OK     |
#  | TIMING-35 (No common node in paths with the same clock)   | 0         | 0      | OK     |
#  +-----------------------------------------------------------+-----------+--------+--------+
#  | Number of paths above max LUT budgeting (0.500ns)         | 0         | 0      | OK     |
#  | Number of paths above max Net budgeting (0.350ns)         | 0         | 0      | OK     |
#  +-----------------------------------------------------------+-----------+--------+--------+
 -I- Generated file /data/home/songqiangxu/project/CNN/instances_tp8_syn_kv260/proj_QUANT_INPUT/work/solution/impl/verilog/report/top_failfast_synth.rpt
 -I- Number of criteria to review: 0
 -I- This report should be run before placing the design and uses conservative guidelines beyond which runtime and timing closure will likely be more challenging
 -I- report_failfast completed in 29 seconds
TIMESTAMP: HLS-REPORT: synthesis gen_data_dict_vivado: 2026-05-04 17:58:20 CST
TIMESTAMP: HLS-REPORT: synth extract_util_hier: 2026-05-04 17:58:20 CST
TIMESTAMP: HLS-REPORT: synth get_cell_hier_data: 2026-05-04 17:58:20 CST
TIMESTAMP: HLS-REPORT: synth get_timing_paths: 2026-05-04 17:58:20 CST
TIMESTAMP: HLS-REPORT: synth process timing paths: 2026-05-04 17:58:20 CST
TIMESTAMP: HLS-REPORT: synth get_all_vv_rpt_files: 2026-05-04 17:58:20 CST
TIMESTAMP: HLS-REPORT: synthesis write_reports_vivado: 2026-05-04 17:58:20 CST
HLS EXTRACTION: synth area_totals:  0 203800 407600 840 890 0 0
HLS EXTRACTION: synth area_current: 0 29122 42276 0 0 0 1503 0 0 0
HLS EXTRACTION: synth resources_dict: AVAIL_LUT 203800 LUT 29122 AVAIL_FF 407600 FF 42276 AVAIL_DSP 840 DSP 0 AVAIL_BRAM 890 BRAM 0 AVAIL_URAM 0 URAM 0 LATCH 0 SRL 1503 AVAIL_CLB 0 CLB 0
INFO: HLS-REPORT: generated /data/home/songqiangxu/project/CNN/instances_tp8_syn_kv260/proj_QUANT_INPUT/work/solution/impl/verilog/report/vivado_syn.xml
INFO: HLS-REPORT: generated /data/home/songqiangxu/project/CNN/instances_tp8_syn_kv260/proj_QUANT_INPUT/work/solution/impl/report/verilog/top_export.rpt


Implementation tool: Xilinx Vivado v.2022.1
Project:             work
Solution:            solution
Device target:       xc7k325t-ffg900-2
Report date:         Mon May 04 17:58:20 CST 2026

#=== Post-Synthesis Resource usage ===
SLICE:            0
LUT:          29122
FF:           42276
DSP:              0
BRAM:             0
URAM:             0
LATCH:            0
SRL:           1503
CLB:              0

#=== Final timing ===
CP required:                     2.500
CP achieved post-synthesis:      2.127
Timing met

TIMESTAMP: HLS-REPORT: synthesis end: 2026-05-04 17:58:20 CST
# if { $has_impl } {
#   # launch run impl
#   if { [llength $impl_props] } {
#     set_property -dict $impl_props [get_runs impl_1]
#   }
#   launch_runs impl_1
#   wait_on_run impl_1
#   # impl reports
#   hls_vivado_reports_impl impl_1 $report_options
# }
# hls_vivado_reports_finalize $report_options
TIMESTAMP: HLS-REPORT: all reports complete: 2026-05-04 17:58:20 CST
INFO: [Common 17-206] Exiting Vivado at Mon May  4 17:58:20 2026...
INFO: [HLS 200-802] Generated output file export_ip/QUANT_INPUT.zip
INFO: [HLS 200-111] Finished Command export_design CPU user time: 389.51 seconds. CPU system time: 31.21 seconds. Elapsed time: 348.25 seconds; current allocated memory: 11.465 MB.
INFO: [HLS 200-112] Total CPU user time: 411.8 seconds. Total CPU system time: 34.19 seconds. Total elapsed time: 370.96 seconds; peak allocated memory: 1.459 GB.
INFO: [Common 17-206] Exiting vitis_hls at Mon May  4 17:58:22 2026...
