165ns
****** Vitis HLS - High-Level Synthesis from C, C++ and OpenCL v2022.1 (64-bit)
  **** SW Build 3526262 on Mon Apr 18 15:47:01 MDT 2022
  **** IP Build 3524634 on Mon Apr 18 20:55:01 MDT 2022
    ** Copyright 1986-2022 Xilinx, Inc. All Rights Reserved.

source /data/home/songqiangxu/Xilinx/2022.1/Vitis_HLS/2022.1/scripts/vitis_hls/hls.tcl -notrace
INFO: [HLS 200-10] Running '/data/home/songqiangxu/Xilinx/2022.1/Vitis_HLS/2022.1/bin/unwrapped/lnx64.o/vitis_hls'
INFO: [HLS 200-10] For user 'songqiangxu' on host 'dell-Precision-7920-Tower' (Linux_x86_64 version 5.15.0-139-generic) on Mon May 04 18:18:02 CST 2026
INFO: [HLS 200-10] On os Ubuntu 20.04.6 LTS
INFO: [HLS 200-10] In directory '/data/home/songqiangxu/project/CNN/instances_tp8_syn_kv260/proj_LOG'
WARNING: [HLS 200-40] Environment variable 'CPLUS_INCLUDE_PATH' is set to /data/home/songqiangxu/project/CNN.
Sourcing Tcl script 'run.tcl'
INFO: [HLS 200-1510] Running: open_project work 
INFO: [HLS 200-10] Creating and opening project '/data/home/songqiangxu/project/CNN/instances_tp8_syn_kv260/proj_LOG/work'.
INFO: [HLS 200-1510] Running: add_files case/LOG.cpp 
INFO: [HLS 200-10] Adding design file 'case/LOG.cpp' to the project
INFO: [HLS 200-1510] Running: add_files -tb case/LOG.cpp 
INFO: [HLS 200-10] Adding test bench file 'case/LOG.cpp' to the project
INFO: [HLS 200-1510] Running: open_solution solution 
INFO: [HLS 200-10] Creating and opening solution '/data/home/songqiangxu/project/CNN/instances_tp8_syn_kv260/proj_LOG/work/solution'.
INFO: [HLS 200-1505] Using default flow_target 'vivado'
Resolution: For help on HLS 200-1505 see www.xilinx.com/cgi-bin/docs/rdoc?v=2022.1;t=hls+guidance;d=200-1505.html
INFO: [HLS 200-435] Setting 'open_solution -flow_target vivado' configuration: config_interface -m_axi_latency=0
INFO: [HLS 200-1510] Running: set_part xc7k325tffg900-2 
INFO: [HLS 200-1611] Setting target device to 'xc7k325t-ffg900-2'
INFO: [HLS 200-1510] Running: set_top top 
INFO: [HLS 200-1510] Running: create_clock -period 2.5 
INFO: [SYN 201-201] Setting up clock 'default' with a period of 2.5ns.
INFO: [HLS 200-1510] Running: config_export -format ip_catalog -rtl verilog -vivado_clock 2.5 -vivado_phys_opt none 
INFO: [HLS 200-1510] Running: config_compile -pipeline_style flp 
INFO: [HLS 200-1510] Running: csynth_design 
INFO: [HLS 200-111] Finished File checks and directory preparation: CPU user time: 0.01 seconds. CPU system time: 0 seconds. Elapsed time: 0.01 seconds; current allocated memory: 1.459 GB.
INFO: [HLS 200-10] Analyzing design file 'case/LOG.cpp' ... 
INFO: [HLS 200-111] Finished Source Code Analysis and Preprocessing: CPU user time: 6.56 seconds. CPU system time: 0.88 seconds. Elapsed time: 6.48 seconds; current allocated memory: 460.824 MB.
INFO: [HLS 200-777] Using interface defaults for 'Vivado' flow target.
INFO: [HLS 214-131] Inlining function 'hls::vector<ap_uint<8>, 19ul>::pragma() const' into 'hls::vector<ap_uint<8>, 19ul>::operator[](unsigned long)' (/data/home/songqiangxu/Xilinx/2022.1/Vitis_HLS/2022.1/common/technology/autopilot/hls_vector.h:142:5)
INFO: [HLS 214-131] Inlining function 'hls::vector<ap_uint<8>, 19ul>::operator[](unsigned long)' into 'LogLUT<ap_uint<8>, ap_uint<8>, 1, 40, 1, 19>::do_lut_func(hls::stream<hls::vector<ap_uint<8>, 19ul>, 0>&, hls::stream<hls::vector<ap_uint<8>, 19ul>, 0>&)' (/data/home/songqiangxu/project/CNN/src/log.h:45:21)
INFO: [HLS 214-131] Inlining function 'hls::vector<ap_uint<8>, 19ul>::operator[](unsigned long)' into 'LogLUT<ap_uint<8>, ap_uint<8>, 1, 40, 1, 19>::do_lut_func(hls::stream<hls::vector<ap_uint<8>, 19ul>, 0>&, hls::stream<hls::vector<ap_uint<8>, 19ul>, 0>&)' (/data/home/songqiangxu/project/CNN/src/log.h:44:19)
INFO: [HLS 214-291] Loop 'elem_loop' is marked as complete unroll implied by the pipeline pragma (/data/home/songqiangxu/project/CNN/src/log.h:42:28)
INFO: [HLS 214-186] Unrolling loop 'elem_loop' (/data/home/songqiangxu/project/CNN/src/log.h:42:28) in function 'LogLUT<ap_uint<8>, ap_uint<8>, 1, 40, 1, 19>::do_lut_func' completely with a factor of 19 (/data/home/songqiangxu/project/CNN/src/log.h:34:0)
INFO: [HLS 214-178] Inlining function 'std::__array_traits<ap_uint<8>, 19ul>::_S_ref(ap_uint<8> const (&) [19], unsigned long)' into 'std::array<ap_uint<8>, 19ul>::operator[](unsigned long)' (/data/home/songqiangxu/Xilinx/2022.1/Vitis_HLS/2022.1/tps/lnx64/gcc-8.3.0/lib/gcc/x86_64-pc-linux-gnu/8.3.0/../../../../include/c++/8.3.0/array:186:0)
INFO: [HLS 214-178] Inlining function 'std::array<ap_uint<8>, 19ul>::operator[](unsigned long)' into 'LogLUT<ap_uint<8>, ap_uint<8>, 1, 40, 1, 19>::do_lut_func(hls::stream<hls::vector<ap_uint<8>, 19ul>, 0>&, hls::stream<hls::vector<ap_uint<8>, 19ul>, 0>&)' (/data/home/songqiangxu/project/CNN/src/log.h:34:0)
INFO: [HLS 214-241] Aggregating axis (hls::stream) variable 'i_stream' with compact=bit mode in 152-bits (case/LOG.cpp:11:0)
INFO: [HLS 214-241] Aggregating axis (hls::stream) variable 'o_stream' with compact=bit mode in 152-bits (case/LOG.cpp:11:0)
INFO: [HLS 214-241] Aggregating scalar variable 'in' with compact=bit mode in 152-bits
INFO: [HLS 214-241] Aggregating scalar variable 'out' with compact=bit mode in 152-bits (/data/home/songqiangxu/project/CNN/src/log.h:40:48)
INFO: [HLS 214-131] Inlining function '_llvm.fpga.pack.none.i152.a19s_struct.ap_uint<8>s' into '_llvm.fpga.unpack.bits.s_class.hls::vector<ap_uint<8>, 19>s.i152.1'
INFO: [HLS 214-131] Inlining function '_llvm.fpga.unpack.bits.s_class.hls::vector<ap_uint<8>, 19>s.i152.1' into 'LogLUT<ap_uint<8>, ap_uint<8>, 1, 40, 1, 19>::do_lut_func(hls::stream<hls::vector<ap_uint<8>, 19ul>, 0>&, hls::stream<hls::vector<ap_uint<8>, 19ul>, 0>&) (.1)' (/data/home/songqiangxu/Xilinx/2022.1/Vitis_HLS/2022.1/common/technology/autopilot/hls_stream_39.h:145:9)
INFO: [HLS 214-131] Inlining function '_llvm.fpga.pack.bits.i152.s_class.hls::vector<ap_uint<8>, 19>s.1' into 'LogLUT<ap_uint<8>, ap_uint<8>, 1, 40, 1, 19>::do_lut_func(hls::stream<hls::vector<ap_uint<8>, 19ul>, 0>&, hls::stream<hls::vector<ap_uint<8>, 19ul>, 0>&) (.1)' (/data/home/songqiangxu/Xilinx/2022.1/Vitis_HLS/2022.1/common/technology/autopilot/hls_stream_39.h:174:9)
INFO: [HLS 214-131] Inlining function '_llvm.fpga.pack.none.i152.s_class.hls::vector<ap_uint<8>, 19>s' into 'LogLUT<ap_uint<8>, ap_uint<8>, 1, 40, 1, 19>::do_lut_func(hls::stream<hls::vector<ap_uint<8>, 19ul>, 0>&, hls::stream<hls::vector<ap_uint<8>, 19ul>, 0>&) (.1)' (/data/home/songqiangxu/Xilinx/2022.1/Vitis_HLS/2022.1/common/technology/autopilot/hls_stream_39.h:174:9)
INFO: [HLS 200-111] Finished Compiling Optimization and Transform: CPU user time: 4.11 seconds. CPU system time: 0.75 seconds. Elapsed time: 4.86 seconds; current allocated memory: 461.766 MB.
INFO: [HLS 200-111] Finished Checking Pragmas: CPU user time: 0 seconds. CPU system time: 0 seconds. Elapsed time: 0 seconds; current allocated memory: 461.766 MB.
INFO: [HLS 200-10] Starting code transformations ...
INFO: [HLS 200-111] Finished Standard Transforms: CPU user time: 0.04 seconds. CPU system time: 0.01 seconds. Elapsed time: 0.05 seconds; current allocated memory: 466.281 MB.
INFO: [HLS 200-10] Checking synthesizability ...
INFO: [HLS 200-111] Finished Checking Synthesizability: CPU user time: 0.09 seconds. CPU system time: 0 seconds. Elapsed time: 0.1 seconds; current allocated memory: 471.551 MB.
INFO: [XFORM 203-712] Applying dataflow to function 'top' (case/LOG.cpp:9:1), detected/extracted 1 process function(s): 
	 'LogLUT<ap_uint<8>, ap_uint<8>, 1, 40, 1, 19>::do_lut_func'.
INFO: [HLS 200-111] Finished Loop, function and other optimizations: CPU user time: 0.16 seconds. CPU system time: 0.02 seconds. Elapsed time: 0.18 seconds; current allocated memory: 499.961 MB.
INFO: [HLS 200-111] Finished Architecture Synthesis: CPU user time: 0.06 seconds. CPU system time: 0.01 seconds. Elapsed time: 0.07 seconds; current allocated memory: 500.910 MB.
INFO: [HLS 200-10] Starting hardware synthesis ...
INFO: [HLS 200-10] Synthesizing 'top' ...
INFO: [HLS 200-10] ----------------------------------------------------------------
INFO: [HLS 200-42] -- Implementing module 'do_lut_func' 
INFO: [HLS 200-10] ----------------------------------------------------------------
INFO: [SCHED 204-11] Starting scheduling ...
INFO: [SCHED 204-61] Pipelining loop 'channels_loop'.
INFO: [HLS 200-1470] Pipelining result : Target II = 1, Final II = 1, Depth = 5, loop 'channels_loop'
WARNING: [HLS 200-871] Estimated clock period (2.021ns) exceeds the target (target clock period: 2.5ns, clock uncertainty: 0.675ns, effective delay budget: 1.825ns).
Resolution: For help on HLS 200-871 see www.xilinx.com/cgi-bin/docs/rdoc?v=2022.1;t=hls+guidance;d=200-871.html
WARNING: [HLS 200-1016] The critical path in module 'do_lut_func' consists of the following:	'alloca' operation ('c') [4]  (0 ns)
	'load' operation ('c', /data/home/songqiangxu/project/CNN/src/log.h:37) on local variable 'c' [10]  (0 ns)
	'add' operation ('c', /data/home/songqiangxu/project/CNN/src/log.h:37) [13]  (1.19 ns)
	'store' operation ('c_write_ln37', /data/home/songqiangxu/project/CNN/src/log.h:37) of variable 'c', /data/home/songqiangxu/project/CNN/src/log.h:37 on local variable 'c' [97]  (0.833 ns)

Resolution: For help on HLS 200-1016 see www.xilinx.com/cgi-bin/docs/rdoc?v=2022.1;t=hls+guidance;d=200-1016.html
INFO: [SCHED 204-11] Finished scheduling.
INFO: [HLS 200-111] Finished Scheduling: CPU user time: 0.09 seconds. CPU system time: 0.04 seconds. Elapsed time: 0.12 seconds; current allocated memory: 502.789 MB.
INFO: [BIND 205-100] Starting micro-architecture generation ...
INFO: [BIND 205-101] Performing variable lifetime analysis.
INFO: [BIND 205-101] Exploring resource sharing.
INFO: [BIND 205-101] Binding ...
INFO: [BIND 205-100] Finished micro-architecture generation.
INFO: [HLS 200-111] Finished Binding: CPU user time: 0.04 seconds. CPU system time: 0 seconds. Elapsed time: 0.04 seconds; current allocated memory: 502.789 MB.
INFO: [HLS 200-10] ----------------------------------------------------------------
INFO: [HLS 200-42] -- Implementing module 'top' 
INFO: [HLS 200-10] ----------------------------------------------------------------
INFO: [SCHED 204-11] Starting scheduling ...
INFO: [SCHED 204-11] Finished scheduling.
INFO: [HLS 200-111] Finished Scheduling: CPU user time: 0.03 seconds. CPU system time: 0 seconds. Elapsed time: 0.04 seconds; current allocated memory: 502.789 MB.
INFO: [BIND 205-100] Starting micro-architecture generation ...
INFO: [BIND 205-101] Performing variable lifetime analysis.
INFO: [BIND 205-101] Exploring resource sharing.
INFO: [BIND 205-101] Binding ...
INFO: [BIND 205-100] Finished micro-architecture generation.
INFO: [HLS 200-111] Finished Binding: CPU user time: 0.02 seconds. CPU system time: 0 seconds. Elapsed time: 0.02 seconds; current allocated memory: 502.789 MB.
INFO: [HLS 200-10] ----------------------------------------------------------------
INFO: [HLS 200-10] -- Generating RTL for module 'do_lut_func' 
INFO: [HLS 200-10] ----------------------------------------------------------------
INFO: [RTGEN 206-100] Finished creating RTL model for 'do_lut_func'.
INFO: [HLS 200-111] Finished Creating RTL model: CPU user time: 0.04 seconds. CPU system time: 0 seconds. Elapsed time: 0.04 seconds; current allocated memory: 503.648 MB.
INFO: [HLS 200-10] ----------------------------------------------------------------
INFO: [HLS 200-10] -- Generating RTL for module 'top' 
INFO: [HLS 200-10] ----------------------------------------------------------------
WARNING: [RTGEN 206-101] Design contains AXI ports. Reset is fixed to synchronous and active low.
INFO: [RTGEN 206-500] Setting interface mode on port 'top/i_stream' to 'axis' (register, both mode).
INFO: [RTGEN 206-500] Setting interface mode on port 'top/o_stream' to 'axis' (register, both mode).
INFO: [RTGEN 206-500] Setting interface mode on function 'top' to 'ap_ctrl_chain'.
INFO: [RTGEN 206-100] Finished creating RTL model for 'top'.
INFO: [HLS 200-111] Finished Creating RTL model: CPU user time: 0.1 seconds. CPU system time: 0 seconds. Elapsed time: 0.11 seconds; current allocated memory: 505.469 MB.
INFO: [RTMG 210-279] Implementing memory 'top_do_lut_func_log_lut_V_ROM_AUTO_2R' using auto ROMs.
INFO: [HLS 200-111] Finished Generating all RTL models: CPU user time: 0.58 seconds. CPU system time: 0.02 seconds. Elapsed time: 0.59 seconds; current allocated memory: 509.785 MB.
INFO: [HLS 200-111] Finished Updating report files: CPU user time: 0.16 seconds. CPU system time: 0.02 seconds. Elapsed time: 0.18 seconds; current allocated memory: 510.957 MB.
INFO: [VHDL 208-304] Generating VHDL RTL for top.
INFO: [VLOG 209-307] Generating Verilog RTL for top.
INFO: [HLS 200-790] **** Loop Constraint Status: All loop constraints were satisfied.
INFO: [HLS 200-789] **** Estimated Fmax: 494.80 MHz
INFO: [HLS 200-111] Finished Command csynth_design CPU user time: 12.12 seconds. CPU system time: 1.75 seconds. Elapsed time: 12.91 seconds; current allocated memory: -982.520 MB.
INFO: [HLS 200-1510] Running: export_design -description LOG_DESC -display_name LOG_DISP -flow syn -library HLS -vendor PKU -version 1.0 -taxonomy IP Core -output export_ip/LOG -ipname LOG 
INFO: [IMPL 213-8] Exporting RTL as a Vivado IP.

****** Vivado v2022.1 (64-bit)
  **** SW Build 3526262 on Mon Apr 18 15:47:01 MDT 2022
  **** IP Build 3524634 on Mon Apr 18 20:55:01 MDT 2022
    ** Copyright 1986-2022 Xilinx, Inc. All Rights Reserved.

source run_ippack.tcl -notrace
INFO: [IP_Flow 19-234] Refreshing IP repositories
INFO: [IP_Flow 19-1704] No user IP repositories specified
INFO: [IP_Flow 19-2313] Loaded Vivado IP repository '/data/home/songqiangxu/Xilinx/2022.1/Vivado/2022.1/data/ip'.
INFO: [Common 17-206] Exiting Vivado at Mon May  4 18:18:28 2026...
INFO: [IMPL 213-8] Starting RTL evaluation using Vivado ...

****** Vivado v2022.1 (64-bit)
  **** SW Build 3526262 on Mon Apr 18 15:47:01 MDT 2022
  **** IP Build 3524634 on Mon Apr 18 20:55:01 MDT 2022
    ** Copyright 1986-2022 Xilinx, Inc. All Rights Reserved.

source run_vivadosyn.tcl
# source ./settings.tcl
## set top_module top
## set language verilog
## set family kintex7
## set device xc7k325t
## set package -ffg900
## set speed -2
## set clock ap_clk
## set fsm_ext "off"
## set add_io_buffers false ;
# source -notrace ./extraction.tcl
# set vivado_proj_name project
# set vivado_proj_dir .
# set target_device "${device}${package}${speed}"
# set target_clk_period_ns "2.5"
# set target_clk_freq_hz [expr {floor(1000 / $target_clk_period_ns) * 1000000}]
# set ip_vlnv PKU:HLS:LOG:1.0
# set ip_repo_path ../ip
# set bd_design_name bd_0
# set bd_inst_name hls_inst
# set bd_props {}
# set has_synth true
# set synth_design_args {-directive sdx_optimization_effort_high}
# set synth_dcp ""
# set synth_props {}
# set has_impl false
# set impl_props {}
# set report_options [dict create]
# dict set report_options report_level 2
# dict set report_options report_max_paths 10
# dict set report_options stdout_hls_reports 1
# dict set report_options stdout_vivado_reports 0
# dict set report_options hls_project work
# dict set report_options hls_solution solution
# dict set report_options has_synth $has_synth
# dict set report_options has_impl $has_impl
# dict set report_options vivado_reportbasename $top_module
# dict set report_options vivado_reportdir ./report
# dict set report_options hls_impl_dir ..
# dict set report_options hls_reportdir ../report/$language
# dict set report_options target_clk_period $target_clk_period_ns
# dict set report_options target_device $target_device
# dict set report_options language $language
# dict set report_options clock_name $clock
# dict set report_options error_if_impl_timing_fails false
# dict set report_options bindmodules {top_do_lut_func_log_lut_V_ROM_AUTO_2R top_regslice_both top_flow_control_loop_pipe}
# dict set report_options max_module_depth 6
# create_project $vivado_proj_name $vivado_proj_dir -part $target_device -force
# set_property target_language $language [current_project]
# if { ![file exists $ip_repo_path] } {
#   error "Cannot find packaged HLS IP"
# }
# set_property ip_repo_paths [file normalize $ip_repo_path] [current_project]
# update_ip_catalog
INFO: [IP_Flow 19-234] Refreshing IP repositories
INFO: [IP_Flow 19-1700] Loaded user IP repository '/data/home/songqiangxu/project/CNN/instances_tp8_syn_kv260/proj_LOG/work/solution/impl/ip'.
INFO: [IP_Flow 19-2313] Loaded Vivado IP repository '/data/home/songqiangxu/Xilinx/2022.1/Vivado/2022.1/data/ip'.
# create_bd_design $bd_design_name
Wrote  : </data/home/songqiangxu/project/CNN/instances_tp8_syn_kv260/proj_LOG/work/solution/impl/verilog/project.srcs/sources_1/bd/bd_0/bd_0.bd> 
# set cell_inst [create_bd_cell -type ip -vlnv $ip_vlnv $bd_inst_name]
# if { [llength $bd_props] } { 
#   set_property -dict $bd_props $cell_inst 
# }
# make_bd_pins_external $cell_inst
# make_bd_intf_pins_external $cell_inst
# set bd_clk_ports [get_bd_ports -filter {TYPE==clk}]
# if { [llength $bd_clk_ports] && $target_clk_freq_hz ne "" } { 
#   set_property CONFIG.FREQ_HZ $target_clk_freq_hz $bd_clk_ports 
# }
# foreach bd_port [get_bd_intf_ports] {
#   set_property name [regsub {_0$} [get_property name $bd_port] {}] $bd_port
# }
# foreach bd_port [get_bd_ports -filter {INTF!=TRUE}] {
#   set_property name [regsub {_0$} [get_property name $bd_port] {}] $bd_port
# }
# set s_axi_addr_width_min 32
WARNING: [BD 5-233] No interface ports matched 'get_bd_intf_ports -filter {MODE == "Slave" && VLNV =~ "xilinx.com:interface:aximm_rtl:*"}'
# foreach bd_port [get_bd_intf_ports -filter {MODE == "Slave" && VLNV =~ "xilinx.com:interface:aximm_rtl:*"}] {
#   set bd_port_addr_width [get_property CONFIG.ADDR_WIDTH $bd_port]
#   if { $bd_port_addr_width < $s_axi_addr_width_min } {
#     puts "INFO: Updating $bd_port CONFIG.ADDR_WIDTH to $s_axi_addr_width_min"
#     set_property CONFIG.ADDR_WIDTH $s_axi_addr_width_min $bd_port
#   }
# }
# set_msg_config -id {[BD 41-1265]} -severity {CRITICAL WARNING} -new_severity {INFO}
# assign_bd_address
Wrote  : </data/home/songqiangxu/project/CNN/instances_tp8_syn_kv260/proj_LOG/work/solution/impl/verilog/project.srcs/sources_1/bd/bd_0/bd_0.bd> 
Verilog Output written to : /data/home/songqiangxu/project/CNN/instances_tp8_syn_kv260/proj_LOG/work/solution/impl/verilog/project.gen/sources_1/bd/bd_0/synth/bd_0.v
Verilog Output written to : /data/home/songqiangxu/project/CNN/instances_tp8_syn_kv260/proj_LOG/work/solution/impl/verilog/project.gen/sources_1/bd/bd_0/sim/bd_0.v
Verilog Output written to : /data/home/songqiangxu/project/CNN/instances_tp8_syn_kv260/proj_LOG/work/solution/impl/verilog/project.gen/sources_1/bd/bd_0/hdl/bd_0_wrapper.v
# set toprtl [make_wrapper -files [get_files ${bd_design_name}.bd] -top]
# add_files -norecurse $toprtl
# set top_inst_name [file root [file tail $toprtl]]
# puts "Using BD top: $top_inst_name"
Using BD top: bd_0_wrapper
# set xdc_files [glob -nocomplain ./*.xdc]
# if { [llength $xdc_files] } {
#     add_files -fileset constrs_1 -norecurse $xdc_files
# }
# launch_runs synth_1 -scripts_only
INFO: [BD 41-1662] The design 'bd_0.bd' is already validated. Therefore parameter propagation will not be re-run.
Verilog Output written to : /data/home/songqiangxu/project/CNN/instances_tp8_syn_kv260/proj_LOG/work/solution/impl/verilog/project.gen/sources_1/bd/bd_0/synth/bd_0.v
Verilog Output written to : /data/home/songqiangxu/project/CNN/instances_tp8_syn_kv260/proj_LOG/work/solution/impl/verilog/project.gen/sources_1/bd/bd_0/sim/bd_0.v
Verilog Output written to : /data/home/songqiangxu/project/CNN/instances_tp8_syn_kv260/proj_LOG/work/solution/impl/verilog/project.gen/sources_1/bd/bd_0/hdl/bd_0_wrapper.v
INFO: [BD 41-1029] Generation completed for the IP Integrator block hls_inst .
Exporting to file /data/home/songqiangxu/project/CNN/instances_tp8_syn_kv260/proj_LOG/work/solution/impl/verilog/project.gen/sources_1/bd/bd_0/hw_handoff/bd_0.hwh
Generated Hardware Definition File /data/home/songqiangxu/project/CNN/instances_tp8_syn_kv260/proj_LOG/work/solution/impl/verilog/project.gen/sources_1/bd/bd_0/synth/bd_0.hwdef
WARNING: [Vivado 12-7122] Auto Incremental Compile:: No reference checkpoint was found in run synth_1. Auto-incremental flow will not be run, the standard flow will be run instead.
launch_runs: Time (s): cpu = 00:00:06 ; elapsed = 00:00:06 . Memory (MB): peak = 3041.727 ; gain = 72.035 ; free physical = 1673 ; free virtual = 105051
# foreach run [get_runs -filter {IS_SYNTHESIS == 1}] {
#   reset_run [get_runs $run]
# }
# set_property XPM_LIBRARIES {XPM_MEMORY XPM_FIFO} [current_project]
# hls_vivado_reports_setup $report_options
TIMESTAMP: HLS-REPORT: initialize report directories: 2026-05-04 18:18:52 CST
# if { $has_synth || $has_impl } {
#   # synth properties setting
#   set_property -name {STEPS.SYNTH_DESIGN.ARGS.MORE OPTIONS} -value {-mode out_of_context} -objects [get_runs synth_1]
#   set ip_inst [get_ips -quiet ${bd_design_name}*${bd_inst_name}*]
#   if { ![llength $ip_inst] } {
#       error "Cannot find HLS IP instance: ${bd_design_name}*${bd_inst_name}*"
#   }
#   set synth_run [get_runs -filter {IS_SYNTHESIS == 1} ${ip_inst}*]
#   if { ![llength $synth_run] } {
#       error "Cannot find synth run for HLS IP: ${ip_inst}*"
#   }
# 
#   if { [llength $synth_design_args] } {
#       set_property -name {STEPS.SYNTH_DESIGN.ARGS.MORE OPTIONS} -value $synth_design_args -objects $synth_run
#   }
# 
#   if { [llength $synth_props] } {
#     set_property -dict $synth_props $synth_run
#   }
# 
#   # launch run synth
#   launch_runs synth_1
#   wait_on_run synth_1
#   # synth reports
#   hls_vivado_reports_synth synth_1 $report_options
#   if { $synth_dcp ne "" } {
#     file mkdir [file dirname $synth_dcp]
#     set run_dcp [glob -nocomplain [get_property DIRECTORY $synth_run]/*.dcp]
#     if { [llength $run_dcp] != 1 } { error "Cannot find single dcp file for run $synth_run" }
#     file copy -force $run_dcp $synth_dcp
#   }
# }
WARNING: [Vivado 12-7122] Auto Incremental Compile:: No reference checkpoint was found in run synth_1. Auto-incremental flow will not be run, the standard flow will be run instead.
[Mon May  4 18:18:52 2026] Launched bd_0_hls_inst_0_synth_1...
Run output will be captured here: /data/home/songqiangxu/project/CNN/instances_tp8_syn_kv260/proj_LOG/work/solution/impl/verilog/project.runs/bd_0_hls_inst_0_synth_1/runme.log
[Mon May  4 18:18:52 2026] Launched synth_1...
Run output will be captured here: /data/home/songqiangxu/project/CNN/instances_tp8_syn_kv260/proj_LOG/work/solution/impl/verilog/project.runs/synth_1/runme.log
[Mon May  4 18:18:52 2026] Waiting for synth_1 to finish...

*** Running vivado
    with args -log bd_0_wrapper.vds -m64 -product Vivado -mode batch -messageDb vivado.pb -notrace -source bd_0_wrapper.tcl


****** Vivado v2022.1 (64-bit)
  **** SW Build 3526262 on Mon Apr 18 15:47:01 MDT 2022
  **** IP Build 3524634 on Mon Apr 18 20:55:01 MDT 2022
    ** Copyright 1986-2022 Xilinx, Inc. All Rights Reserved.

source bd_0_wrapper.tcl -notrace
INFO: [IP_Flow 19-234] Refreshing IP repositories
INFO: [IP_Flow 19-1700] Loaded user IP repository '/data/home/songqiangxu/project/CNN/instances_tp8_syn_kv260/proj_LOG/work/solution/impl/ip'.
INFO: [IP_Flow 19-2313] Loaded Vivado IP repository '/data/home/songqiangxu/Xilinx/2022.1/Vivado/2022.1/data/ip'.
Command: synth_design -top bd_0_wrapper -part xc7k325tffg900-2 -mode out_of_context
Starting synth_design
Attempting to get a license for feature 'Synthesis' and/or device 'xc7k325t'
INFO: [Common 17-349] Got license for feature 'Synthesis' and/or device 'xc7k325t'
INFO: [Device 21-403] Loading part xc7k325tffg900-2
INFO: [Synth 8-7079] Multithreading enabled for synth_design using a maximum of 4 processes.
INFO: [Synth 8-7078] Launching helper process for spawning children vivado processes
INFO: [Synth 8-7075] Helper process launched with PID 4074833
WARNING: [Synth 8-9501] generate block is allowed only inside loop and conditional generate in SystemVerilog mode [/data/home/songqiangxu/Xilinx/2022.1/Vivado/2022.1/data/ip/xpm/xpm_fifo/hdl/xpm_fifo.sv:4023]
---------------------------------------------------------------------------------
Starting RTL Elaboration : Time (s): cpu = 00:00:04 ; elapsed = 00:00:04 . Memory (MB): peak = 2914.066 ; gain = 0.000 ; free physical = 2500 ; free virtual = 102754
---------------------------------------------------------------------------------
INFO: [Synth 8-6157] synthesizing module 'bd_0_wrapper' [/data/home/songqiangxu/project/CNN/instances_tp8_syn_kv260/proj_LOG/work/solution/impl/verilog/project.gen/sources_1/bd/bd_0/hdl/bd_0_wrapper.v:12]
INFO: [Synth 8-6157] synthesizing module 'bd_0' [/data/home/songqiangxu/project/CNN/instances_tp8_syn_kv260/proj_LOG/work/solution/impl/verilog/project.gen/sources_1/bd/bd_0/synth/bd_0.v:12]
INFO: [Synth 8-6157] synthesizing module 'bd_0_hls_inst_0' [/data/home/songqiangxu/project/CNN/instances_tp8_syn_kv260/proj_LOG/work/solution/impl/verilog/project.runs/synth_1/.Xil/Vivado-4074370-dell-Precision-7920-Tower/realtime/bd_0_hls_inst_0_stub.v:5]
INFO: [Synth 8-6155] done synthesizing module 'bd_0_hls_inst_0' (0#1) [/data/home/songqiangxu/project/CNN/instances_tp8_syn_kv260/proj_LOG/work/solution/impl/verilog/project.runs/synth_1/.Xil/Vivado-4074370-dell-Precision-7920-Tower/realtime/bd_0_hls_inst_0_stub.v:5]
INFO: [Synth 8-6155] done synthesizing module 'bd_0' (0#1) [/data/home/songqiangxu/project/CNN/instances_tp8_syn_kv260/proj_LOG/work/solution/impl/verilog/project.gen/sources_1/bd/bd_0/synth/bd_0.v:12]
INFO: [Synth 8-6155] done synthesizing module 'bd_0_wrapper' (0#1) [/data/home/songqiangxu/project/CNN/instances_tp8_syn_kv260/proj_LOG/work/solution/impl/verilog/project.gen/sources_1/bd/bd_0/hdl/bd_0_wrapper.v:12]
---------------------------------------------------------------------------------
Finished RTL Elaboration : Time (s): cpu = 00:00:05 ; elapsed = 00:00:06 . Memory (MB): peak = 2914.066 ; gain = 0.000 ; free physical = 3671 ; free virtual = 103866
---------------------------------------------------------------------------------
---------------------------------------------------------------------------------
Start Handling Custom Attributes
---------------------------------------------------------------------------------
---------------------------------------------------------------------------------
Finished Handling Custom Attributes : Time (s): cpu = 00:00:05 ; elapsed = 00:00:06 . Memory (MB): peak = 2914.066 ; gain = 0.000 ; free physical = 3670 ; free virtual = 103865
---------------------------------------------------------------------------------
---------------------------------------------------------------------------------
Finished RTL Optimization Phase 1 : Time (s): cpu = 00:00:05 ; elapsed = 00:00:06 . Memory (MB): peak = 2914.066 ; gain = 0.000 ; free physical = 3670 ; free virtual = 103865
---------------------------------------------------------------------------------
Netlist sorting complete. Time (s): cpu = 00:00:00.01 ; elapsed = 00:00:00.01 . Memory (MB): peak = 2914.066 ; gain = 0.000 ; free physical = 3664 ; free virtual = 103859
INFO: [Project 1-570] Preparing netlist for logic optimization

Processing XDC Constraints
Initializing timing engine
Parsing XDC File [/data/home/songqiangxu/project/CNN/instances_tp8_syn_kv260/proj_LOG/work/solution/impl/verilog/project.gen/sources_1/bd/bd_0/ip/bd_0_hls_inst_0/bd_0_hls_inst_0/bd_0_hls_inst_0_in_context.xdc] for cell 'bd_0_i/hls_inst'
Finished Parsing XDC File [/data/home/songqiangxu/project/CNN/instances_tp8_syn_kv260/proj_LOG/work/solution/impl/verilog/project.gen/sources_1/bd/bd_0/ip/bd_0_hls_inst_0/bd_0_hls_inst_0/bd_0_hls_inst_0_in_context.xdc] for cell 'bd_0_i/hls_inst'
Parsing XDC File [/data/home/songqiangxu/project/CNN/instances_tp8_syn_kv260/proj_LOG/work/solution/impl/verilog/top.xdc]
Finished Parsing XDC File [/data/home/songqiangxu/project/CNN/instances_tp8_syn_kv260/proj_LOG/work/solution/impl/verilog/top.xdc]
Parsing XDC File [/data/home/songqiangxu/project/CNN/instances_tp8_syn_kv260/proj_LOG/work/solution/impl/verilog/project.runs/synth_1/dont_touch.xdc]
Finished Parsing XDC File [/data/home/songqiangxu/project/CNN/instances_tp8_syn_kv260/proj_LOG/work/solution/impl/verilog/project.runs/synth_1/dont_touch.xdc]
Completed Processing XDC Constraints

Netlist sorting complete. Time (s): cpu = 00:00:00 ; elapsed = 00:00:00 . Memory (MB): peak = 2978.098 ; gain = 0.000 ; free physical = 3572 ; free virtual = 103767
INFO: [Project 1-111] Unisim Transformation Summary:
No Unisim elements were transformed.

Constraint Validation Runtime : Time (s): cpu = 00:00:00.02 ; elapsed = 00:00:00.02 . Memory (MB): peak = 2978.098 ; gain = 0.000 ; free physical = 3572 ; free virtual = 103767
---------------------------------------------------------------------------------
Finished Constraint Validation : Time (s): cpu = 00:00:12 ; elapsed = 00:00:13 . Memory (MB): peak = 2978.098 ; gain = 64.031 ; free physical = 3642 ; free virtual = 103837
---------------------------------------------------------------------------------
---------------------------------------------------------------------------------
Start Loading Part and Timing Information
---------------------------------------------------------------------------------
Loading part: xc7k325tffg900-2
---------------------------------------------------------------------------------
Finished Loading Part and Timing Information : Time (s): cpu = 00:00:12 ; elapsed = 00:00:13 . Memory (MB): peak = 2978.098 ; gain = 64.031 ; free physical = 3642 ; free virtual = 103836
---------------------------------------------------------------------------------
---------------------------------------------------------------------------------
Start Applying 'set_property' XDC Constraints
---------------------------------------------------------------------------------
Applied set_property KEEP_HIERARCHY = SOFT for bd_0_i. (constraint file  auto generated constraint).
Applied set_property KEEP_HIERARCHY = SOFT for bd_0_i/hls_inst. (constraint file  auto generated constraint).
---------------------------------------------------------------------------------
Finished applying 'set_property' XDC Constraints : Time (s): cpu = 00:00:12 ; elapsed = 00:00:13 . Memory (MB): peak = 2978.098 ; gain = 64.031 ; free physical = 3642 ; free virtual = 103837
---------------------------------------------------------------------------------
---------------------------------------------------------------------------------
Finished RTL Optimization Phase 2 : Time (s): cpu = 00:00:12 ; elapsed = 00:00:13 . Memory (MB): peak = 2978.098 ; gain = 64.031 ; free physical = 3642 ; free virtual = 103837
---------------------------------------------------------------------------------
---------------------------------------------------------------------------------
Start RTL Component Statistics 
---------------------------------------------------------------------------------
Detailed RTL Component Info : 
---------------------------------------------------------------------------------
Finished RTL Component Statistics 
---------------------------------------------------------------------------------
---------------------------------------------------------------------------------
Start Part Resource Summary
---------------------------------------------------------------------------------
Part Resources:
DSPs: 840 (col length:140)
BRAMs: 890 (col length: RAMB18 140 RAMB36 70)
---------------------------------------------------------------------------------
Finished Part Resource Summary
---------------------------------------------------------------------------------
---------------------------------------------------------------------------------
Start Cross Boundary and Area Optimization
---------------------------------------------------------------------------------
WARNING: [Synth 8-7080] Parallel synthesis criteria is not met
---------------------------------------------------------------------------------
Finished Cross Boundary and Area Optimization : Time (s): cpu = 00:00:14 ; elapsed = 00:00:14 . Memory (MB): peak = 2978.098 ; gain = 64.031 ; free physical = 3629 ; free virtual = 103828
---------------------------------------------------------------------------------
---------------------------------------------------------------------------------
Start Applying XDC Timing Constraints
---------------------------------------------------------------------------------
---------------------------------------------------------------------------------
Finished Applying XDC Timing Constraints : Time (s): cpu = 00:00:18 ; elapsed = 00:00:19 . Memory (MB): peak = 2978.098 ; gain = 64.031 ; free physical = 3136 ; free virtual = 103337
---------------------------------------------------------------------------------
---------------------------------------------------------------------------------
Start Timing Optimization
---------------------------------------------------------------------------------
---------------------------------------------------------------------------------
Finished Timing Optimization : Time (s): cpu = 00:00:18 ; elapsed = 00:00:19 . Memory (MB): peak = 2978.098 ; gain = 64.031 ; free physical = 3136 ; free virtual = 103337
---------------------------------------------------------------------------------
---------------------------------------------------------------------------------
Start Technology Mapping
---------------------------------------------------------------------------------
---------------------------------------------------------------------------------
Finished Technology Mapping : Time (s): cpu = 00:00:18 ; elapsed = 00:00:19 . Memory (MB): peak = 2978.098 ; gain = 64.031 ; free physical = 3134 ; free virtual = 103336
---------------------------------------------------------------------------------
---------------------------------------------------------------------------------
Start IO Insertion
---------------------------------------------------------------------------------
---------------------------------------------------------------------------------
Start Flattening Before IO Insertion
---------------------------------------------------------------------------------
---------------------------------------------------------------------------------
Finished Flattening Before IO Insertion
---------------------------------------------------------------------------------
---------------------------------------------------------------------------------
Start Final Netlist Cleanup
---------------------------------------------------------------------------------
---------------------------------------------------------------------------------
Finished Final Netlist Cleanup
---------------------------------------------------------------------------------
---------------------------------------------------------------------------------
Finished IO Insertion : Time (s): cpu = 00:00:23 ; elapsed = 00:00:24 . Memory (MB): peak = 2978.098 ; gain = 64.031 ; free physical = 3342 ; free virtual = 103544
---------------------------------------------------------------------------------
---------------------------------------------------------------------------------
Start Renaming Generated Instances
---------------------------------------------------------------------------------
---------------------------------------------------------------------------------
Finished Renaming Generated Instances : Time (s): cpu = 00:00:23 ; elapsed = 00:00:24 . Memory (MB): peak = 2978.098 ; gain = 64.031 ; free physical = 3344 ; free virtual = 103546
---------------------------------------------------------------------------------
---------------------------------------------------------------------------------
Start Rebuilding User Hierarchy
---------------------------------------------------------------------------------
---------------------------------------------------------------------------------
Finished Rebuilding User Hierarchy : Time (s): cpu = 00:00:23 ; elapsed = 00:00:24 . Memory (MB): peak = 2978.098 ; gain = 64.031 ; free physical = 3345 ; free virtual = 103547
---------------------------------------------------------------------------------
---------------------------------------------------------------------------------
Start Renaming Generated Ports
---------------------------------------------------------------------------------
---------------------------------------------------------------------------------
Finished Renaming Generated Ports : Time (s): cpu = 00:00:23 ; elapsed = 00:00:24 . Memory (MB): peak = 2978.098 ; gain = 64.031 ; free physical = 3345 ; free virtual = 103547
---------------------------------------------------------------------------------
---------------------------------------------------------------------------------
Start Handling Custom Attributes
---------------------------------------------------------------------------------
---------------------------------------------------------------------------------
Finished Handling Custom Attributes : Time (s): cpu = 00:00:23 ; elapsed = 00:00:24 . Memory (MB): peak = 2978.098 ; gain = 64.031 ; free physical = 3347 ; free virtual = 103549
---------------------------------------------------------------------------------
---------------------------------------------------------------------------------
Start Renaming Generated Nets
---------------------------------------------------------------------------------
---------------------------------------------------------------------------------
Finished Renaming Generated Nets : Time (s): cpu = 00:00:23 ; elapsed = 00:00:24 . Memory (MB): peak = 2978.098 ; gain = 64.031 ; free physical = 3347 ; free virtual = 103549
---------------------------------------------------------------------------------
---------------------------------------------------------------------------------
Start Writing Synthesis Report
---------------------------------------------------------------------------------

Report BlackBoxes: 
+------+----------------+----------+
|      |BlackBox name   |Instances |
+------+----------------+----------+
|1     |bd_0_hls_inst_0 |         1|
+------+----------------+----------+

Report Cell Usage: 
+------+--------------+------+
|      |Cell          |Count |
+------+--------------+------+
|1     |bd_0_hls_inst |     1|
+------+--------------+------+
---------------------------------------------------------------------------------
Finished Writing Synthesis Report : Time (s): cpu = 00:00:23 ; elapsed = 00:00:24 . Memory (MB): peak = 2978.098 ; gain = 64.031 ; free physical = 3347 ; free virtual = 103549
---------------------------------------------------------------------------------
Synthesis finished with 0 errors, 0 critical warnings and 1 warnings.
Synthesis Optimization Runtime : Time (s): cpu = 00:00:21 ; elapsed = 00:00:21 . Memory (MB): peak = 2978.098 ; gain = 0.000 ; free physical = 3398 ; free virtual = 103599
Synthesis Optimization Complete : Time (s): cpu = 00:00:23 ; elapsed = 00:00:24 . Memory (MB): peak = 2978.098 ; gain = 64.031 ; free physical = 3398 ; free virtual = 103599
INFO: [Project 1-571] Translating synthesized netlist
Netlist sorting complete. Time (s): cpu = 00:00:00 ; elapsed = 00:00:00 . Memory (MB): peak = 2978.098 ; gain = 0.000 ; free physical = 3391 ; free virtual = 103592
INFO: [Project 1-570] Preparing netlist for logic optimization
INFO: [Opt 31-138] Pushed 0 inverter(s) to 0 load pin(s).
Netlist sorting complete. Time (s): cpu = 00:00:00 ; elapsed = 00:00:00 . Memory (MB): peak = 2978.098 ; gain = 0.000 ; free physical = 3436 ; free virtual = 103637
INFO: [Project 1-111] Unisim Transformation Summary:
No Unisim elements were transformed.

Synth Design complete, checksum: bfaf322b
INFO: [Common 17-83] Releasing license: Synthesis
21 Infos, 2 Warnings, 0 Critical Warnings and 0 Errors encountered.
synth_design completed successfully
synth_design: Time (s): cpu = 00:00:32 ; elapsed = 00:00:29 . Memory (MB): peak = 2978.098 ; gain = 72.035 ; free physical = 3638 ; free virtual = 103840
INFO: [Common 17-1381] The checkpoint '/data/home/songqiangxu/project/CNN/instances_tp8_syn_kv260/proj_LOG/work/solution/impl/verilog/project.runs/synth_1/bd_0_wrapper.dcp' has been generated.
INFO: [runtcl-4] Executing : report_utilization -file bd_0_wrapper_utilization_synth.rpt -pb bd_0_wrapper_utilization_synth.pb
INFO: [Common 17-206] Exiting Vivado at Mon May  4 18:20:21 2026...
[Mon May  4 18:20:24 2026] synth_1 finished
wait_on_runs: Time (s): cpu = 00:01:34 ; elapsed = 00:01:32 . Memory (MB): peak = 3041.727 ; gain = 0.000 ; free physical = 4852 ; free virtual = 105049
TIMESTAMP: HLS-REPORT: synthesis open_run: 2026-05-04 18:20:24 CST
INFO: HLS-REPORT: Opening synthesis design database: open_run synth_1
Design is defaulting to impl run constrset: constrs_1
Design is defaulting to synth run part: xc7k325tffg900-2
INFO: [Device 21-403] Loading part xc7k325tffg900-2
INFO: [Project 1-454] Reading design checkpoint '/data/home/songqiangxu/project/CNN/instances_tp8_syn_kv260/proj_LOG/work/solution/impl/verilog/project.gen/sources_1/bd/bd_0/ip/bd_0_hls_inst_0/bd_0_hls_inst_0.dcp' for cell 'bd_0_i/hls_inst'
Netlist sorting complete. Time (s): cpu = 00:00:00.01 ; elapsed = 00:00:00.01 . Memory (MB): peak = 3041.727 ; gain = 0.000 ; free physical = 4683 ; free virtual = 104880
INFO: [Netlist 29-17] Analyzing 57 Unisim elements for replacement
INFO: [Netlist 29-28] Unisim Transformation completed in 0 CPU seconds
INFO: [Project 1-479] Netlist was created with Vivado 2022.1
INFO: [Project 1-570] Preparing netlist for logic optimization
Parsing XDC File [/data/home/songqiangxu/project/CNN/instances_tp8_syn_kv260/proj_LOG/work/solution/impl/verilog/top.xdc]
Finished Parsing XDC File [/data/home/songqiangxu/project/CNN/instances_tp8_syn_kv260/proj_LOG/work/solution/impl/verilog/top.xdc]
INFO: [Opt 31-138] Pushed 0 inverter(s) to 0 load pin(s).
Netlist sorting complete. Time (s): cpu = 00:00:00 ; elapsed = 00:00:00 . Memory (MB): peak = 3041.727 ; gain = 0.000 ; free physical = 4579 ; free virtual = 104776
INFO: [Project 1-111] Unisim Transformation Summary:
No Unisim elements were transformed.

open_run: Time (s): cpu = 00:00:05 ; elapsed = 00:00:05 . Memory (MB): peak = 3041.727 ; gain = 0.000 ; free physical = 4579 ; free virtual = 104776
TIMESTAMP: HLS-REPORT: synthesis generate_reports_vivado: 2026-05-04 18:20:29 CST
INFO: HLS-REPORT: Running report: report_utilization -file ./report/top_utilization_synth.rpt
INFO: HLS-REPORT: Running report: report_utilization -hierarchical -hierarchical_depth 6 -file ./report/top_utilization_hierarchical_synth.rpt
INFO: HLS-REPORT: Running report: report_timing_summary -file ./report/top_timing_synth.rpt
INFO: [Timing 38-35] Done setting XDC timing constraints.
INFO: [Timing 38-91] UpdateTimingParams: Speed grade: -2, Delay Type: min_max.
INFO: [Timing 38-191] Multithreading enabled for timing update using a maximum of 8 CPUs
WARNING: [Timing 38-242] The property HD.CLK_SRC of clock port "ap_clk" is not set. In out-of-context mode, this prevents timing estimation for clock delay/skew
Resolution: Set the HD.CLK_SRC property of the out-of-context port to the location of the clock buffer instance in the top-level design
report_timing_summary: Time (s): cpu = 00:00:09 ; elapsed = 00:00:09 . Memory (MB): peak = 3196.590 ; gain = 154.863 ; free physical = 4169 ; free virtual = 104366
INFO: HLS-REPORT: Running report: report_timing -max_paths 10 -file ./report/top_timing_paths_synth.rpt
INFO: [Timing 38-91] UpdateTimingParams: Speed grade: -2, Delay Type: max.
INFO: [Timing 38-191] Multithreading enabled for timing update using a maximum of 8 CPUs
INFO: [Timing 38-78] ReportTimingParams: -max_paths 10 -nworst 1 -delay_type max -sort_by slack.
INFO: HLS-REPORT: Running report: report_design_analysis -file ./report/top_design_analysis_synth.rpt
INFO: [Implflow 30-839]  
INFO: HLS-REPORT: Running report: ::tclapp::xilinx::designutils::report_failfast -detailed_report synth -file ./report/top_failfast_synth.rpt
 -I- design metrics completed in 1 seconds
 -I- DONT_TOUCH metric completed in 0 seconds
 -I- MARK_DEBUG metric completed in 0 seconds
 -I- utilization metrics completed in 0 seconds
 -I- control set metrics completed in 1 seconds
 -I- methodology check metrics completed in 0 seconds
 -I- average fanout metrics completed in 0 seconds (0 modules)
 -I- non-FD high fanout nets completed in 0 seconds
 -I- path budgeting metrics completed in 0 seconds
#  +-----------------------------------------------------------------------------------------+
#  | Design Summary                                                                          |
#  | design_1                                                                                |
#  | xc7k325tffg900-2                                                                        |
#  +-----------------------------------------------------------+-----------+--------+--------+
#  | Criteria                                                  | Guideline | Actual | Status |
#  +-----------------------------------------------------------+-----------+--------+--------+
#  | LUT                                                       | 70%       | 0.29%  | OK     |
#  | FD                                                        | 50%       | 0.27%  | OK     |
#  | LUTRAM+SRL                                                | 25%       | 0.00%  | OK     |
#  | MUXF7                                                     | 15%       | 0.06%  | OK     |
#  | DSP                                                       | 80%       | 0.00%  | OK     |
#  | RAMB/FIFO                                                 | 80%       | 0.00%  | OK     |
#  | DSP+RAMB+URAM (Avg)                                       | 70%       | 0.00%  | OK     |
#  | BUFGCE* + BUFGCTRL                                        | 24        | 0      | OK     |
#  | DONT_TOUCH (cells/nets)                                   | 0         | 0      | OK     |
#  | MARK_DEBUG (nets)                                         | 0         | 0      | OK     |
#  | Control Sets                                              | 3821      | 28     | OK     |
#  | Average Fanout for modules > 100k cells                   | 4         | 0      | OK     |
#  | Non-FD high fanout nets > 10k loads                       | 0         | 0      | OK     |
#  +-----------------------------------------------------------+-----------+--------+--------+
#  | TIMING-6 (No common primary clock between related clocks) | 0         | 0      | OK     |
#  | TIMING-7 (No common node between related clocks)          | 0         | 0      | OK     |
#  | TIMING-8 (No common period between related clocks)        | 0         | 0      | OK     |
#  | TIMING-14 (LUT on the clock tree)                         | 0         | 0      | OK     |
#  | TIMING-35 (No common node in paths with the same clock)   | 0         | 0      | OK     |
#  +-----------------------------------------------------------+-----------+--------+--------+
#  | Number of paths above max LUT budgeting (0.500ns)         | 0         | 0      | OK     |
#  | Number of paths above max Net budgeting (0.350ns)         | 0         | 0      | OK     |
#  +-----------------------------------------------------------+-----------+--------+--------+
 -I- Generated file /data/home/songqiangxu/project/CNN/instances_tp8_syn_kv260/proj_LOG/work/solution/impl/verilog/report/top_failfast_synth.rpt
 -I- Number of criteria to review: 0
 -I- This report should be run before placing the design and uses conservative guidelines beyond which runtime and timing closure will likely be more challenging
 -I- report_failfast completed in 2 seconds
TIMESTAMP: HLS-REPORT: synthesis gen_data_dict_vivado: 2026-05-04 18:20:41 CST
TIMESTAMP: HLS-REPORT: synth extract_util_hier: 2026-05-04 18:20:41 CST
TIMESTAMP: HLS-REPORT: synth get_cell_hier_data: 2026-05-04 18:20:41 CST
TIMESTAMP: HLS-REPORT: synth get_timing_paths: 2026-05-04 18:20:41 CST
TIMESTAMP: HLS-REPORT: synth process timing paths: 2026-05-04 18:20:41 CST
TIMESTAMP: HLS-REPORT: synth get_all_vv_rpt_files: 2026-05-04 18:20:41 CST
TIMESTAMP: HLS-REPORT: synthesis write_reports_vivado: 2026-05-04 18:20:41 CST
HLS EXTRACTION: synth area_totals:  0 203800 407600 840 890 0 0
HLS EXTRACTION: synth area_current: 0 582 1096 0 0 0 0 0 0 0
HLS EXTRACTION: synth resources_dict: AVAIL_LUT 203800 LUT 582 AVAIL_FF 407600 FF 1096 AVAIL_DSP 840 DSP 0 AVAIL_BRAM 890 BRAM 0 AVAIL_URAM 0 URAM 0 LATCH 0 SRL 0 AVAIL_CLB 0 CLB 0
INFO: HLS-REPORT: generated /data/home/songqiangxu/project/CNN/instances_tp8_syn_kv260/proj_LOG/work/solution/impl/verilog/report/vivado_syn.xml
INFO: HLS-REPORT: generated /data/home/songqiangxu/project/CNN/instances_tp8_syn_kv260/proj_LOG/work/solution/impl/report/verilog/top_export.rpt


Implementation tool: Xilinx Vivado v.2022.1
Project:             work
Solution:            solution
Device target:       xc7k325t-ffg900-2
Report date:         Mon May 04 18:20:41 CST 2026

#=== Post-Synthesis Resource usage ===
SLICE:            0
LUT:            582
FF:            1096
DSP:              0
BRAM:             0
URAM:             0
LATCH:            0
SRL:              0
CLB:              0

#=== Final timing ===
CP required:                     2.500
CP achieved post-synthesis:      2.704
Timing not met

TIMESTAMP: HLS-REPORT: synthesis end: 2026-05-04 18:20:41 CST
# if { $has_impl } {
#   # launch run impl
#   if { [llength $impl_props] } {
#     set_property -dict $impl_props [get_runs impl_1]
#   }
#   launch_runs impl_1
#   wait_on_run impl_1
#   # impl reports
#   hls_vivado_reports_impl impl_1 $report_options
# }
# hls_vivado_reports_finalize $report_options
TIMESTAMP: HLS-REPORT: all reports complete: 2026-05-04 18:20:41 CST
INFO: [Common 17-206] Exiting Vivado at Mon May  4 18:20:41 2026...
INFO: [HLS 200-802] Generated output file export_ip/LOG.zip
INFO: [HLS 200-111] Finished Command export_design CPU user time: 145.8 seconds. CPU system time: 17.02 seconds. Elapsed time: 148.38 seconds; current allocated memory: 8.086 MB.
INFO: [HLS 200-112] Total CPU user time: 160.6 seconds. Total CPU system time: 19.81 seconds. Total elapsed time: 163.46 seconds; peak allocated memory: 1.459 GB.
INFO: [Common 17-206] Exiting vitis_hls at Mon May  4 18:20:45 2026...
